Component: ARM Compiler 5.06 update 7 (build 960) Tool: armlink [4d3601]

==============================================================================

Section Cross References

    startup_stm32f072xb.o(RESET) refers to startup_stm32f072xb.o(STACK) for __initial_sp
    startup_stm32f072xb.o(RESET) refers to startup_stm32f072xb.o(.text) for Reset_Handler
    startup_stm32f072xb.o(RESET) refers to stm32f0xx_mc_it.o(i.HardFault_Handler) for HardFault_Handler
    startup_stm32f072xb.o(RESET) refers to stm32f0xx_mc_it.o(i.SysTick_Handler) for SysTick_Handler
    startup_stm32f072xb.o(RESET) refers to stm32f0xx_it.o(i.EXTI4_15_IRQHandler) for EXTI4_15_IRQHandler
    startup_stm32f072xb.o(RESET) refers to stm32f0xx_mc_it.o(i.DMA1_Channel1_IRQHandler) for DMA1_Channel1_IRQHandler
    startup_stm32f072xb.o(RESET) refers to stm32f0xx_mc_it.o(i.DMA1_Channel2_3_IRQHandler) for DMA1_Channel2_3_IRQHandler
    startup_stm32f072xb.o(RESET) refers to stm32f0xx_mc_it.o(i.DMA1_Channel4_5_6_7_IRQHandler) for DMA1_Channel4_5_6_7_IRQHandler
    startup_stm32f072xb.o(RESET) refers to stm32f0xx_mc_it.o(i.TIM1_BRK_UP_TRG_COM_IRQHandler) for TIM1_BRK_UP_TRG_COM_IRQHandler
    startup_stm32f072xb.o(RESET) refers to stm32f0xx_mc_it.o(i.TIM2_IRQHandler) for TIM2_IRQHandler
    startup_stm32f072xb.o(RESET) refers to stm32f0xx_mc_it.o(i.USART1_IRQHandler) for USART1_IRQHandler
    startup_stm32f072xb.o(.text) refers to system_stm32f0xx.o(i.SystemInit) for SystemInit
    startup_stm32f072xb.o(.text) refers to entry.o(.ARM.Collect$$$$00000000) for __main
    main.o(i.MX_TIM1_Init) refers to stm32f0xx_ll_tim.o(i.LL_TIM_Init) for LL_TIM_Init
    main.o(i.MX_TIM1_Init) refers to stm32f0xx_ll_tim.o(i.LL_TIM_OC_Init) for LL_TIM_OC_Init
    main.o(i.MX_TIM1_Init) refers to stm32f0xx_ll_tim.o(i.LL_TIM_BDTR_Init) for LL_TIM_BDTR_Init
    main.o(i.MX_TIM1_Init) refers to stm32f0xx_ll_gpio.o(i.LL_GPIO_Init) for LL_GPIO_Init
    main.o(i.MX_TIM1_Init) refers to main.o(.constdata) for .constdata
    main.o(i.MX_TIM2_Init) refers to stm32f0xx_ll_gpio.o(i.LL_GPIO_Init) for LL_GPIO_Init
    main.o(i.MX_TIM2_Init) refers to stm32f0xx_ll_tim.o(i.LL_TIM_Init) for LL_TIM_Init
    main.o(i.MX_TIM2_Init) refers to main.o(.constdata) for .constdata
    main.o(i.SystemClock_Config) refers to stm32f0xx_ll_utils.o(i.LL_SetSystemCoreClock) for LL_SetSystemCoreClock
    main.o(i.SystemClock_Config) refers to stm32f0xx_hal.o(i.HAL_InitTick) for HAL_InitTick
    main.o(i.main) refers to stm32f0xx_hal.o(i.HAL_Init) for HAL_Init
    main.o(i.main) refers to main.o(i.SystemClock_Config) for SystemClock_Config
    main.o(i.main) refers to stm32f0xx_ll_gpio.o(i.LL_GPIO_Init) for LL_GPIO_Init
    main.o(i.main) refers to stm32f0xx_ll_adc.o(i.LL_ADC_Init) for LL_ADC_Init
    main.o(i.main) refers to stm32f0xx_ll_adc.o(i.LL_ADC_REG_Init) for LL_ADC_REG_Init
    main.o(i.main) refers to main.o(i.MX_TIM1_Init) for MX_TIM1_Init
    main.o(i.main) refers to main.o(i.MX_TIM2_Init) for MX_TIM2_Init
    main.o(i.main) refers to stm32f0xx_ll_usart.o(i.LL_USART_Init) for LL_USART_Init
    main.o(i.main) refers to motorcontrol.o(i.MX_MotorControl_Init) for MX_MotorControl_Init
    main.o(i.main) refers to main.o(i.__NVIC_SetPriority) for __NVIC_SetPriority
    main.o(i.main) refers to stm32f0xx_ll_exti.o(i.LL_EXTI_Init) for LL_EXTI_Init
    main.o(i.main) refers to hmi_task.o(i.HMI_Init) for HMI_Init
    main.o(i.main) refers to hmi_task.o(i.HMI_Scheduler) for HMI_Scheduler
    main.o(i.main) refers to stm32f0xx_hal.o(i.HAL_Delay) for HAL_Delay
    main.o(i.main) refers to main.o(.constdata) for .constdata
    main.o(i.main) refers to hmi_task.o(.data) for hmi_handle
    motorcontrol.o(i.MX_MotorControl_Init) refers to stm32f0xx_hal_rcc.o(i.HAL_RCC_GetHCLKFreq) for HAL_RCC_GetHCLKFreq
    motorcontrol.o(i.MX_MotorControl_Init) refers to uidiv.o(.text) for __aeabi_uidivmod
    motorcontrol.o(i.MX_MotorControl_Init) refers to stm32f0xx_hal_cortex.o(i.HAL_SYSTICK_Config) for HAL_SYSTICK_Config
    motorcontrol.o(i.MX_MotorControl_Init) refers to mc_tasks.o(i.MCboot) for MCboot
    motorcontrol.o(i.MX_MotorControl_Init) refers to mc_tasks.o(i.mc_lock_pins) for mc_lock_pins
    motorcontrol.o(i.MX_MotorControl_Init) refers to motorcontrol.o(.data) for .data
    mc_api.o(i.MC_AcknowledgeFaultMotor1) refers to mc_interface.o(i.MCI_FaultAcknowledged) for MCI_FaultAcknowledged
    mc_api.o(i.MC_AcknowledgeFaultMotor1) refers to motorcontrol.o(.data) for pMCI
    mc_api.o(i.MC_AlignEncoderMotor1) refers to mc_interface.o(i.MCI_EncoderAlign) for MCI_EncoderAlign
    mc_api.o(i.MC_AlignEncoderMotor1) refers to motorcontrol.o(.data) for pMCI
    mc_api.o(i.MC_Clear_IqdrefMotor1) refers to mc_interface.o(i.MCI_Clear_Iqdref) for MCI_Clear_Iqdref
    mc_api.o(i.MC_Clear_IqdrefMotor1) refers to motorcontrol.o(.data) for pMCI
    mc_api.o(i.MC_GetCommandStateMotor1) refers to mc_interface.o(i.MCI_IsCommandAcknowledged) for MCI_IsCommandAcknowledged
[...]
    i.STC_CalcTorqueReference                0x08004280   Section        0  speed_torq_ctrl.o(i.STC_CalcTorqueReference)
    i.STC_Clear                              0x080042da   Section        0  speed_torq_ctrl.o(i.STC_Clear)
    i.STC_ExecRamp                           0x080042ee   Section        0  speed_torq_ctrl.o(i.STC_ExecRamp)
    i.STC_ForceSpeedReferenceToCurrentSpeed  0x0800438c   Section        0  speed_torq_ctrl.o(i.STC_ForceSpeedReferenceToCurrentSpeed)
    i.STC_GetDefaultIqdref                   0x0800439c   Section        0  speed_torq_ctrl.o(i.STC_GetDefaultIqdref)
    i.STC_GetMecSpeedRefUnit                 0x080043aa   Section        0  speed_torq_ctrl.o(i.STC_GetMecSpeedRefUnit)
    i.STC_GetMecSpeedRefUnitDefault          0x080043b6   Section        0  speed_torq_ctrl.o(i.STC_GetMecSpeedRefUnitDefault)
    i.STC_GetSpeedSensor                     0x080043be   Section        0  speed_torq_ctrl.o(i.STC_GetSpeedSensor)
    i.STC_GetTorqueRef                       0x080043c2   Section        0  speed_torq_ctrl.o(i.STC_GetTorqueRef)
    i.STC_Init                               0x080043ce   Section        0  speed_torq_ctrl.o(i.STC_Init)
    i.STC_SetControlMode                     0x080043ee   Section        0  speed_torq_ctrl.o(i.STC_SetControlMode)
    i.STC_SetSpeedSensor                     0x080043f6   Section        0  speed_torq_ctrl.o(i.STC_SetSpeedSensor)
    i.STC_StopRamp                           0x080043fa   Section        0  speed_torq_ctrl.o(i.STC_StopRamp)
    i.STM_FaultAcknowledged                  0x08004402   Section        0  state_machine.o(i.STM_FaultAcknowledged)
    i.STM_FaultProcessing                    0x08004418   Section        0  state_machine.o(i.STM_FaultProcessing)
    i.STM_GetFaultState                      0x0800444a   Section        0  state_machine.o(i.STM_GetFaultState)
    i.STM_GetState                           0x08004454   Section        0  state_machine.o(i.STM_GetState)
    i.STM_Init                               0x08004458   Section        0  state_machine.o(i.STM_Init)
    i.STM_NextState                          0x08004462   Section        0  state_machine.o(i.STM_NextState)
    i.SysTick_Handler                        0x08004574   Section        0  stm32f0xx_mc_it.o(i.SysTick_Handler)
    i.SystemClock_Config                     0x0800459c   Section        0  main.o(i.SystemClock_Config)
    i.SystemInit                             0x08004670   Section        0  system_stm32f0xx.o(i.SystemInit)
    i.TIM1_BRK_UP_TRG_COM_IRQHandler         0x08004674   Section        0  stm32f0xx_mc_it.o(i.TIM1_BRK_UP_TRG_COM_IRQHandler)
    i.TIM2_IRQHandler                        0x080046c0   Section        0  stm32f0xx_mc_it.o(i.TIM2_IRQHandler)
    i.TSK_ChargeBootCapDelayHasElapsedM1     0x080046ec   Section        0  mc_tasks.o(i.TSK_ChargeBootCapDelayHasElapsedM1)
    i.TSK_HardwareFaultTask                  0x08004700   Section        0  mc_tasks.o(i.TSK_HardwareFaultTask)
    i.TSK_HighFrequencyTask                  0x08004720   Section        0  mc_tasks.o(i.TSK_HighFrequencyTask)
    i.TSK_MediumFrequencyTaskM1              0x08004814   Section        0  mc_tasks.o(i.TSK_MediumFrequencyTaskM1)
    i.TSK_SafetyTask                         0x08004a70   Section        0  mc_tasks.o(i.TSK_SafetyTask)
    i.TSK_SafetyTask_PWMOFF                  0x08004a8c   Section        0  mc_tasks.o(i.TSK_SafetyTask_PWMOFF)
    i.TSK_SetChargeBootCapDelayM1            0x08004b38   Section        0  mc_tasks.o(i.TSK_SetChargeBootCapDelayM1)
    i.TSK_SetStopPermanencyTimeM1            0x08004b44   Section        0  mc_tasks.o(i.TSK_SetStopPermanencyTimeM1)
    i.TSK_StopPermanencyTimeHasElapsedM1     0x08004b50   Section        0  mc_tasks.o(i.TSK_StopPermanencyTimeHasElapsedM1)
    i.UASPEP_IDLE_ENABLE                     0x08004b64   Section        0  usart_aspep_driver.o(i.UASPEP_IDLE_ENABLE)
    i.UASPEP_INIT                            0x08004b74   Section        0  usart_aspep_driver.o(i.UASPEP_INIT)
    i.UASPEP_RECEIVE_BUFFER                  0x08004be8   Section        0  usart_aspep_driver.o(i.UASPEP_RECEIVE_BUFFER)
    i.UASPEP_SEND_PACKET                     0x08004c3c   Section        0  usart_aspep_driver.o(i.UASPEP_SEND_PACKET)
    i.USART1_IRQHandler                      0x08004c90   Section        0  stm32f0xx_mc_it.o(i.USART1_IRQHandler)
    i.VBS_GetAvBusVoltage_V                  0x08004d08   Section        0  bus_voltage_sensor.o(i.VBS_GetAvBusVoltage_V)
    i.VSS_Clear                              0x08004d12   Section        0  virtual_speed_sensor.o(i.VSS_Clear)
    i.VSS_Init                               0x08004d58   Section        0  virtual_speed_sensor.o(i.VSS_Init)
    i.VSS_SetMecAcceleration                 0x08004d6a   Section        0  virtual_speed_sensor.o(i.VSS_SetMecAcceleration)
    i.VSS_SetMecAngle                        0x08004dea   Section        0  virtual_speed_sensor.o(i.VSS_SetMecAngle)
    i.__NVIC_SetPriority                     0x08004e00   Section        0  main.o(i.__NVIC_SetPriority)
    __NVIC_SetPriority                       0x08004e01   Thumb Code    60  main.o(i.__NVIC_SetPriority)
    i.__scatterload_copy                     0x08004e44   Section       14  handlers.o(i.__scatterload_copy)
    i.__scatterload_null                     0x08004e52   Section        2  handlers.o(i.__scatterload_null)
    i.__scatterload_zeroinit                 0x08004e54   Section       14  handlers.o(i.__scatterload_zeroinit)
    i.main                                   0x08004e64   Section        0  main.o(i.main)
    i.mc_lock_pins                           0x08005290   Section        0  mc_tasks.o(i.mc_lock_pins)
    i.waitForPolarizationEnd                 0x08005340   Section        0  pwm_common.o(i.waitForPolarizationEnd)
    .constdata                               0x08005380   Section       35  main.o(.constdata)
    CHANNEL_OFFSET_TAB                       0x08005380   Data           7  main.o(.constdata)
    OFFSET_TAB_CCMRx                         0x08005387   Data           7  main.o(.constdata)
    SHIFT_TAB_OCxx                           0x0800538e   Data           7  main.o(.constdata)
    SHIFT_TAB_ICxx                           0x08005395   Data           7  main.o(.constdata)
    SHIFT_TAB_CCxP                           0x0800539c   Data           7  main.o(.constdata)
    .constdata                               0x080053a4   Section        2  mc_tasks.o(.constdata)
    .constdata                               0x080053a6   Section      512  mc_math.o(.constdata)
    .constdata                               0x080055a6   Section        7  stm32f0xx_mc_it.o(.constdata)
    CHANNEL_OFFSET_TAB                       0x080055a6   Data           7  stm32f0xx_mc_it.o(.constdata)
    .constdata                               0x080055b0   Section      124  mc_parameters.o(.constdata)
    .constdata                               0x0800562c   Section        7  usart_aspep_driver.o(.constdata)
    CHANNEL_OFFSET_TAB                       0x0800562c   Data           7  usart_aspep_driver.o(.constdata)
    .constdata                               0x08005633   Section       16  mc_configuration_registers.o(.constdata)
    .constdata                               0x08005643   Section       17  mc_configuration_registers.o(.constdata)
    .constdata                               0x08005654   Section       24  mc_configuration_registers.o(.constdata)
    .constdata                               0x0800566c   Section       10  mc_configuration_registers.o(.constdata)
    .constdata                               0x08005676   Section       14  mc_configuration_registers.o(.constdata)
    .constdata                               0x08005684   Section       60  mc_configuration_registers.o(.constdata)
    .constdata                               0x080056c0   Section       12  mc_configuration_registers.o(.constdata)
    .constdata                               0x080056cc   Section      272  aspep.o(.constdata)
    .constdata                               0x080057dc   Section     5258  uc1705.o(.constdata)
    .constdata                               0x08006c66   Section       16  system_stm32f0xx.o(.constdata)
    .constdata                               0x08006c76   Section        8  system_stm32f0xx.o(.constdata)
    .constdata                               0x08006c7e   Section     2050  circle_limitation.o(.constdata)
    .constdata                               0x08007480   Section       14  encoder_speed_pos_fdbk.o(.constdata)
    OFFSET_TAB_CCMRx                         0x08007480   Data           7  encoder_speed_pos_fdbk.o(.constdata)
    SHIFT_TAB_ICxx                           0x08007487   Data           7  encoder_speed_pos_fdbk.o(.constdata)
    .constdata                               0x0800748e   Section       21  r3_f0xx_pwm_curr_fdbk.o(.constdata)
    OFFSET_TAB_CCMRx                         0x0800748e   Data           7  r3_f0xx_pwm_curr_fdbk.o(.constdata)
    SHIFT_TAB_OCxx                           0x08007495   Data           7  r3_f0xx_pwm_curr_fdbk.o(.constdata)
    CHANNEL_OFFSET_TAB                       0x0800749c   Data           7  r3_f0xx_pwm_curr_fdbk.o(.constdata)
    .data                                    0x20000000   Section        4  motorcontrol.o(.data)
    .data                                    0x20000004   Section      276  mc_config.o(.data)
    .data                                    0x20000118   Section       44  mc_config.o(.data)
    .data                                    0x20000144   Section       44  mc_config.o(.data)
    .data                                    0x20000170   Section       44  mc_config.o(.data)
    .data                                    0x2000019c   Section       52  mc_config.o(.data)
    .data                                    0x200001d0   Section      208  mc_config.o(.data)
    .data                                    0x200002a0   Section      120  mc_config.o(.data)
    .data                                    0x20000318   Section      124  mc_config.o(.data)
    .data                                    0x20000394   Section       28  mc_config.o(.data)
    .data                                    0x200003b0   Section       40  mc_config.o(.data)
    .data                                    0x200003d8   Section       40  mc_config.o(.data)
    .data                                    0x20000400   Section       88  mc_config.o(.data)
    .data                                    0x20000458   Section      180  mc_config.o(.data)
    .data                                    0x2000050c   Section        4  mc_config.o(.data)
    .data                                    0x20000510   Section        4  mc_config.o(.data)
    .data                                    0x20000514   Section        4  mc_config.o(.data)
    .data                                    0x20000518   Section        4  mc_config.o(.data)
    .data                                    0x2000051c   Section        4  mc_config.o(.data)
    .data                                    0x20000520   Section        6  mc_config.o(.data)
    .data                                    0x20000528   Section       20  mcp_config.o(.data)
    .data                                    0x2000053c   Section       84  mcp_config.o(.data)
    .data                                    0x20000590   Section       16  mcp_config.o(.data)
    .data                                    0x200005a0   Section        8  mcp_config.o(.data)
    .data                                    0x200005a8   Section       24  mc_tasks.o(.data)
    hMFTaskCounterM1                         0x200005aa   Data           2  mc_tasks.o(.data)
    hBootCapDelayCounterM1                   0x200005ac   Data           2  mc_tasks.o(.data)
    hStopPermanencyCounterM1                 0x200005ae   Data           2  mc_tasks.o(.data)
    .data                                    0x200005c0   Section        6  regular_conversion_manager.o(.data)
    .data                                    0x200005c6   Section        1  stm32f0xx_mc_it.o(.data)
    SystickDividerCounter                    0x200005c6   Data           1  stm32f0xx_mc_it.o(.data)
    .data                                    0x200005c8   Section       16  register_interface.o(.data)
    nullData16                               0x200005c8   Data           2  register_interface.o(.data)
    .data                                    0x200005d8   Section        4  mc_configuration_registers.o(.data)
    .data                                    0x200005dc   Section        4  mc_configuration_registers.o(.data)
    .data                                    0x200005e0   Section        4  mc_configuration_registers.o(.data)
    .data                                    0x200005e4   Section        4  mc_configuration_registers.o(.data)
    .data                                    0x200005e8   Section        1  stm32f0xx_it.o(.data)
    .data                                    0x200005ec   Section       20  hmi_task.o(.data)
    .data                                    0x20000600   Section       12  stm32f0xx_hal.o(.data)
    .data                                    0x2000060c   Section        4  system_stm32f0xx.o(.data)
    .bss                                     0x20000610   Section       20  mc_config.o(.bss)
    .bss                                     0x20000624   Section       28  mc_config.o(.bss)
    .bss                                     0x20000640   Section      134  mcp_config.o(.bss)
    .bss                                     0x200006c6   Section      130  mcp_config.o(.bss)
    .bss                                     0x20000748   Section       38  mc_tasks.o(.bss)
    .bss                                     0x20000770   Section       72  regular_conversion_manager.o(.bss)
    .bss                                     0x200007b8   Section     1024  uc1705.o(.bss)
    LCD_Gram                                 0x200007b8   Data        1024  uc1705.o(.bss)
    STACK                                    0x20000bb8   Section     1024  startup_stm32f072xb.o(STACK)

    Global Symbols

    Symbol Name                              Value     Ov Type        Size  Object(Section)

    BuildAttributes$$THM_ISAv3M$S$PE$A:L22$X:L11$S22$IEEE1$IW$USESV6$~STKCKD$USESV7$~SHL$OTIME$EBA8$MICROLIB$REQ8$PRES8$EABIv2 0x00000000   Number         0  anon$$obj.o ABSOLUTE
    __ARM_use_no_argv                        0x00000000   Number         0  main.o ABSOLUTE
    __arm_fini_                               - Undefined Weak Reference
    __cpp_initialize__aeabi_                  - Undefined Weak Reference
    __cxa_finalize                            - Undefined Weak Reference
    _clock_init                               - Undefined Weak Reference
    _microlib_exit                            - Undefined Weak Reference
    __Vectors_Size                           0x000000c0   Number         0  startup_stm32f072xb.o ABSOLUTE
    __Vectors                                0x08000000   Data           4  startup_stm32f072xb.o(RESET)
    __Vectors_End                            0x080000c0   Data           0  startup_stm32f072xb.o(RESET)
    __main                                   0x080000c1   Thumb Code     0  entry.o(.ARM.Collect$$$$00000000)
    _main_stk                                0x080000c1   Thumb Code     0  entry2.o(.ARM.Collect$$$$00000001)
    _main_scatterload                        0x080000c5   Thumb Code     0  entry5.o(.ARM.Collect$$$$00000004)
    __main_after_scatterload                 0x080000c9   Thumb Code     0  entry5.o(.ARM.Collect$$$$00000004)
    _main_clock                              0x080000c9   Thumb Code     0  entry7b.o(.ARM.Collect$$$$00000008)
    _main_cpp_init                           0x080000c9   Thumb Code     0  entry8b.o(.ARM.Collect$$$$0000000A)
    _main_init                               0x080000c9   Thumb Code     0  entry9a.o(.ARM.Collect$$$$0000000B)
    __rt_lib_shutdown_fini                   0x080000d1   Thumb Code     0  entry12b.o(.ARM.Collect$$$$0000000E)
    __rt_final_cpp                           0x080000d5   Thumb Code     0  entry10a.o(.ARM.Collect$$$$0000000F)
    __rt_final_exit                          0x080000d5   Thumb Code     0  entry11a.o(.ARM.Collect$$$$00000011)
    Reset_Handler                            0x080000d9   Thumb Code     8  startup_stm32f072xb.o(.text)
    NMI_Handler                              0x080000e1   Thumb Code     2  startup_stm32f072xb.o(.text)
    SVC_Handler                              0x080000e5   Thumb Code     2  startup_stm32f072xb.o(.text)
    PendSV_Handler                           0x080000e7   Thumb Code     2  startup_stm32f072xb.o(.text)
    ADC1_COMP_IRQHandler                     0x080000eb   Thumb Code     0  startup_stm32f072xb.o(.text)
    CEC_CAN_IRQHandler                       0x080000eb   Thumb Code     0  startup_stm32f072xb.o(.text)
    EXTI0_1_IRQHandler                       0x080000eb   Thumb Code     0  startup_stm32f072xb.o(.text)
    EXTI2_3_IRQHandler                       0x080000eb   Thumb Code     0  startup_stm32f072xb.o(.text)
    FLASH_IRQHandler                         0x080000eb   Thumb Code     0  startup_stm32f072xb.o(.text)
    I2C1_IRQHandler                          0x080000eb   Thumb Code     0  startup_stm32f072xb.o(.text)
    I2C2_IRQHandler                          0x080000eb   Thumb Code     0  startup_stm32f072xb.o(.text)
    PVD_VDDIO2_IRQHandler                    0x080000eb   Thumb Code     0  startup_stm32f072xb.o(.text)
    RCC_CRS_IRQHandler                       0x080000eb   Thumb Code     0  startup_stm32f072xb.o(.text)
    RTC_IRQHandler                           0x080000eb   Thumb Code     0  startup_stm32f072xb.o(.text)
    SPI1_IRQHandler                          0x080000eb   Thumb Code     0  startup_stm32f072xb.o(.text)
    SPI2_IRQHandler                          0x080000eb   Thumb Code     0  startup_stm32f072xb.o(.text)
    TIM14_IRQHandler                         0x080000eb   Thumb Code     0  startup_stm32f072xb.o(.text)
    TIM15_IRQHandler                         0x080000eb   Thumb Code     0  startup_stm32f072xb.o(.text)
    TIM16_IRQHandler                         0x080000eb   Thumb Code     0  startup_stm32f072xb.o(.text)
    TIM17_IRQHandler                         0x080000eb   Thumb Code     0  startup_stm32f072xb.o(.text)
    TIM1_CC_IRQHandler                       0x080000eb   Thumb Code     0  startup_stm32f072xb.o(.text)
    TIM3_IRQHandler                          0x080000eb   Thumb Code     0  startup_stm32f072xb.o(.text)
    TIM6_DAC_IRQHandler                      0x080000eb   Thumb Code     0  startup_stm32f072xb.o(.text)
    TIM7_IRQHandler                          0x080000eb   Thumb Code     0  startup_stm32f072xb.o(.text)
    TSC_IRQHandler                           0x080000eb   Thumb Code     0  startup_stm32f072xb.o(.text)
    USART2_IRQHandler                        0x080000eb   Thumb Code     0  startup_stm32f072xb.o(.text)
    USART3_4_IRQHandler                      0x080000eb   Thumb Code     0  startup_stm32f072xb.o(.text)
    USB_IRQHandler                           0x080000eb   Thumb Code     0  startup_stm32f072xb.o(.text)
    WWDG_IRQHandler                          0x080000eb   Thumb Code     0  startup_stm32f072xb.o(.text)
    FD_Init                                  0x080000f5   Thumb Code    28  fast_div.o(.text)
    FD_FastDiv                               0x08000111   Thumb Code   290  fast_div.o(.text)
    __aeabi_uidiv                            0x08000233   Thumb Code     0  uidiv.o(.text)
    __aeabi_uidivmod                         0x08000233   Thumb Code    44  uidiv.o(.text)
    __aeabi_idiv                             0x0800025f   Thumb Code     0  idiv.o(.text)
    __aeabi_idivmod                          0x0800025f   Thumb Code    40  idiv.o(.text)
    __aeabi_memcpy                           0x08000287   Thumb Code    36  memcpya.o(.text)
    __aeabi_memcpy4                          0x08000287   Thumb Code     0  memcpya.o(.text)
    __aeabi_memcpy8                          0x08000287   Thumb Code     0  memcpya.o(.text)
    __scatterload                            0x080002ad   Thumb Code    28  init.o(.text)
    __scatterload_rt2                        0x080002ad   Thumb Code     0  init.o(.text)
    __decompress                             0x080002d1   Thumb Code     0  __dczerorl2.o(.text)
    __decompress1                            0x080002d1   Thumb Code    86  __dczerorl2.o(.text)
    ASPEP_CheckBeacon                        0x08000327   Thumb Code   108  aspep.o(i.ASPEP_CheckBeacon)
    ASPEP_HWDMAReset                         0x08000393   Thumb Code    24  aspep.o(i.ASPEP_HWDMAReset)
    ASPEP_HWDataReceivedIT                   0x080003ad   Thumb Code   132  aspep.o(i.ASPEP_HWDataReceivedIT)
    ASPEP_HWDataTransmittedIT                0x08000435   Thumb Code    80  aspep.o(i.ASPEP_HWDataTransmittedIT)
    ASPEP_RXframeProcess                     0x08000485   Thumb Code   424  aspep.o(i.ASPEP_RXframeProcess)
    ASPEP_TXframeProcess                     0x0800062d   Thumb Code   140  aspep.o(i.ASPEP_TXframeProcess)
    ASPEP_getBuffer                          0x080006c1   Thumb Code    38  aspep.o(i.ASPEP_getBuffer)
    ASPEP_sendPacket                         0x080006e7   Thumb Code    78  aspep.o(i.ASPEP_sendPacket)
    ASPEP_start                              0x08000735   Thumb Code    36  aspep.o(i.ASPEP_start)
    Circle_Limitation                        0x08000759   Thumb Code   100  circle_limitation.o(i.Circle_Limitation)
    DMA1_Channel1_IRQHandler                 0x080007c1   Thumb Code    14  stm32f0xx_mc_it.o(i.DMA1_Channel1_IRQHandler)
    DMA1_Channel2_3_IRQHandler               0x080007d5   Thumb Code    28  stm32f0xx_mc_it.o(i.DMA1_Channel2_3_IRQHandler)
    DMA1_Channel4_5_6_7_IRQHandler           0x080007f9   Thumb Code    18  stm32f0xx_mc_it.o(i.DMA1_Channel4_5_6_7_IRQHandler)
    Delay_US                                 0x08000811   Thumb Code    44  hmi_task.o(i.Delay_US)
    EAC_Exec                                 0x08000841   Thumb Code    52  enc_align_ctrl.o(i.EAC_Exec)
    EAC_GetRestartState                      0x08000875   Thumb Code     4  enc_align_ctrl.o(i.EAC_GetRestartState)
    EAC_Init                                 0x08000879   Thumb Code    14  enc_align_ctrl.o(i.EAC_Init)
    EAC_IsAligned                            0x08000887   Thumb Code     4  enc_align_ctrl.o(i.EAC_IsAligned)
    EAC_SetRestartState                      0x0800088b   Thumb Code     4  enc_align_ctrl.o(i.EAC_SetRestartState)
    EAC_StartAlignment                       0x0800088f   Thumb Code    74  enc_align_ctrl.o(i.EAC_StartAlignment)
    ENC_CalcAngle                            0x080008d9   Thumb Code    44  encoder_speed_pos_fdbk.o(i.ENC_CalcAngle)
    ENC_CalcAvrgMecSpeedUnit                 0x08000905   Thumb Code   268  encoder_speed_pos_fdbk.o(i.ENC_CalcAvrgMecSpeedUnit)
    ENC_Clear                                0x08000a11   Thumb Code    40  encoder_speed_pos_fdbk.o(i.ENC_Clear)
    ENC_IRQHandler                           0x08000a39   Thumb Code    12  encoder_speed_pos_fdbk.o(i.ENC_IRQHandler)
    ENC_Init                                 0x08000a45   Thumb Code   158  encoder_speed_pos_fdbk.o(i.ENC_Init)
    ENC_SetMecAngle                          0x08000aed   Thumb Code    46  encoder_speed_pos_fdbk.o(i.ENC_SetMecAngle)
    EXTI4_15_IRQHandler                      0x08000b21   Thumb Code   108  stm32f0xx_it.o(i.EXTI4_15_IRQHandler)
    F0XX_BRK_IRQHandler                      0x08000b9d   Thumb Code    46  r3_f0xx_pwm_curr_fdbk.o(i.F0XX_BRK_IRQHandler)
    FOC_CalcCurrRef                          0x08000bcd   Thumb Code    34  mc_tasks.o(i.FOC_CalcCurrRef)
    FOC_Clear                                0x08000bf9   Thumb Code    78  mc_tasks.o(i.FOC_Clear)
    FOC_InitAdditionalMethods                0x08000c5d   Thumb Code     2  mc_tasks.o(i.FOC_InitAdditionalMethods)
    HAL_Delay                                0x08000c61   Thumb Code    32  stm32f0xx_hal.o(i.HAL_Delay)
    HAL_GetTick                              0x08000c85   Thumb Code     6  stm32f0xx_hal.o(i.HAL_GetTick)
    HAL_IncTick                              0x08000c91   Thumb Code    12  stm32f0xx_hal.o(i.HAL_IncTick)
    HAL_Init                                 0x08000ca1   Thumb Code    26  stm32f0xx_hal.o(i.HAL_Init)
    HAL_InitTick                             0x08000cc1   Thumb Code    58  stm32f0xx_hal.o(i.HAL_InitTick)
    HAL_MspInit                              0x08000d05   Thumb Code    36  stm32f0xx_hal_msp.o(i.HAL_MspInit)
    HAL_NVIC_SetPriority                     0x08000d2d   Thumb Code    60  stm32f0xx_hal_cortex.o(i.HAL_NVIC_SetPriority)
    HAL_RCC_GetHCLKFreq                      0x08000d71   Thumb Code     6  stm32f0xx_hal_rcc.o(i.HAL_RCC_GetHCLKFreq)
    HAL_SYSTICK_Callback                     0x08000d7d   Thumb Code     2  stm32f0xx_hal_cortex.o(i.HAL_SYSTICK_Callback)
    HAL_SYSTICK_Config                       0x08000d81   Thumb Code    46  stm32f0xx_hal_cortex.o(i.HAL_SYSTICK_Config)
    HAL_SYSTICK_IRQHandler                   0x08000dbd   Thumb Code     8  stm32f0xx_hal_cortex.o(i.HAL_SYSTICK_IRQHandler)
    HMI_Init                                 0x08000dc5   Thumb Code    26  hmi_task.o(i.HMI_Init)
    HMI_Main_page                            0x08000de1   Thumb Code   154  hmi_task.o(i.HMI_Main_page)
    HMI_NextState                            0x08000e95   Thumb Code    58  hmi_task.o(i.HMI_NextState)
    HMI_Scheduler                            0x08000ed1   Thumb Code    24  hmi_task.o(i.HMI_Scheduler)
    HMI_Task                                 0x08000eed   Thumb Code   352  hmi_task.o(i.HMI_Task)
    HardFault_Handler                        0x08001081   Thumb Code     6  stm32f0xx_mc_it.o(i.HardFault_Handler)
    LCD_DrawPoint                            0x08001089   Thumb Code    54  uc1705.o(i.LCD_DrawPoint)
    LCD_Init                                 0x080010c5   Thumb Code   206  uc1705.o(i.LCD_Init)
    LCD_RefreshData                          0x080011a1   Thumb Code   126  hmi_task.o(i.LCD_RefreshData)
    LCD_RefreshGram                          0x08001229   Thumb Code   108  uc1705.o(i.LCD_RefreshGram)
    LCD_ShowChar                             0x0800129d   Thumb Code   200  uc1705.o(i.LCD_ShowChar)
    LCD_ShowLoad                             0x08001371   Thumb Code   166  uc1705.o(i.LCD_ShowLoad)
    LCD_ShowNum                              0x08001417   Thumb Code   162  uc1705.o(i.LCD_ShowNum)
    LCD_ShowString                           0x080014b9   Thumb Code   136  uc1705.o(i.LCD_ShowString)
    LCD_Show_Logo                            0x08001545   Thumb Code   156  uc1705.o(i.LCD_Show_Logo)
    LCD_W_CMD                                0x080015e5   Thumb Code    60  uc1705.o(i.LCD_W_CMD)
    LL_ADC_Init                              0x08001625   Thumb Code    54  stm32f0xx_ll_adc.o(i.LL_ADC_Init)
    LL_ADC_REG_Init                          0x08001661   Thumb Code    50  stm32f0xx_ll_adc.o(i.LL_ADC_REG_Init)
    LL_EXTI_Init                             0x08001699   Thumb Code   178  stm32f0xx_ll_exti.o(i.LL_EXTI_Init)
    LL_GPIO_Init                             0x08001751   Thumb Code   180  stm32f0xx_ll_gpio.o(i.LL_GPIO_Init)
    LL_RCC_GetSystemClocksFreq               0x08001805   Thumb Code    44  stm32f0xx_ll_rcc.o(i.LL_RCC_GetSystemClocksFreq)
    LL_RCC_GetUSARTClockFreq                 0x0800183d   Thumb Code   150  stm32f0xx_ll_rcc.o(i.LL_RCC_GetUSARTClockFreq)
    LL_SetSystemCoreClock                    0x080018e9   Thumb Code     6  stm32f0xx_ll_utils.o(i.LL_SetSystemCoreClock)
    LL_TIM_BDTR_Init                         0x080018f5   Thumb Code    74  stm32f0xx_ll_tim.o(i.LL_TIM_BDTR_Init)
    LL_TIM_Init                              0x08001941   Thumb Code   124  stm32f0xx_ll_tim.o(i.LL_TIM_Init)
    LL_TIM_OC_Init                           0x080019d5   Thumb Code   536  stm32f0xx_ll_tim.o(i.LL_TIM_OC_Init)
    LL_USART_Init                            0x08001bfd   Thumb Code   178  stm32f0xx_ll_usart.o(i.LL_USART_Init)
    MCI_Clear_Iqdref                         0x08001cc9   Thumb Code    20  mc_interface.o(i.MCI_Clear_Iqdref)
    MCI_EncoderAlign                         0x08001cdd   Thumb Code    12  mc_interface.o(i.MCI_EncoderAlign)
    MCI_ExecBufferedCommands                 0x08001ce9   Thumb Code   122  mc_interface.o(i.MCI_ExecBufferedCommands)
    MCI_ExecSpeedRamp                        0x08001d63   Thumb Code    14  mc_interface.o(i.MCI_ExecSpeedRamp)
    MCI_ExecTorqueRamp                       0x08001d71   Thumb Code    18  mc_interface.o(i.MCI_ExecTorqueRamp)
    MCI_FaultAcknowledged                    0x08001d83   Thumb Code    10  mc_interface.o(i.MCI_FaultAcknowledged)
    MCI_GetAvrgMecSpeedUnit                  0x08001d8d   Thumb Code    14  mc_interface.o(i.MCI_GetAvrgMecSpeedUnit)
    MCI_GetControlMode                       0x08001d9b   Thumb Code     4  mc_interface.o(i.MCI_GetControlMode)
    MCI_GetIab                               0x08001d9f   Thumb Code    16  mc_interface.o(i.MCI_GetIab)
    MCI_GetIalphabeta                        0x08001daf   Thumb Code    16  mc_interface.o(i.MCI_GetIalphabeta)
    MCI_GetIqd                               0x08001dbf   Thumb Code    16  mc_interface.o(i.MCI_GetIqd)
    MCI_GetIqdref                            0x08001dcf   Thumb Code    16  mc_interface.o(i.MCI_GetIqdref)
    MCI_GetLastRampFinalDuration             0x08001ddf   Thumb Code     4  mc_interface.o(i.MCI_GetLastRampFinalDuration)
    MCI_GetLastRampFinalSpeed                0x08001de3   Thumb Code     8  mc_interface.o(i.MCI_GetLastRampFinalSpeed)
    MCI_GetLastRampFinalTorque               0x08001deb   Thumb Code     8  mc_interface.o(i.MCI_GetLastRampFinalTorque)
    MCI_GetMecSpeedRefUnit                   0x08001df3   Thumb Code    10  mc_interface.o(i.MCI_GetMecSpeedRefUnit)
    MCI_GetSTMState                          0x08001dfd   Thumb Code    10  mc_interface.o(i.MCI_GetSTMState)
    MCI_GetTeref                             0x08001e07   Thumb Code     8  mc_interface.o(i.MCI_GetTeref)
    MCI_GetValphabeta                        0x08001e0f   Thumb Code    16  mc_interface.o(i.MCI_GetValphabeta)
    MCI_GetVqd                               0x08001e1f   Thumb Code    16  mc_interface.o(i.MCI_GetVqd)
    MCI_Init                                 0x08001e2f   Thumb Code    20  mc_interface.o(i.MCI_Init)
    MCI_SetCurrentReferences                 0x08001e43   Thumb Code    20  mc_interface.o(i.MCI_SetCurrentReferences)
    MCI_StartMotor                           0x08001e57   Thumb Code    22  mc_interface.o(i.MCI_StartMotor)
    MCI_StopMotor                            0x08001e6d   Thumb Code    12  mc_interface.o(i.MCI_StopMotor)
    MCI_StopRamp                             0x08001e79   Thumb Code    10  mc_interface.o(i.MCI_StopRamp)
    MCM_Clarke                               0x08001e85   Thumb Code    62  mc_math.o(i.MCM_Clarke)
    MCM_Park                                 0x08001ed1   Thumb Code   112  mc_math.o(i.MCM_Park)
    MCM_Rev_Park                             0x08001f51   Thumb Code    48  mc_math.o(i.MCM_Rev_Park)
    MCM_Trig_Functions                       0x08001f81   Thumb Code   156  mc_math.o(i.MCM_Trig_Functions)
    MCP_ReceivedPacket                       0x08002021   Thumb Code   286  mcp.o(i.MCP_ReceivedPacket)
    MC_RunMotorControlTasks                  0x08002149   Thumb Code    22  mc_tasks.o(i.MC_RunMotorControlTasks)
    MC_Scheduler                             0x08002165   Thumb Code   104  mc_tasks.o(i.MC_Scheduler)
    MCboot                                   0x080021dd   Thumb Code   206  mc_tasks.o(i.MCboot)
    MPM_CalcElMotorPower                     0x08002309   Thumb Code    64  motor_power_measurement.o(i.MPM_CalcElMotorPower)
    MPM_Clear                                0x08002349   Thumb Code    26  motor_power_measurement.o(i.MPM_Clear)
    MPM_GetAvrgElMotorPowerW                 0x08002363   Thumb Code     8  motor_power_measurement.o(i.MPM_GetAvrgElMotorPowerW)
    MX_MotorControl_Init                     0x0800236d   Thumb Code    30  motorcontrol.o(i.MX_MotorControl_Init)
    NTC_CalcAvTemp                           0x0800271d   Thumb Code    60  ntc_temperature_sensor.o(i.NTC_CalcAvTemp)
    NTC_Clear                                0x0800275d   Thumb Code     6  ntc_temperature_sensor.o(i.NTC_Clear)
    NTC_GetAvTemp_C                          0x08002763   Thumb Code    38  ntc_temperature_sensor.o(i.NTC_GetAvTemp_C)
    NTC_Init                                 0x08002789   Thumb Code    38  ntc_temperature_sensor.o(i.NTC_Init)
    NTC_SetFaultState                        0x080027af   Thumb Code    26  ntc_temperature_sensor.o(i.NTC_SetFaultState)
    PID_GetKD                                0x080027c9   Thumb Code     8  pid_regulator.o(i.PID_GetKD)
    PID_GetKDDivisorPOW2                     0x080027d1   Thumb Code     8  pid_regulator.o(i.PID_GetKDDivisorPOW2)
    PID_GetKI                                0x080027d9   Thumb Code     8  pid_regulator.o(i.PID_GetKI)
    PID_GetKIDivisorPOW2                     0x080027e1   Thumb Code     8  pid_regulator.o(i.PID_GetKIDivisorPOW2)
    PID_GetKP                                0x080027e9   Thumb Code     8  pid_regulator.o(i.PID_GetKP)
    PID_GetKPDivisorPOW2                     0x080027f1   Thumb Code     8  pid_regulator.o(i.PID_GetKPDivisorPOW2)
    PID_HandleInit                           0x080027f9   Thumb Code    20  pid_regulator.o(i.PID_HandleInit)
    PID_SetIntegralTerm                      0x0800280d   Thumb Code     4  pid_regulator.o(i.PID_SetIntegralTerm)
    PID_SetKD                                0x08002811   Thumb Code     4  pid_regulator.o(i.PID_SetKD)
    PID_SetKDDivisorPOW2                     0x08002815   Thumb Code    10  pid_regulator.o(i.PID_SetKDDivisorPOW2)
    PID_SetKI                                0x0800281f   Thumb Code     4  pid_regulator.o(i.PID_SetKI)
    PID_SetKIDivisorPOW2                     0x08002823   Thumb Code    34  pid_regulator.o(i.PID_SetKIDivisorPOW2)
    PID_SetKP                                0x08002845   Thumb Code     4  pid_regulator.o(i.PID_SetKP)
    PID_SetKPDivisorPOW2                     0x08002849   Thumb Code    10  pid_regulator.o(i.PID_SetKPDivisorPOW2)
    PID_SetLowerIntegralTermLimit            0x08002853   Thumb Code     4  pid_regulator.o(i.PID_SetLowerIntegralTermLimit)
    PID_SetUpperIntegralTermLimit            0x08002857   Thumb Code     4  pid_regulator.o(i.PID_SetUpperIntegralTermLimit)
    PI_Controller                            0x0800285d   Thumb Code   122  pid_regulator.o(i.PI_Controller)
    PQD_CalcElMotorPower                     0x080028e1   Thumb Code   104  pqd_motor_power_measurement.o(i.PQD_CalcElMotorPower)
    PWMC_CheckOverCurrent                    0x08002949   Thumb Code     4  pwm_curr_fdbk.o(i.PWMC_CheckOverCurrent)
    PWMC_CurrentReadingCalibr                0x0800294d   Thumb Code    68  pwm_curr_fdbk.o(i.PWMC_CurrentReadingCalibr)
    PWMC_GetPhaseCurrents                    0x08002991   Thumb Code     4  pwm_curr_fdbk.o(i.PWMC_GetPhaseCurrents)
    PWMC_SetPhaseVoltage                     0x08002995   Thumb Code   420  pwm_curr_fdbk.o(i.PWMC_SetPhaseVoltage)
    PWMC_SwitchOffPWM                        0x08002b39   Thumb Code     4  pwm_curr_fdbk.o(i.PWMC_SwitchOffPWM)
    R3_1_CurrentReadingCalibration           0x08002b3d   Thumb Code   298  r3_f0xx_pwm_curr_fdbk.o(i.R3_1_CurrentReadingCalibration)
    R3_1_GetPhaseCurrents                    0x08002c89   Thumb Code   234  r3_f0xx_pwm_curr_fdbk.o(i.R3_1_GetPhaseCurrents)
    R3_1_HFCurrentsCalibrationAB             0x08002d81   Thumb Code    74  r3_f0xx_pwm_curr_fdbk.o(i.R3_1_HFCurrentsCalibrationAB)
    R3_1_HFCurrentsCalibrationC              0x08002dd1   Thumb Code    62  r3_f0xx_pwm_curr_fdbk.o(i.R3_1_HFCurrentsCalibrationC)
    R3_1_Init                                0x08002e15   Thumb Code   240  r3_f0xx_pwm_curr_fdbk.o(i.R3_1_Init)
    R3_1_IsOverCurrentOccurred               0x08002f31   Thumb Code    32  r3_f0xx_pwm_curr_fdbk.o(i.R3_1_IsOverCurrentOccurred)
    R3_1_SetADCSampPointCalibration          0x08002f51   Thumb Code    32  r3_f0xx_pwm_curr_fdbk.o(i.R3_1_SetADCSampPointCalibration)
    R3_1_SetADCSampPointSectX                0x08002f71   Thumb Code    92  r3_f0xx_pwm_curr_fdbk.o(i.R3_1_SetADCSampPointSectX)
    R3_1_SwitchOffPWM                        0x08002fcd   Thumb Code   142  r3_f0xx_pwm_curr_fdbk.o(i.R3_1_SwitchOffPWM)
    R3_1_SwitchOnPWM                         0x08003071   Thumb Code   236  r3_f0xx_pwm_curr_fdbk.o(i.R3_1_SwitchOnPWM)
    R3_1_TIMx_UP_IRQHandler                  0x08003171   Thumb Code   124  r3_f0xx_pwm_curr_fdbk.o(i.R3_1_TIMx_UP_IRQHandler)
    R3_1_TurnOnLowSides                      0x080031f9   Thumb Code    74  r3_f0xx_pwm_curr_fdbk.o(i.R3_1_TurnOnLowSides)
    R3_1_WriteTIMRegisters                   0x08003249   Thumb Code    52  r3_f0xx_pwm_curr_fdbk.o(i.R3_1_WriteTIMRegisters)
    RCC_GetSystemClockFreq                   0x0800327d   Thumb Code    82  stm32f0xx_ll_rcc.o(i.RCC_GetSystemClockFreq)
    RCM_ExecNextConv                         0x080032dd   Thumb Code   122  regular_conversion_manager.o(i.RCM_ExecNextConv)
    RCM_ExecRegularConv                      0x08003369   Thumb Code   282  regular_conversion_manager.o(i.RCM_ExecRegularConv)
    RCM_ExecUserConv                         0x08003499   Thumb Code    62  regular_conversion_manager.o(i.RCM_ExecUserConv)
    RCM_ReadOngoingConv                      0x080034e5   Thumb Code    66  regular_conversion_manager.o(i.RCM_ReadOngoingConv)
    RCM_RegisterRegConv                      0x08003535   Thumb Code   128  regular_conversion_manager.o(i.RCM_RegisterRegConv)
    REMNG_Init                               0x080035c5   Thumb Code    24  ramp_ext_mngr.o(i.REMNG_Init)
    RI_GetRegCommandParser                   0x080035dd   Thumb Code  1696  register_interface.o(i.RI_GetRegCommandParser)
    RI_SetRegCommandParser                   0x08003c91   Thumb Code  1180  register_interface.o(i.RI_SetRegCommandParser)
    RVBS_CalcAvVbus                          0x0800412d   Thumb Code    94  r_divider_bus_voltage_sensor.o(i.RVBS_CalcAvVbus)
    RVBS_CheckFaultState                     0x08004191   Thumb Code    26  r_divider_bus_voltage_sensor.o(i.RVBS_CheckFaultState)
    RVBS_Clear                               0x080041ab   Thumb Code    48  r_divider_bus_voltage_sensor.o(i.RVBS_Clear)
    RVBS_Init                                0x080041db   Thumb Code    22  r_divider_bus_voltage_sensor.o(i.RVBS_Init)
    SPD_GetAvrgMecSpeedUnit                  0x080041f1   Thumb Code     8  speed_pos_fdbk.o(i.SPD_GetAvrgMecSpeedUnit)
    SPD_GetElAngle                           0x080041f9   Thumb Code     8  speed_pos_fdbk.o(i.SPD_GetElAngle)
    SPD_GetInstElSpeedDpp                    0x08004201   Thumb Code     8  speed_pos_fdbk.o(i.SPD_GetInstElSpeedDpp)
    SPD_GetS16Speed                          0x08004209   Thumb Code    24  speed_pos_fdbk.o(i.SPD_GetS16Speed)
    SPD_IsMecSpeedReliable                   0x08004221   Thumb Code    96  speed_pos_fdbk.o(i.SPD_IsMecSpeedReliable)
    STC_CalcTorqueReference                  0x08004281   Thumb Code    90  speed_torq_ctrl.o(i.STC_CalcTorqueReference)
    STC_Clear                                0x080042db   Thumb Code    20  speed_torq_ctrl.o(i.STC_Clear)
    STC_ExecRamp                             0x080042ef   Thumb Code   158  speed_torq_ctrl.o(i.STC_ExecRamp)
    STC_ForceSpeedReferenceToCurrentSpeed    0x0800438d   Thumb Code    16  speed_torq_ctrl.o(i.STC_ForceSpeedReferenceToCurrentSpeed)
    STC_GetDefaultIqdref                     0x0800439d   Thumb Code    14  speed_torq_ctrl.o(i.STC_GetDefaultIqdref)
    STC_GetMecSpeedRefUnit                   0x080043ab   Thumb Code    12  speed_torq_ctrl.o(i.STC_GetMecSpeedRefUnit)
    STC_GetMecSpeedRefUnitDefault            0x080043b7   Thumb Code     8  speed_torq_ctrl.o(i.STC_GetMecSpeedRefUnitDefault)
    STC_GetSpeedSensor                       0x080043bf   Thumb Code     4  speed_torq_ctrl.o(i.STC_GetSpeedSensor)
    STC_GetTorqueRef                         0x080043c3   Thumb Code    12  speed_torq_ctrl.o(i.STC_GetTorqueRef)
    STC_Init                                 0x080043cf   Thumb Code    32  speed_torq_ctrl.o(i.STC_Init)
    STC_SetControlMode                       0x080043ef   Thumb Code     8  speed_torq_ctrl.o(i.STC_SetControlMode)
    STC_SetSpeedSensor                       0x080043f7   Thumb Code     4  speed_torq_ctrl.o(i.STC_SetSpeedSensor)
    STC_StopRamp                             0x080043fb   Thumb Code     8  speed_torq_ctrl.o(i.STC_StopRamp)
    STM_FaultAcknowledged                    0x08004403   Thumb Code    22  state_machine.o(i.STM_FaultAcknowledged)
    STM_FaultProcessing                      0x08004419   Thumb Code    50  state_machine.o(i.STM_FaultProcessing)
    STM_GetFaultState                        0x0800444b   Thumb Code    10  state_machine.o(i.STM_GetFaultState)
    STM_GetState                             0x08004455   Thumb Code     4  state_machine.o(i.STM_GetState)
    STM_Init                                 0x08004459   Thumb Code    10  state_machine.o(i.STM_Init)
    STM_NextState                            0x08004463   Thumb Code   272  state_machine.o(i.STM_NextState)
    SysTick_Handler                          0x08004575   Thumb Code    34  stm32f0xx_mc_it.o(i.SysTick_Handler)
    SystemClock_Config                       0x0800459d   Thumb Code   198  main.o(i.SystemClock_Config)
    SystemInit                               0x08004671   Thumb Code     2  system_stm32f0xx.o(i.SystemInit)
    TIM1_BRK_UP_TRG_COM_IRQHandler           0x08004675   Thumb Code    68  stm32f0xx_mc_it.o(i.TIM1_BRK_UP_TRG_COM_IRQHandler)
    TIM2_IRQHandler                          0x080046c1   Thumb Code    38  stm32f0xx_mc_it.o(i.TIM2_IRQHandler)
    TSK_ChargeBootCapDelayHasElapsedM1       0x080046ed   Thumb Code    14  mc_tasks.o(i.TSK_ChargeBootCapDelayHasElapsedM1)
    TSK_HardwareFaultTask                    0x08004701   Thumb Code    22  mc_tasks.o(i.TSK_HardwareFaultTask)
    TSK_HighFrequencyTask                    0x08004721   Thumb Code   210  mc_tasks.o(i.TSK_HighFrequencyTask)
    TSK_MediumFrequencyTaskM1                0x08004815   Thumb Code   564  mc_tasks.o(i.TSK_MediumFrequencyTaskM1)
    TSK_SafetyTask                           0x08004a71   Thumb Code    24  mc_tasks.o(i.TSK_SafetyTask)
    TSK_SafetyTask_PWMOFF                    0x08004a8d   Thumb Code   142  mc_tasks.o(i.TSK_SafetyTask_PWMOFF)
    TSK_SetChargeBootCapDelayM1              0x08004b39   Thumb Code     6  mc_tasks.o(i.TSK_SetChargeBootCapDelayM1)
    TSK_SetStopPermanencyTimeM1              0x08004b45   Thumb Code     6  mc_tasks.o(i.TSK_SetStopPermanencyTimeM1)
    TSK_StopPermanencyTimeHasElapsedM1       0x08004b51   Thumb Code    14  mc_tasks.o(i.TSK_StopPermanencyTimeHasElapsedM1)
    UASPEP_IDLE_ENABLE                       0x08004b65   Thumb Code    16  usart_aspep_driver.o(i.UASPEP_IDLE_ENABLE)
    UASPEP_INIT                              0x08004b75   Thumb Code   112  usart_aspep_driver.o(i.UASPEP_INIT)
    UASPEP_RECEIVE_BUFFER                    0x08004be9   Thumb Code    80  usart_aspep_driver.o(i.UASPEP_RECEIVE_BUFFER)
    UASPEP_SEND_PACKET                       0x08004c3d   Thumb Code    78  usart_aspep_driver.o(i.UASPEP_SEND_PACKET)
    USART1_IRQHandler                        0x08004c91   Thumb Code   104  stm32f0xx_mc_it.o(i.USART1_IRQHandler)
    VBS_GetAvBusVoltage_V                    0x08004d09   Thumb Code    10  bus_voltage_sensor.o(i.VBS_GetAvBusVoltage_V)
    VSS_Clear                                0x08004d13   Thumb Code    70  virtual_speed_sensor.o(i.VSS_Clear)
    VSS_Init                                 0x08004d59   Thumb Code    18  virtual_speed_sensor.o(i.VSS_Init)
    VSS_SetMecAcceleration                   0x08004d6b   Thumb Code   128  virtual_speed_sensor.o(i.VSS_SetMecAcceleration)
    VSS_SetMecAngle                          0x08004deb   Thumb Code    22  virtual_speed_sensor.o(i.VSS_SetMecAngle)
    __scatterload_copy                       0x08004e45   Thumb Code    14  handlers.o(i.__scatterload_copy)
    __scatterload_null                       0x08004e53   Thumb Code     2  handlers.o(i.__scatterload_null)
    __scatterload_zeroinit                   0x08004e55   Thumb Code    14  handlers.o(i.__scatterload_zeroinit)
    main                                     0x08004e65   Thumb Code  1068  main.o(i.main)
    mc_lock_pins                             0x08005291   Thumb Code   154  mc_tasks.o(i.mc_lock_pins)
    waitForPolarizationEnd                   0x08005341   Thumb Code    64  pwm_common.o(i.waitForPolarizationEnd)
    hSin_Cos_Table                           0x080053a6   Data         512  mc_math.o(.constdata)
    R3_1_Params                              0x080055b0   Data         124  mc_parameters.o(.constdata)
    CTL_BOARD                                0x08005633   Data          16  mc_configuration_registers.o(.constdata)
    M1_PWR_BOARD                             0x08005643   Data          17  mc_configuration_registers.o(.constdata)
    FIRMWARE_NAME                            0x08005654   Data          24  mc_configuration_registers.o(.constdata)
    globalConfig_reg                         0x0800566c   Data          10  mc_configuration_registers.o(.constdata)
    M1_ApplicationConfig_reg                 0x08005676   Data          14  mc_configuration_registers.o(.constdata)
    M1_MotorConfig_reg                       0x08005684   Data          60  mc_configuration_registers.o(.constdata)
    M1_FOCConfig_reg                         0x080056c0   Data          12  mc_configuration_registers.o(.constdata)
    CRC4_Lookup4                             0x080056cc   Data          16  aspep.o(.constdata)
    CRC4_Lookup8                             0x080056dc   Data         256  aspep.o(.constdata)
    asc2_0608                                0x080057dc   Data         570  uc1705.o(.constdata)
    asc2_0612                                0x08005a16   Data        1140  uc1705.o(.constdata)
    asc2_1224                                0x08005e8a   Data        3420  uc1705.o(.constdata)
    bmp                                      0x08006be6   Data         128  uc1705.o(.constdata)
    AHBPrescTable                            0x08006c66   Data          16  system_stm32f0xx.o(.constdata)
    APBPrescTable                            0x08006c76   Data           8  system_stm32f0xx.o(.constdata)
    SqrtTable                                0x08006c7e   Data        2050  circle_limitation.o(.constdata)
    Region$$Table$$Base                      0x080074a4   Number         0  anon$$obj.o(Region$$Table)
    Region$$Table$$Limit                     0x080074c4   Number         0  anon$$obj.o(Region$$Table)
    pMCI                                     0x20000000   Data           4  motorcontrol.o(.data)
    PQD_MotorPowMeasM1                       0x20000004   Data         276  mc_config.o(.data)
    PIDSpeedHandle_M1                        0x20000118   Data          44  mc_config.o(.data)
    PIDIqHandle_M1                           0x20000144   Data          44  mc_config.o(.data)
    PIDIdHandle_M1                           0x20000170   Data          44  mc_config.o(.data)
    SpeednTorqCtrlM1                         0x2000019c   Data          52  mc_config.o(.data)
    PWM_Handle_M1                            0x200001d0   Data         208  mc_config.o(.data)
    VirtualSpeedSensorM1                     0x200002a0   Data         120  mc_config.o(.data)
    ENCODER_M1                               0x20000318   Data         124  mc_config.o(.data)
    EncAlignCtrlM1                           0x20000394   Data          28  mc_config.o(.data)
    TempSensor_M1                            0x200003b0   Data          40  mc_config.o(.data)
    BusVoltageSensor_M1                      0x200003d8   Data          40  mc_config.o(.data)
    RampExtMngrHFParamsM1                    0x20000400   Data          88  mc_config.o(.data)
    CircleLimitationM1                       0x20000458   Data         180  mc_config.o(.data)
    pSTC                                     0x2000050c   Data           4  mc_config.o(.data)
    pPIDIq                                   0x20000510   Data           4  mc_config.o(.data)
    pPIDId                                   0x20000514   Data           4  mc_config.o(.data)
    pTemperatureSensor                       0x20000518   Data           4  mc_config.o(.data)
    pMPM                                     0x2000051c   Data           4  mc_config.o(.data)
    STM                                      0x20000520   Data           6  mc_config.o(.data)
    UASPEP_A                                 0x20000528   Data          20  mcp_config.o(.data)
    aspepOverUartA                           0x2000053c   Data          84  mcp_config.o(.data)
    MCP_Over_UartA                           0x20000590   Data          16  mcp_config.o(.data)
    MCP_UserCallBack                         0x200005a0   Data           8  mcp_config.o(.data)
    bMCBootCompleted                         0x200005a8   Data           1  mc_tasks.o(.data)
    pEAC                                     0x200005b0   Data           4  mc_tasks.o(.data)
    pwmcHandle                               0x200005b4   Data           4  mc_tasks.o(.data)
    pCLM                                     0x200005b8   Data           4  mc_tasks.o(.data)
    pREMNG                                   0x200005bc   Data           4  mc_tasks.o(.data)
    RCM_currentHandle                        0x200005c0   Data           1  regular_conversion_manager.o(.data)
    RCM_UserConvHandle                       0x200005c1   Data           1  regular_conversion_manager.o(.data)
    RCM_UserConvState                        0x200005c2   Data           1  regular_conversion_manager.o(.data)
    RCM_UserConvValue                        0x200005c4   Data           2  regular_conversion_manager.o(.data)
    BusVoltageSensor                         0x200005cc   Data           4  register_interface.o(.data)
    pPIDSpeed                                0x200005d0   Data           4  register_interface.o(.data)
    pEncoder                                 0x200005d4   Data           4  register_interface.o(.data)
    PWR_BOARD_NAME                           0x200005d8   Data           4  mc_configuration_registers.o(.data)
    FOCConfig_reg                            0x200005dc   Data           4  mc_configuration_registers.o(.data)
    MotorConfig_reg                          0x200005e0   Data           4  mc_configuration_registers.o(.data)
    ApplicationConfig_reg                    0x200005e4   Data           4  mc_configuration_registers.o(.data)
    enc_value                                0x200005e8   Data           1  stm32f0xx_it.o(.data)
    spindle_load                             0x200005ec   Data           1  hmi_task.o(.data)
    hmi_handle                               0x200005ed   Data           1  hmi_task.o(.data)
    hmi_task_cnt                             0x200005ee   Data           2  hmi_task.o(.data)
    spindle_spped                            0x200005f0   Data           2  hmi_task.o(.data)
    uMCI                                     0x200005f4   Data           4  hmi_task.o(.data)
    hmi_data                                 0x200005f8   Data           8  hmi_task.o(.data)
    uwTickFreq                               0x20000600   Data           1  stm32f0xx_hal.o(.data)
    uwTickPrio                               0x20000604   Data           4  stm32f0xx_hal.o(.data)
    uwTick                                   0x20000608   Data           4  stm32f0xx_hal.o(.data)
    SystemCoreClock                          0x2000060c   Data           4  system_stm32f0xx.o(.data)
    RealBusVoltageSensorFilterBufferM1       0x20000610   Data          20  mc_config.o(.bss)
    Mci                                      0x20000624   Data          28  mc_config.o(.bss)
    MCPSyncTxBuff                            0x20000640   Data         134  mcp_config.o(.bss)
    MCPSyncRXBuff                            0x200006c6   Data         130  mcp_config.o(.bss)
    FOCVars                                  0x20000748   Data          38  mc_tasks.o(.bss)
    RCM_handle_array                         0x20000770   Data          16  regular_conversion_manager.o(.bss)
    RCM_CB_array                             0x20000780   Data          32  regular_conversion_manager.o(.bss)
    RCM_NoInj_array                          0x200007a0   Data          24  regular_conversion_manager.o(.bss)
    __initial_sp                             0x20000fb8   Data           0  startup_stm32f072xb.o(STACK)



==============================================================================

Memory Map of the image

  Image Entry point : 0x080000c1

  Load Region LR_IROM1 (Base: 0x08000000, Size: 0x00007ad4, Max: 0x00020000, ABSOLUTE, COMPRESSED[0x00007610])

    Execution Region ER_IROM1 (Exec base: 0x08000000, Load base: 0x08000000, Size: 0x000074c4, Max: 0x00020000, ABSOLUTE)

    Exec Addr    Load Addr    Size         Type   Attr      Idx    E Section Name        Object

    0x08000000   0x08000000   0x000000c0   Data   RO            3    RESET               startup_stm32f072xb.o
    0x080000c0   0x080000c0   0x00000000   Code   RO         4986  * .ARM.Collect$$$$00000000  mc_p.l(entry.o)
    0x080000c0   0x080000c0   0x00000004   Code   RO         5001    .ARM.Collect$$$$00000001  mc_p.l(entry2.o)
    0x080000c4   0x080000c4   0x00000004   Code   RO         5004    .ARM.Collect$$$$00000004  mc_p.l(entry5.o)
    0x080000c8   0x080000c8   0x00000000   Code   RO         5006    .ARM.Collect$$$$00000008  mc_p.l(entry7b.o)
    0x080000c8   0x080000c8   0x00000000   Code   RO         5008    .ARM.Collect$$$$0000000A  mc_p.l(entry8b.o)
    0x080000c8   0x080000c8   0x00000008   Code   RO         5009    .ARM.Collect$$$$0000000B  mc_p.l(entry9a.o)
    0x080000d0   0x080000d0   0x00000004   Code   RO         5016    .ARM.Collect$$$$0000000E  mc_p.l(entry12b.o)
    0x080000d4   0x080000d4   0x00000000   Code   RO         5011    .ARM.Collect$$$$0000000F  mc_p.l(entry10a.o)
    0x080000d4   0x080000d4   0x00000000   Code   RO         5013    .ARM.Collect$$$$00000011  mc_p.l(entry11a.o)
    0x080000d4   0x080000d4   0x00000004   Code   RO         5002    .ARM.Collect$$$$00002712  mc_p.l(entry2.o)
    0x080000d8   0x080000d8   0x0000001c   Code   RO            4    .text               startup_stm32f072xb.o
    0x080000f4   0x080000f4   0x0000013e   Code   RO         4982    .text               libmc-keil_M0.lib(fast_div.o)
    0x08000232   0x08000232   0x0000002c   Code   RO         4989    .text               mc_p.l(uidiv.o)
    0x0800025e   0x0800025e   0x00000028   Code   RO         4991    .text               mc_p.l(idiv.o)
    0x08000286   0x08000286   0x00000024   Code   RO         4997    .text               mc_p.l(memcpya.o)
    0x080002aa   0x080002aa   0x00000002   PAD
    0x080002ac   0x080002ac   0x00000024   Code   RO         5019    .text               mc_p.l(init.o)
    0x080002d0   0x080002d0   0x00000056   Code   RO         5029    .text               mc_p.l(__dczerorl2.o)
    0x08000326   0x08000326   0x0000006c   Code   RO         1575    i.ASPEP_CheckBeacon  aspep.o
    0x08000392   0x08000392   0x00000018   Code   RO         1578    i.ASPEP_HWDMAReset  aspep.o
    0x080003aa   0x080003aa   0x00000002   PAD
    0x080003ac   0x080003ac   0x00000088   Code   RO         1579    i.ASPEP_HWDataReceivedIT  aspep.o
    0x08000434   0x08000434   0x00000050   Code   RO         1580    i.ASPEP_HWDataTransmittedIT  aspep.o
    0x08000484   0x08000484   0x000001a8   Code   RO         1581    i.ASPEP_RXframeProcess  aspep.o
    0x0800062c   0x0800062c   0x00000094   Code   RO         1582    i.ASPEP_TXframeProcess  aspep.o
    0x080006c0   0x080006c0   0x00000026   Code   RO         1583    i.ASPEP_getBuffer   aspep.o
    0x080006e6   0x080006e6   0x0000004e   Code   RO         1586    i.ASPEP_sendPacket  aspep.o
    0x08000734   0x08000734   0x00000024   Code   RO         1588    i.ASPEP_start       aspep.o
    0x08000758   0x08000758   0x00000068   Code   RO         3865    i.Circle_Limitation  circle_limitation.o
    0x080007c0   0x080007c0   0x00000014   Code   RO         1340    i.DMA1_Channel1_IRQHandler  stm32f0xx_mc_it.o
    0x080007d4   0x080007d4   0x00000024   Code   RO         1341    i.DMA1_Channel2_3_IRQHandler  stm32f0xx_mc_it.o
    0x080007f8   0x080007f8   0x00000018   Code   RO         1342    i.DMA1_Channel4_5_6_7_IRQHandler  stm32f0xx_mc_it.o
    0x08000810   0x08000810   0x00000030   Code   RO         1824    i.Delay_US          hmi_task.o
    0x08000840   0x08000840   0x00000034   Code   RO         3914    i.EAC_Exec          enc_align_ctrl.o
    0x08000874   0x08000874   0x00000004   Code   RO         3915    i.EAC_GetRestartState  enc_align_ctrl.o
    0x08000878   0x08000878   0x0000000e   Code   RO         3916    i.EAC_Init          enc_align_ctrl.o
    0x08000886   0x08000886   0x00000004   Code   RO         3917    i.EAC_IsAligned     enc_align_ctrl.o
    0x0800088a   0x0800088a   0x00000004   Code   RO         3918    i.EAC_SetRestartState  enc_align_ctrl.o
    0x0800088e   0x0800088e   0x0000004a   Code   RO         3919    i.EAC_StartAlignment  enc_align_ctrl.o
    0x080008d8   0x080008d8   0x0000002c   Code   RO         3964    i.ENC_CalcAngle     encoder_speed_pos_fdbk.o
    0x08000904   0x08000904   0x0000010c   Code   RO         3965    i.ENC_CalcAvrgMecSpeedUnit  encoder_speed_pos_fdbk.o
    0x08000a10   0x08000a10   0x00000028   Code   RO         3966    i.ENC_Clear         encoder_speed_pos_fdbk.o
    0x08000a38   0x08000a38   0x0000000c   Code   RO         3967    i.ENC_IRQHandler    encoder_speed_pos_fdbk.o
    0x08000a44   0x08000a44   0x000000a8   Code   RO         3968    i.ENC_Init          encoder_speed_pos_fdbk.o
    0x08000aec   0x08000aec   0x00000034   Code   RO         3969    i.ENC_SetMecAngle   encoder_speed_pos_fdbk.o
    0x08000b20   0x08000b20   0x0000007c   Code   RO         1672    i.EXTI4_15_IRQHandler  stm32f0xx_it.o
    0x08000b9c   0x08000b9c   0x0000002e   Code   RO         4826    i.F0XX_BRK_IRQHandler  r3_f0xx_pwm_curr_fdbk.o
    0x08000bca   0x08000bca   0x00000002   PAD
    0x08000bcc   0x08000bcc   0x0000002c   Code   RO          634    i.FOC_CalcCurrRef   mc_tasks.o
    0x08000bf8   0x08000bf8   0x00000064   Code   RO          635    i.FOC_Clear         mc_tasks.o
    0x08000c5c   0x08000c5c   0x00000002   Code   RO          636    i.FOC_InitAdditionalMethods  mc_tasks.o
    0x08000c5e   0x08000c5e   0x00000002   PAD
    0x08000c60   0x08000c60   0x00000024   Code   RO         2396    i.HAL_Delay         stm32f0xx_hal.o
    0x08000c84   0x08000c84   0x0000000c   Code   RO         2400    i.HAL_GetTick       stm32f0xx_hal.o
    0x08000c90   0x08000c90   0x00000010   Code   RO         2406    i.HAL_IncTick       stm32f0xx_hal.o
    0x08000ca0   0x08000ca0   0x00000020   Code   RO         2407    i.HAL_Init          stm32f0xx_hal.o
    0x08000cc0   0x08000cc0   0x00000044   Code   RO         2408    i.HAL_InitTick      stm32f0xx_hal.o
    0x08000d04   0x08000d04   0x00000028   Code   RO         1702    i.HAL_MspInit       stm32f0xx_hal_msp.o
    0x08000d2c   0x08000d2c   0x00000044   Code   RO         3171    i.HAL_NVIC_SetPriority  stm32f0xx_hal_cortex.o
    0x08000d70   0x08000d70   0x0000000c   Code   RO         2218    i.HAL_RCC_GetHCLKFreq  stm32f0xx_hal_rcc.o
    0x08000d7c   0x08000d7c   0x00000002   Code   RO         3174    i.HAL_SYSTICK_Callback  stm32f0xx_hal_cortex.o
    0x08000d7e   0x08000d7e   0x00000002   PAD
    0x08000d80   0x08000d80   0x0000003c   Code   RO         3175    i.HAL_SYSTICK_Config  stm32f0xx_hal_cortex.o
    0x08000dbc   0x08000dbc   0x00000008   Code   RO         3176    i.HAL_SYSTICK_IRQHandler  stm32f0xx_hal_cortex.o
    0x08000dc4   0x08000dc4   0x0000001a   Code   RO         1827    i.HMI_Init          hmi_task.o
    0x08000dde   0x08000dde   0x00000002   PAD
    0x08000de0   0x08000de0   0x000000b4   Code   RO         1828    i.HMI_Main_page     hmi_task.o
    0x08000e94   0x08000e94   0x0000003a   Code   RO         1829    i.HMI_NextState     hmi_task.o
    0x08000ece   0x08000ece   0x00000002   PAD
    0x08000ed0   0x08000ed0   0x0000001c   Code   RO         1830    i.HMI_Scheduler     hmi_task.o
    0x08000eec   0x08000eec   0x00000194   Code   RO         1831    i.HMI_Task          hmi_task.o
    0x08001080   0x08001080   0x00000006   Code   RO         1343    i.HardFault_Handler  stm32f0xx_mc_it.o
    0x08001086   0x08001086   0x00000002   PAD
    0x08001088   0x08001088   0x0000003c   Code   RO         1723    i.LCD_DrawPoint     uc1705.o
    0x080010c4   0x080010c4   0x000000dc   Code   RO         1724    i.LCD_Init          uc1705.o
    0x080011a0   0x080011a0   0x00000088   Code   RO         1832    i.LCD_RefreshData   hmi_task.o
    0x08001228   0x08001228   0x00000074   Code   RO         1725    i.LCD_RefreshGram   uc1705.o
    0x0800129c   0x0800129c   0x000000d4   Code   RO         1726    i.LCD_ShowChar      uc1705.o
    0x08001370   0x08001370   0x000000a6   Code   RO         1727    i.LCD_ShowLoad      uc1705.o
    0x08001416   0x08001416   0x000000a2   Code   RO         1728    i.LCD_ShowNum       uc1705.o
    0x080014b8   0x080014b8   0x0000008c   Code   RO         1730    i.LCD_ShowString    uc1705.o
    0x08001544   0x08001544   0x000000a0   Code   RO         1731    i.LCD_Show_Logo     uc1705.o
    0x080015e4   0x080015e4   0x00000040   Code   RO         1732    i.LCD_W_CMD         uc1705.o
    0x08001624   0x08001624   0x0000003c   Code   RO         1942    i.LL_ADC_Init       stm32f0xx_ll_adc.o
    0x08001660   0x08001660   0x00000038   Code   RO         1943    i.LL_ADC_REG_Init   stm32f0xx_ll_adc.o
    0x08001698   0x08001698   0x000000b8   Code   RO         2178    i.LL_EXTI_Init      stm32f0xx_ll_exti.o
    0x08001750   0x08001750   0x000000b4   Code   RO         1903    i.LL_GPIO_Init      stm32f0xx_ll_gpio.o
    0x08001804   0x08001804   0x00000038   Code   RO         2036    i.LL_RCC_GetSystemClocksFreq  stm32f0xx_ll_rcc.o
    0x0800183c   0x0800183c   0x000000ac   Code   RO         2037    i.LL_RCC_GetUSARTClockFreq  stm32f0xx_ll_rcc.o
    0x080018e8   0x080018e8   0x0000000c   Code   RO         2113    i.LL_SetSystemCoreClock  stm32f0xx_ll_utils.o
    0x080018f4   0x080018f4   0x0000004a   Code   RO         3648    i.LL_TIM_BDTR_Init  stm32f0xx_ll_tim.o
    0x0800193e   0x0800193e   0x00000002   PAD
    0x08001940   0x08001940   0x00000094   Code   RO         3657    i.LL_TIM_Init       stm32f0xx_ll_tim.o
    0x080019d4   0x080019d4   0x00000228   Code   RO         3658    i.LL_TIM_OC_Init    stm32f0xx_ll_tim.o
    0x08001bfc   0x08001bfc   0x000000cc   Code   RO         3749    i.LL_USART_Init     stm32f0xx_ll_usart.o
    0x08001cc8   0x08001cc8   0x00000014   Code   RO         1110    i.MCI_Clear_Iqdref  mc_interface.o
    0x08001cdc   0x08001cdc   0x0000000c   Code   RO         1111    i.MCI_EncoderAlign  mc_interface.o
    0x08001ce8   0x08001ce8   0x0000007a   Code   RO         1112    i.MCI_ExecBufferedCommands  mc_interface.o
    0x08001d62   0x08001d62   0x0000000e   Code   RO         1113    i.MCI_ExecSpeedRamp  mc_interface.o
    0x08001d70   0x08001d70   0x00000012   Code   RO         1114    i.MCI_ExecTorqueRamp  mc_interface.o
    0x08001d82   0x08001d82   0x0000000a   Code   RO         1115    i.MCI_FaultAcknowledged  mc_interface.o
    0x08001d8c   0x08001d8c   0x0000000e   Code   RO         1116    i.MCI_GetAvrgMecSpeedUnit  mc_interface.o
    0x08001d9a   0x08001d9a   0x00000004   Code   RO         1117    i.MCI_GetControlMode  mc_interface.o
    0x08001d9e   0x08001d9e   0x00000010   Code   RO         1120    i.MCI_GetIab        mc_interface.o
    0x08001dae   0x08001dae   0x00000010   Code   RO         1121    i.MCI_GetIalphabeta  mc_interface.o
    0x08001dbe   0x08001dbe   0x00000010   Code   RO         1123    i.MCI_GetIqd        mc_interface.o
    0x08001dce   0x08001dce   0x00000010   Code   RO         1125    i.MCI_GetIqdref     mc_interface.o
    0x08001dde   0x08001dde   0x00000004   Code   RO         1126    i.MCI_GetLastRampFinalDuration  mc_interface.o
    0x08001de2   0x08001de2   0x00000008   Code   RO         1127    i.MCI_GetLastRampFinalSpeed  mc_interface.o
    0x08001dea   0x08001dea   0x00000008   Code   RO         1128    i.MCI_GetLastRampFinalTorque  mc_interface.o
    0x08001df2   0x08001df2   0x0000000a   Code   RO         1129    i.MCI_GetMecSpeedRefUnit  mc_interface.o
    0x08001dfc   0x08001dfc   0x0000000a   Code   RO         1133    i.MCI_GetSTMState   mc_interface.o
    0x08001e06   0x08001e06   0x00000008   Code   RO         1135    i.MCI_GetTeref      mc_interface.o
    0x08001e0e   0x08001e0e   0x00000010   Code   RO         1136    i.MCI_GetValphabeta  mc_interface.o
    0x08001e1e   0x08001e1e   0x00000010   Code   RO         1137    i.MCI_GetVqd        mc_interface.o
    0x08001e2e   0x08001e2e   0x00000014   Code   RO         1138    i.MCI_Init          mc_interface.o
    0x08001e42   0x08001e42   0x00000014   Code   RO         1141    i.MCI_SetCurrentReferences  mc_interface.o
    0x08001e56   0x08001e56   0x00000016   Code   RO         1142    i.MCI_StartMotor    mc_interface.o
    0x08001e6c   0x08001e6c   0x0000000c   Code   RO         1143    i.MCI_StopMotor     mc_interface.o
    0x08001e78   0x08001e78   0x0000000a   Code   RO         1144    i.MCI_StopRamp      mc_interface.o
    0x08001e82   0x08001e82   0x00000002   PAD
    0x08001e84   0x08001e84   0x0000004c   Code   RO         1051    i.MCM_Clarke        mc_math.o
    0x08001ed0   0x08001ed0   0x00000080   Code   RO         1052    i.MCM_Park          mc_math.o
    0x08001f50   0x08001f50   0x00000030   Code   RO         1053    i.MCM_Rev_Park      mc_math.o
    0x08001f80   0x08001f80   0x000000a0   Code   RO         1055    i.MCM_Trig_Functions  mc_math.o
    0x08002020   0x08002020   0x00000128   Code   RO         4956    i.MCP_ReceivedPacket  mcp.o
    0x08002148   0x08002148   0x0000001c   Code   RO          638    i.MC_RunMotorControlTasks  mc_tasks.o
    0x08002164   0x08002164   0x00000078   Code   RO          639    i.MC_Scheduler      mc_tasks.o
    0x080021dc   0x080021dc   0x0000012c   Code   RO          640    i.MCboot            mc_tasks.o
    0x08002308   0x08002308   0x00000040   Code   RO         4019    i.MPM_CalcElMotorPower  motor_power_measurement.o
    0x08002348   0x08002348   0x0000001a   Code   RO         4020    i.MPM_Clear         motor_power_measurement.o
    0x08002362   0x08002362   0x00000008   Code   RO         4021    i.MPM_GetAvrgElMotorPowerW  motor_power_measurement.o
    0x0800236a   0x0800236a   0x00000002   PAD
    0x0800236c   0x0800236c   0x00000024   Code   RO          298    i.MX_MotorControl_Init  motorcontrol.o
    0x08002390   0x08002390   0x00000214   Code   RO           13    i.MX_TIM1_Init      main.o
    0x080025a4   0x080025a4   0x00000178   Code   RO           14    i.MX_TIM2_Init      main.o
    0x0800271c   0x0800271c   0x00000040   Code   RO         4057    i.NTC_CalcAvTemp    ntc_temperature_sensor.o
    0x0800275c   0x0800275c   0x00000006   Code   RO         4059    i.NTC_Clear         ntc_temperature_sensor.o
    0x08002762   0x08002762   0x00000026   Code   RO         4060    i.NTC_GetAvTemp_C   ntc_temperature_sensor.o
    0x08002788   0x08002788   0x00000026   Code   RO         4062    i.NTC_Init          ntc_temperature_sensor.o
    0x080027ae   0x080027ae   0x0000001a   Code   RO         4063    i.NTC_SetFaultState  ntc_temperature_sensor.o
    0x080027c8   0x080027c8   0x00000008   Code   RO         4163    i.PID_GetKD         pid_regulator.o
    0x080027d0   0x080027d0   0x00000008   Code   RO         4165    i.PID_GetKDDivisorPOW2  pid_regulator.o
    0x080027d8   0x080027d8   0x00000008   Code   RO         4166    i.PID_GetKI         pid_regulator.o
    0x080027e0   0x080027e0   0x00000008   Code   RO         4168    i.PID_GetKIDivisorPOW2  pid_regulator.o
    0x080027e8   0x080027e8   0x00000008   Code   RO         4169    i.PID_GetKP         pid_regulator.o
    0x080027f0   0x080027f0   0x00000008   Code   RO         4171    i.PID_GetKPDivisorPOW2  pid_regulator.o
    0x080027f8   0x080027f8   0x00000014   Code   RO         4172    i.PID_HandleInit    pid_regulator.o
    0x0800280c   0x0800280c   0x00000004   Code   RO         4173    i.PID_SetIntegralTerm  pid_regulator.o
    0x08002810   0x08002810   0x00000004   Code   RO         4174    i.PID_SetKD         pid_regulator.o
    0x08002814   0x08002814   0x0000000a   Code   RO         4175    i.PID_SetKDDivisorPOW2  pid_regulator.o
    0x0800281e   0x0800281e   0x00000004   Code   RO         4176    i.PID_SetKI         pid_regulator.o
    0x08002822   0x08002822   0x00000022   Code   RO         4177    i.PID_SetKIDivisorPOW2  pid_regulator.o
    0x08002844   0x08002844   0x00000004   Code   RO         4178    i.PID_SetKP         pid_regulator.o
    0x08002848   0x08002848   0x0000000a   Code   RO         4179    i.PID_SetKPDivisorPOW2  pid_regulator.o
    0x08002852   0x08002852   0x00000004   Code   RO         4180    i.PID_SetLowerIntegralTermLimit  pid_regulator.o
    0x08002856   0x08002856   0x00000004   Code   RO         4183    i.PID_SetUpperIntegralTermLimit  pid_regulator.o
    0x0800285a   0x0800285a   0x00000002   PAD
    0x0800285c   0x0800285c   0x00000084   Code   RO         4185    i.PI_Controller     pid_regulator.o
    0x080028e0   0x080028e0   0x00000068   Code   RO         4330    i.PQD_CalcElMotorPower  pqd_motor_power_measurement.o
    0x08002948   0x08002948   0x00000004   Code   RO          771    i.PWMC_CheckOverCurrent  pwm_curr_fdbk.o
    0x0800294c   0x0800294c   0x00000044   Code   RO          773    i.PWMC_CurrentReadingCalibr  pwm_curr_fdbk.o
    0x08002990   0x08002990   0x00000004   Code   RO          777    i.PWMC_GetPhaseCurrents  pwm_curr_fdbk.o
    0x08002994   0x08002994   0x000001a4   Code   RO          796    i.PWMC_SetPhaseVoltage  pwm_curr_fdbk.o
    0x08002b38   0x08002b38   0x00000004   Code   RO          797    i.PWMC_SwitchOffPWM  pwm_curr_fdbk.o
    0x08002b3c   0x08002b3c   0x0000014c   Code   RO         4827    i.R3_1_CurrentReadingCalibration  r3_f0xx_pwm_curr_fdbk.o
    0x08002c88   0x08002c88   0x000000f8   Code   RO         4828    i.R3_1_GetPhaseCurrents  r3_f0xx_pwm_curr_fdbk.o
    0x08002d80   0x08002d80   0x00000050   Code   RO         4830    i.R3_1_HFCurrentsCalibrationAB  r3_f0xx_pwm_curr_fdbk.o
    0x08002dd0   0x08002dd0   0x00000044   Code   RO         4831    i.R3_1_HFCurrentsCalibrationC  r3_f0xx_pwm_curr_fdbk.o
    0x08002e14   0x08002e14   0x0000011c   Code   RO         4832    i.R3_1_Init         r3_f0xx_pwm_curr_fdbk.o
    0x08002f30   0x08002f30   0x00000020   Code   RO         4833    i.R3_1_IsOverCurrentOccurred  r3_f0xx_pwm_curr_fdbk.o
    0x08002f50   0x08002f50   0x00000020   Code   RO         4834    i.R3_1_SetADCSampPointCalibration  r3_f0xx_pwm_curr_fdbk.o
    0x08002f70   0x08002f70   0x0000005c   Code   RO         4835    i.R3_1_SetADCSampPointSectX  r3_f0xx_pwm_curr_fdbk.o
    0x08002fcc   0x08002fcc   0x000000a4   Code   RO         4837    i.R3_1_SwitchOffPWM  r3_f0xx_pwm_curr_fdbk.o
    0x08003070   0x08003070   0x00000100   Code   RO         4838    i.R3_1_SwitchOnPWM  r3_f0xx_pwm_curr_fdbk.o
    0x08003170   0x08003170   0x00000088   Code   RO         4839    i.R3_1_TIMx_UP_IRQHandler  r3_f0xx_pwm_curr_fdbk.o
    0x080031f8   0x080031f8   0x00000050   Code   RO         4840    i.R3_1_TurnOnLowSides  r3_f0xx_pwm_curr_fdbk.o
    0x08003248   0x08003248   0x00000034   Code   RO         4841    i.R3_1_WriteTIMRegisters  r3_f0xx_pwm_curr_fdbk.o
    0x0800327c   0x0800327c   0x00000060   Code   RO         2041    i.RCC_GetSystemClockFreq  stm32f0xx_ll_rcc.o
    0x080032dc   0x080032dc   0x0000008c   Code   RO          970    i.RCM_ExecNextConv  regular_conversion_manager.o
    0x08003368   0x08003368   0x00000130   Code   RO          971    i.RCM_ExecRegularConv  regular_conversion_manager.o
    0x08003498   0x08003498   0x0000004c   Code   RO          972    i.RCM_ExecUserConv  regular_conversion_manager.o
    0x080034e4   0x080034e4   0x00000050   Code   RO          976    i.RCM_ReadOngoingConv  regular_conversion_manager.o
    0x08003534   0x08003534   0x00000090   Code   RO          977    i.RCM_RegisterRegConv  regular_conversion_manager.o
    0x080035c4   0x080035c4   0x00000018   Code   RO         4429    i.REMNG_Init        ramp_ext_mngr.o
    0x080035dc   0x080035dc   0x000006b4   Code   RO         1434    i.RI_GetRegCommandParser  register_interface.o
    0x08003c90   0x08003c90   0x0000049c   Code   RO         1435    i.RI_SetRegCommandParser  register_interface.o
    0x0800412c   0x0800412c   0x00000064   Code   RO         4382    i.RVBS_CalcAvVbus   r_divider_bus_voltage_sensor.o
    0x08004190   0x08004190   0x0000001a   Code   RO         4384    i.RVBS_CheckFaultState  r_divider_bus_voltage_sensor.o
    0x080041aa   0x080041aa   0x00000030   Code   RO         4385    i.RVBS_Clear        r_divider_bus_voltage_sensor.o
    0x080041da   0x080041da   0x00000016   Code   RO         4386    i.RVBS_Init         r_divider_bus_voltage_sensor.o
    0x080041f0   0x080041f0   0x00000008   Code   RO         4483    i.SPD_GetAvrgMecSpeedUnit  speed_pos_fdbk.o
    0x080041f8   0x080041f8   0x00000008   Code   RO         4484    i.SPD_GetElAngle    speed_pos_fdbk.o
    0x08004200   0x08004200   0x00000008   Code   RO         4487    i.SPD_GetInstElSpeedDpp  speed_pos_fdbk.o
    0x08004208   0x08004208   0x00000018   Code   RO         4489    i.SPD_GetS16Speed   speed_pos_fdbk.o
    0x08004220   0x08004220   0x00000060   Code   RO         4490    i.SPD_IsMecSpeedReliable  speed_pos_fdbk.o
    0x08004280   0x08004280   0x0000005a   Code   RO         4556    i.STC_CalcTorqueReference  speed_torq_ctrl.o
    0x080042da   0x080042da   0x00000014   Code   RO         4557    i.STC_Clear         speed_torq_ctrl.o
    0x080042ee   0x080042ee   0x0000009e   Code   RO         4558    i.STC_ExecRamp      speed_torq_ctrl.o
    0x0800438c   0x0800438c   0x00000010   Code   RO         4559    i.STC_ForceSpeedReferenceToCurrentSpeed  speed_torq_ctrl.o
    0x0800439c   0x0800439c   0x0000000e   Code   RO         4561    i.STC_GetDefaultIqdref  speed_torq_ctrl.o
    0x080043aa   0x080043aa   0x0000000c   Code   RO         4563    i.STC_GetMecSpeedRefUnit  speed_torq_ctrl.o
    0x080043b6   0x080043b6   0x00000008   Code   RO         4564    i.STC_GetMecSpeedRefUnitDefault  speed_torq_ctrl.o
    0x080043be   0x080043be   0x00000004   Code   RO         4566    i.STC_GetSpeedSensor  speed_torq_ctrl.o
    0x080043c2   0x080043c2   0x0000000c   Code   RO         4567    i.STC_GetTorqueRef  speed_torq_ctrl.o
    0x080043ce   0x080043ce   0x00000020   Code   RO         4568    i.STC_Init          speed_torq_ctrl.o
    0x080043ee   0x080043ee   0x00000008   Code   RO         4570    i.STC_SetControlMode  speed_torq_ctrl.o
    0x080043f6   0x080043f6   0x00000004   Code   RO         4572    i.STC_SetSpeedSensor  speed_torq_ctrl.o
    0x080043fa   0x080043fa   0x00000008   Code   RO         4573    i.STC_StopRamp      speed_torq_ctrl.o
    0x08004402   0x08004402   0x00000016   Code   RO         4684    i.STM_FaultAcknowledged  state_machine.o
    0x08004418   0x08004418   0x00000032   Code   RO         4685    i.STM_FaultProcessing  state_machine.o
    0x0800444a   0x0800444a   0x0000000a   Code   RO         4686    i.STM_GetFaultState  state_machine.o
    0x08004454   0x08004454   0x00000004   Code   RO         4687    i.STM_GetState      state_machine.o
    0x08004458   0x08004458   0x0000000a   Code   RO         4688    i.STM_Init          state_machine.o
    0x08004462   0x08004462   0x00000110   Code   RO         4689    i.STM_NextState     state_machine.o
    0x08004572   0x08004572   0x00000002   PAD
    0x08004574   0x08004574   0x00000028   Code   RO         1344    i.SysTick_Handler   stm32f0xx_mc_it.o
    0x0800459c   0x0800459c   0x000000d4   Code   RO           15    i.SystemClock_Config  main.o
    0x08004670   0x08004670   0x00000002   Code   RO         3794    i.SystemInit        system_stm32f0xx.o
    0x08004672   0x08004672   0x00000002   PAD
    0x08004674   0x08004674   0x0000004c   Code   RO         1345    i.TIM1_BRK_UP_TRG_COM_IRQHandler  stm32f0xx_mc_it.o
    0x080046c0   0x080046c0   0x0000002c   Code   RO         1346    i.TIM2_IRQHandler   stm32f0xx_mc_it.o
    0x080046ec   0x080046ec   0x00000014   Code   RO          641    i.TSK_ChargeBootCapDelayHasElapsedM1  mc_tasks.o
    0x08004700   0x08004700   0x00000020   Code   RO          642    i.TSK_HardwareFaultTask  mc_tasks.o
    0x08004720   0x08004720   0x000000f4   Code   RO          643    i.TSK_HighFrequencyTask  mc_tasks.o
    0x08004814   0x08004814   0x0000025c   Code   RO          644    i.TSK_MediumFrequencyTaskM1  mc_tasks.o
    0x08004a70   0x08004a70   0x0000001c   Code   RO          645    i.TSK_SafetyTask    mc_tasks.o
    0x08004a8c   0x08004a8c   0x000000ac   Code   RO          646    i.TSK_SafetyTask_PWMOFF  mc_tasks.o
    0x08004b38   0x08004b38   0x0000000c   Code   RO          647    i.TSK_SetChargeBootCapDelayM1  mc_tasks.o
    0x08004b44   0x08004b44   0x0000000c   Code   RO          648    i.TSK_SetStopPermanencyTimeM1  mc_tasks.o
    0x08004b50   0x08004b50   0x00000014   Code   RO          649    i.TSK_StopPermanencyTimeHasElapsedM1  mc_tasks.o
    0x08004b64   0x08004b64   0x00000010   Code   RO         1489    i.UASPEP_IDLE_ENABLE  usart_aspep_driver.o
    0x08004b74   0x08004b74   0x00000074   Code   RO         1490    i.UASPEP_INIT       usart_aspep_driver.o
    0x08004be8   0x08004be8   0x00000054   Code   RO         1491    i.UASPEP_RECEIVE_BUFFER  usart_aspep_driver.o
    0x08004c3c   0x08004c3c   0x00000054   Code   RO         1492    i.UASPEP_SEND_PACKET  usart_aspep_driver.o
    0x08004c90   0x08004c90   0x00000078   Code   RO         1347    i.USART1_IRQHandler  stm32f0xx_mc_it.o
    0x08004d08   0x08004d08   0x0000000a   Code   RO         3828    i.VBS_GetAvBusVoltage_V  bus_voltage_sensor.o
    0x08004d12   0x08004d12   0x00000046   Code   RO         4736    i.VSS_Clear         virtual_speed_sensor.o
    0x08004d58   0x08004d58   0x00000012   Code   RO         4738    i.VSS_Init          virtual_speed_sensor.o
    0x08004d6a   0x08004d6a   0x00000080   Code   RO         4743    i.VSS_SetMecAcceleration  virtual_speed_sensor.o
    0x08004dea   0x08004dea   0x00000016   Code   RO         4744    i.VSS_SetMecAngle   virtual_speed_sensor.o
    0x08004e00   0x08004e00   0x00000044   Code   RO           16    i.__NVIC_SetPriority  main.o
    0x08004e44   0x08004e44   0x0000000e   Code   RO         5023    i.__scatterload_copy  mc_p.l(handlers.o)
    0x08004e52   0x08004e52   0x00000002   Code   RO         5024    i.__scatterload_null  mc_p.l(handlers.o)
    0x08004e54   0x08004e54   0x0000000e   Code   RO         5025    i.__scatterload_zeroinit  mc_p.l(handlers.o)
    0x08004e62   0x08004e62   0x00000002   PAD
    0x08004e64   0x08004e64   0x0000042c   Code   RO           17    i.main              main.o
    0x08005290   0x08005290   0x000000b0   Code   RO          650    i.mc_lock_pins      mc_tasks.o
    0x08005340   0x08005340   0x00000040   Code   RO         4351    i.waitForPolarizationEnd  pwm_common.o
    0x08005380   0x08005380   0x00000023   Data   RO           18    .constdata          main.o
    0x080053a3   0x080053a3   0x00000001   PAD
    0x080053a4   0x080053a4   0x00000002   Data   RO          652    .constdata          mc_tasks.o
    0x080053a6   0x080053a6   0x00000200   Data   RO         1057    .constdata          mc_math.o
    0x080055a6   0x080055a6   0x00000007   Data   RO         1348    .constdata          stm32f0xx_mc_it.o
    0x080055ad   0x080055ad   0x00000003   PAD
    0x080055b0   0x080055b0   0x0000007c   Data   RO         1414    .constdata          mc_parameters.o
    0x0800562c   0x0800562c   0x00000007   Data   RO         1493    .constdata          usart_aspep_driver.o
    0x08005633   0x08005633   0x00000010   Data   RO         1544    .constdata          mc_configuration_registers.o
    0x08005643   0x08005643   0x00000011   Data   RO         1545    .constdata          mc_configuration_registers.o
    0x08005654   0x08005654   0x00000018   Data   RO         1546    .constdata          mc_configuration_registers.o
    0x0800566c   0x0800566c   0x0000000a   Data   RO         1547    .constdata          mc_configuration_registers.o
    0x08005676   0x08005676   0x0000000e   Data   RO         1548    .constdata          mc_configuration_registers.o
    0x08005684   0x08005684   0x0000003c   Data   RO         1549    .constdata          mc_configuration_registers.o
    0x080056c0   0x080056c0   0x0000000c   Data   RO         1550    .constdata          mc_configuration_registers.o
    0x080056cc   0x080056cc   0x00000110   Data   RO         1589    .constdata          aspep.o
    0x080057dc   0x080057dc   0x0000148a   Data   RO         1736    .constdata          uc1705.o
    0x08006c66   0x08006c66   0x00000010   Data   RO         3795    .constdata          system_stm32f0xx.o
    0x08006c76   0x08006c76   0x00000008   Data   RO         3796    .constdata          system_stm32f0xx.o
    0x08006c7e   0x08006c7e   0x00000802   Data   RO         3866    .constdata          circle_limitation.o
    0x08007480   0x08007480   0x0000000e   Data   RO         3970    .constdata          encoder_speed_pos_fdbk.o
    0x0800748e   0x0800748e   0x00000015   Data   RO         4842    .constdata          r3_f0xx_pwm_curr_fdbk.o
    0x080074a3   0x080074a3   0x00000001   PAD
    0x080074a4   0x080074a4   0x00000020   Data   RO         5021    Region$$Table       anon$$obj.o


    Execution Region RW_IRAM1 (Exec base: 0x20000000, Load base: 0x080074c4, Size: 0x00000fb8, Max: 0x00004000, ABSOLUTE, COMPRESSED[0x0000014c])

    Exec Addr    Load Addr    Size         Type   Attr      Idx    E Section Name        Object

    0x20000000   COMPRESSED   0x00000004   Data   RW          299    .data               motorcontrol.o
    0x20000004   COMPRESSED   0x00000114   Data   RW          554    .data               mc_config.o
    0x20000118   COMPRESSED   0x0000002c   Data   RW          555    .data               mc_config.o
    0x20000144   COMPRESSED   0x0000002c   Data   RW          556    .data               mc_config.o
    0x20000170   COMPRESSED   0x0000002c   Data   RW          557    .data               mc_config.o
    0x2000019c   COMPRESSED   0x00000034   Data   RW          558    .data               mc_config.o
    0x200001d0   COMPRESSED   0x000000d0   Data   RW          559    .data               mc_config.o
    0x200002a0   COMPRESSED   0x00000078   Data   RW          560    .data               mc_config.o
    0x20000318   COMPRESSED   0x0000007c   Data   RW          561    .data               mc_config.o
    0x20000394   COMPRESSED   0x0000001c   Data   RW          562    .data               mc_config.o
    0x200003b0   COMPRESSED   0x00000028   Data   RW          563    .data               mc_config.o
    0x200003d8   COMPRESSED   0x00000028   Data   RW          564    .data               mc_config.o
    0x20000400   COMPRESSED   0x00000058   Data   RW          565    .data               mc_config.o
    0x20000458   COMPRESSED   0x000000b4   Data   RW          566    .data               mc_config.o
    0x2000050c   COMPRESSED   0x00000004   Data   RW          567    .data               mc_config.o
    0x20000510   COMPRESSED   0x00000004   Data   RW          568    .data               mc_config.o
    0x20000514   COMPRESSED   0x00000004   Data   RW          569    .data               mc_config.o
    0x20000518   COMPRESSED   0x00000004   Data   RW          570    .data               mc_config.o
    0x2000051c   COMPRESSED   0x00000004   Data   RW          571    .data               mc_config.o
    0x20000520   COMPRESSED   0x00000006   Data   RW          572    .data               mc_config.o
    0x20000526   COMPRESSED   0x00000002   PAD
    0x20000528   COMPRESSED   0x00000014   Data   RW          599    .data               mcp_config.o
    0x2000053c   COMPRESSED   0x00000054   Data   RW          600    .data               mcp_config.o
    0x20000590   COMPRESSED   0x00000010   Data   RW          601    .data               mcp_config.o
    0x200005a0   COMPRESSED   0x00000008   Data   RW          602    .data               mcp_config.o
    0x200005a8   COMPRESSED   0x00000018   Data   RW          653    .data               mc_tasks.o
    0x200005c0   COMPRESSED   0x00000006   Data   RW          981    .data               regular_conversion_manager.o
    0x200005c6   COMPRESSED   0x00000001   Data   RW         1349    .data               stm32f0xx_mc_it.o
    0x200005c7   COMPRESSED   0x00000001   PAD
    0x200005c8   COMPRESSED   0x00000010   Data   RW         1436    .data               register_interface.o
    0x200005d8   COMPRESSED   0x00000004   Data   RW         1551    .data               mc_configuration_registers.o
    0x200005dc   COMPRESSED   0x00000004   Data   RW         1552    .data               mc_configuration_registers.o
    0x200005e0   COMPRESSED   0x00000004   Data   RW         1553    .data               mc_configuration_registers.o
    0x200005e4   COMPRESSED   0x00000004   Data   RW         1554    .data               mc_configuration_registers.o
    0x200005e8   COMPRESSED   0x00000001   Data   RW         1673    .data               stm32f0xx_it.o
    0x200005e9   COMPRESSED   0x00000003   PAD
    0x200005ec   COMPRESSED   0x00000014   Data   RW         1833    .data               hmi_task.o
    0x20000600   COMPRESSED   0x0000000c   Data   RW         2414    .data               stm32f0xx_hal.o
    0x2000060c   COMPRESSED   0x00000004   Data   RW         3797    .data               system_stm32f0xx.o
    0x20000610        -       0x00000014   Zero   RW          552    .bss                mc_config.o
    0x20000624        -       0x0000001c   Zero   RW          553    .bss                mc_config.o
    0x20000640        -       0x00000086   Zero   RW          597    .bss                mcp_config.o
    0x200006c6        -       0x00000082   Zero   RW          598    .bss                mcp_config.o
    0x20000748        -       0x00000026   Zero   RW          651    .bss                mc_tasks.o
    0x2000076e   COMPRESSED   0x00000002   PAD
    0x20000770        -       0x00000048   Zero   RW          980    .bss                regular_conversion_manager.o
    0x200007b8        -       0x00000400   Zero   RW         1735    .bss                uc1705.o
    0x20000bb8        -       0x00000400   Zero   RW            1    STACK               startup_stm32f072xb.o


==============================================================================

Image component sizes


      Code (inc. data)   RO Data    RW Data    ZI Data      Debug   Object Name

      1072         12        272          0          0       8882   aspep.o
        10          0          0          0          0       1064   bus_voltage_sensor.o
       104          4       2050          0          0       1940   circle_limitation.o
       152          0          0          0          0       4243   enc_align_ctrl.o
       584         16         14          0          0      31205   encoder_speed_pos_fdbk.o
       880         96          0         20          0       5945   hmi_task.o
      2256        114         35          0          0     566850   main.o
         0          0          0       1314         48       1816   mc_config.o
         0          0        153         16          0       3629   mc_configuration_registers.o
       442          0          0          0          0      13724   mc_interface.o
       412         34        512          0          0       6125   mc_math.o
         0          0        124          0          0        250   mc_parameters.o
      1914        332          2         24         38      16648   mc_tasks.o
       296         18          0          0          0       1705   mcp.o
         0          0          0        128        264       5794   mcp_config.o
        98          0          0          0          0       2494   motor_power_measurement.o
        36          6          0          4          0      13994   motorcontrol.o
       172          4          0          0          0       3766   ntc_temperature_sensor.o
       278         10          0          0          0      11237   pid_regulator.o
       104          0          0          0          0       1219   pqd_motor_power_measurement.o
        64          0          0          0          0       1373   pwm_common.o
       500          0          0          0          0       4265   pwm_curr_fdbk.o
      1902        170         21          0          0      98723   r3_f0xx_pwm_curr_fdbk.o
       196          6          0          0          0       3506   r_divider_bus_voltage_sensor.o
        24          0          0          0          0       1017   ramp_ext_mngr.o
      2896        160          0         16          0      10232   register_interface.o
       744         84          0          6         72      28561   regular_conversion_manager.o
       144          0          0          0          0       3954   speed_pos_fdbk.o
       386          0          0          0          0       9225   speed_torq_ctrl.o
        28          8        192          0       1024        648   startup_stm32f072xb.o
       368         22          0          0          0       4780   state_machine.o
       164         30          0         12          0       8645   stm32f0xx_hal.o
       138         22          0          0          0      10504   stm32f0xx_hal_cortex.o
        40          4          0          0          0        850   stm32f0xx_hal_msp.o
        12          6          0          0          0       1286   stm32f0xx_hal_rcc.o
       124         16          0          1          0       3810   stm32f0xx_it.o
       116         12          0          0          0      26840   stm32f0xx_ll_adc.o
       184          6          0          0          0       5323   stm32f0xx_ll_exti.o
       180          0          0          0          0       6819   stm32f0xx_ll_gpio.o
       324         48          0          0          0      16948   stm32f0xx_ll_rcc.o
       774         40          0          0          0      33154   stm32f0xx_ll_tim.o
       204         26          0          0          0      20972   stm32f0xx_ll_usart.o
        12          6          0          0          0       4851   stm32f0xx_ll_utils.o
       366         56          7          1          0      34350   stm32f0xx_mc_it.o
         2          0         24          4          0       1139   system_stm32f0xx.o
      1300         52       5258          0       1024      14745   uc1705.o
       300         14          7          0          0      33038   usart_aspep_driver.o
       238          0          0          0          0       3358   virtual_speed_sensor.o

    ----------------------------------------------------------------------
     20566       1434       8708       1552       2472    1095446   Object Totals
         0          0         32          0          0          0   (incl. Generated)
        26          0          5          6          2          0   (incl. Padding)

    ----------------------------------------------------------------------

      Code (inc. data)   RO Data    RW Data    ZI Data      Debug   Library Member Name

       318          0          0          0          0        112   fast_div.o
        86          0          0          0          0          0   __dczerorl2.o
         0          0          0          0          0          0   entry.o
         0          0          0          0          0          0   entry10a.o
         0          0          0          0          0          0   entry11a.o
         4          0          0          0          0          0   entry12b.o
         8          4          0          0          0          0   entry2.o
         4          0          0          0          0          0   entry5.o
         0          0          0          0          0          0   entry7b.o
         0          0          0          0          0          0   entry8b.o
         8          4          0          0          0          0   entry9a.o
        30          0          0          0          0          0   handlers.o
        40          0          0          0          0         72   idiv.o
        36          8          0          0          0         68   init.o
        36          0          0          0          0         60   memcpya.o
        44          0          0          0          0         72   uidiv.o

    ----------------------------------------------------------------------
       618         16          0          0          0        384   Library Totals
         4          0          0          0          0          0   (incl. Padding)

    ----------------------------------------------------------------------

      Code (inc. data)   RO Data    RW Data    ZI Data      Debug   Library Name

       318          0          0          0          0        112   libmc-keil_M0.lib
       296         16          0          0          0        272   mc_p.l

    ----------------------------------------------------------------------
       618         16          0          0          0        384   Library Totals

    ----------------------------------------------------------------------

==============================================================================


      Code (inc. data)   RO Data    RW Data    ZI Data      Debug   

     21184       1450       8708       1552       2472    1086726   Grand Totals
     21184       1450       8708        332       2472    1086726   ELF Image Totals (compressed)
     21184       1450       8708        332          0          0   ROM Totals

==============================================================================

    Total RO  Size (Code + RO Data)                29892 (  29.19kB)
    Total RW  Size (RW Data + ZI Data)              4024 (   3.93kB)
    Total ROM Size (Code + RO Data + RW Data)      30224 (  29.52kB)

==============================================================================

