Component: ARM Compiler 5.06 update 7 (build 960) Tool: armlink [4d3601]

==============================================================================

Section Cross References

    startup_stm32f072xb.o(RESET) refers to startup_stm32f072xb.o(STACK) for __initial_sp
    startup_stm32f072xb.o(RESET) refers to startup_stm32f072xb.o(.text) for Reset_Handler
    startup_stm32f072xb.o(RESET) refers to stm32f0xx_mc_it.o(i.HardFault_Handler) for HardFault_Handler
    startup_stm32f072xb.o(RESET) refers to stm32f0xx_mc_it.o(i.SysTick_Handler) for SysTick_Handler
    startup_stm32f072xb.o(RESET) refers to stm32f0xx_it.o(i.EXTI4_15_IRQHandler) for EXTI4_15_IRQHandler
    startup_stm32f072xb.o(RESET) refers to stm32f0xx_mc_it.o(i.DMA1_Channel1_IRQHandler) for DMA1_Channel1_IRQHandler
    startup_stm32f072xb.o(RESET) refers to stm32f0xx_mc_it.o(i.DMA1_Channel2_3_IRQHandler) for DMA1_Channel2_3_IRQHandler
    startup_stm32f072xb.o(RESET) refers to stm32f0xx_mc_it.o(i.DMA1_Channel4_5_6_7_IRQHandler) for DMA1_Channel4_5_6_7_IRQHandler
    startup_stm32f072xb.o(RESET) refers to stm32f0xx_mc_it.o(i.TIM1_BRK_UP_TRG_COM_IRQHandler) for TIM1_BRK_UP_TRG_COM_IRQHandler
    startup_stm32f072xb.o(RESET) refers to stm32f0xx_mc_it.o(i.USART1_IRQHandler) for USART1_IRQHandler
    startup_stm32f072xb.o(.text) refers to system_stm32f0xx.o(i.SystemInit) for SystemInit
    startup_stm32f072xb.o(.text) refers to entry.o(.ARM.Collect$$$$00000000) for __main
    main.o(i.MX_TIM1_Init) refers to stm32f0xx_ll_tim.o(i.LL_TIM_Init) for LL_TIM_Init
    main.o(i.MX_TIM1_Init) refers to stm32f0xx_ll_tim.o(i.LL_TIM_OC_Init) for LL_TIM_OC_Init
    main.o(i.MX_TIM1_Init) refers to stm32f0xx_ll_tim.o(i.LL_TIM_BDTR_Init) for LL_TIM_BDTR_Init
    main.o(i.MX_TIM1_Init) refers to stm32f0xx_ll_gpio.o(i.LL_GPIO_Init) for LL_GPIO_Init
    main.o(i.MX_TIM1_Init) refers to main.o(.constdata) for .constdata
    main.o(i.SystemClock_Config) refers to stm32f0xx_ll_utils.o(i.LL_SetSystemCoreClock) for LL_SetSystemCoreClock
    main.o(i.SystemClock_Config) refers to stm32f0xx_hal.o(i.HAL_InitTick) for HAL_InitTick
    main.o(i.main) refers to stm32f0xx_hal.o(i.HAL_Init) for HAL_Init
    main.o(i.main) refers to main.o(i.SystemClock_Config) for SystemClock_Config
    main.o(i.main) refers to stm32f0xx_ll_gpio.o(i.LL_GPIO_Init) for LL_GPIO_Init
    main.o(i.main) refers to stm32f0xx_ll_adc.o(i.LL_ADC_Init) for LL_ADC_Init
    main.o(i.main) refers to stm32f0xx_ll_adc.o(i.LL_ADC_REG_Init) for LL_ADC_REG_Init
    main.o(i.main) refers to main.o(i.MX_TIM1_Init) for MX_TIM1_Init
    main.o(i.main) refers to motorcontrol.o(i.MX_MotorControl_Init) for MX_MotorControl_Init
    main.o(i.main) refers to stm32f0xx_ll_exti.o(i.LL_EXTI_Init) for LL_EXTI_Init
    main.o(i.main) refers to hmi_task.o(i.HMI_Init) for HMI_Init
    main.o(i.main) refers to hmi_task.o(i.HMI_Scheduler) for HMI_Scheduler
    main.o(i.main) refers to stm32f0xx_hal.o(i.HAL_Delay) for HAL_Delay
    main.o(i.main) refers to main.o(.constdata) for .constdata
    main.o(i.main) refers to hmi_task.o(.data) for hmi_handle
    motorcontrol.o(i.MX_MotorControl_Init) refers to stm32f0xx_hal_rcc.o(i.HAL_RCC_GetHCLKFreq) for HAL_RCC_GetHCLKFreq
    motorcontrol.o(i.MX_MotorControl_Init) refers to uidiv.o(.text) for __aeabi_uidivmod
    motorcontrol.o(i.MX_MotorControl_Init) refers to stm32f0xx_hal_cortex.o(i.HAL_SYSTICK_Config) for HAL_SYSTICK_Config
    motorcontrol.o(i.MX_MotorControl_Init) refers to mc_tasks.o(i.MCboot) for MCboot
    motorcontrol.o(i.MX_MotorControl_Init) refers to mc_tasks.o(i.mc_lock_pins) for mc_lock_pins
    motorcontrol.o(i.MX_MotorControl_Init) refers to motorcontrol.o(.data) for .data
    mc_api.o(i.MC_AcknowledgeFaultMotor1) refers to mc_interface.o(i.MCI_FaultAcknowledged) for MCI_FaultAcknowledged
    mc_api.o(i.MC_AcknowledgeFaultMotor1) refers to motorcontrol.o(.data) for pMCI
    mc_api.o(i.MC_Clear_IqdrefMotor1) refers to mc_interface.o(i.MCI_Clear_Iqdref) for MCI_Clear_Iqdref
    mc_api.o(i.MC_Clear_IqdrefMotor1) refers to motorcontrol.o(.data) for pMCI
    mc_api.o(i.MC_GetCommandStateMotor1) refers to mc_interface.o(i.MCI_IsCommandAcknowledged) for MCI_IsCommandAcknowledged
    mc_api.o(i.MC_GetCommandStateMotor1) refers to motorcontrol.o(.data) for pMCI
    mc_api.o(i.MC_GetControlModeMotor1) refers to mc_interface.o(i.MCI_GetControlMode) for MCI_GetControlMode
    mc_api.o(i.MC_GetControlModeMotor1) refers to motorcontrol.o(.data) for pMCI
    mc_api.o(i.MC_GetCurrentFaultsMotor1) refers to mc_interface.o(i.MCI_GetCurrentFaults) for MCI_GetCurrentFaults
    mc_api.o(i.MC_GetCurrentFaultsMotor1) refers to motorcontrol.o(.data) for pMCI
    mc_api.o(i.MC_GetElAngledppMotor1) refers to mc_interface.o(i.MCI_GetElAngledpp) for MCI_GetElAngledpp
    mc_api.o(i.MC_GetElAngledppMotor1) refers to motorcontrol.o(.data) for pMCI
    mc_api.o(i.MC_GetIabMotor1) refers to mc_interface.o(i.MCI_GetIab) for MCI_GetIab
    mc_api.o(i.MC_GetIabMotor1) refers to motorcontrol.o(.data) for pMCI
[...]
    i.UASPEP_INIT                            0x08005114   Section        0  usart_aspep_driver.o(i.UASPEP_INIT)
    i.UASPEP_RECEIVE_BUFFER                  0x08005188   Section        0  usart_aspep_driver.o(i.UASPEP_RECEIVE_BUFFER)
    i.UASPEP_SEND_PACKET                     0x080051dc   Section        0  usart_aspep_driver.o(i.UASPEP_SEND_PACKET)
    i.USART1_IRQHandler                      0x08005230   Section        0  stm32f0xx_mc_it.o(i.USART1_IRQHandler)
    i.VBS_GetAvBusVoltage_V                  0x080052a8   Section        0  bus_voltage_sensor.o(i.VBS_GetAvBusVoltage_V)
    i.VBS_GetAvBusVoltage_d                  0x080052b2   Section        0  bus_voltage_sensor.o(i.VBS_GetAvBusVoltage_d)
    i.VSS_CalcAvrgMecSpeedUnit               0x080052b6   Section        0  virtual_speed_sensor.o(i.VSS_CalcAvrgMecSpeedUnit)
    i.VSS_CalcElAngle                        0x0800533a   Section        0  virtual_speed_sensor.o(i.VSS_CalcElAngle)
    i.VSS_Clear                              0x080053ee   Section        0  virtual_speed_sensor.o(i.VSS_Clear)
    i.VSS_Init                               0x08005434   Section        0  virtual_speed_sensor.o(i.VSS_Init)
    i.VSS_SetCopyObserver                    0x08005446   Section        0  virtual_speed_sensor.o(i.VSS_SetCopyObserver)
    i.VSS_SetMecAcceleration                 0x0800544e   Section        0  virtual_speed_sensor.o(i.VSS_SetMecAcceleration)
    i.VSS_SetMecAngle                        0x080054ce   Section        0  virtual_speed_sensor.o(i.VSS_SetMecAngle)
    i.VSS_SetStartTransition                 0x080054e4   Section        0  virtual_speed_sensor.o(i.VSS_SetStartTransition)
    i.VSS_TransitionEnded                    0x08005508   Section        0  virtual_speed_sensor.o(i.VSS_TransitionEnded)
    i.__scatterload_copy                     0x0800550e   Section       14  handlers.o(i.__scatterload_copy)
    i.__scatterload_null                     0x0800551c   Section        2  handlers.o(i.__scatterload_null)
    i.__scatterload_zeroinit                 0x0800551e   Section       14  handlers.o(i.__scatterload_zeroinit)
    i.getScalingFactor                       0x0800552c   Section        0  ramp_ext_mngr.o(i.getScalingFactor)
    i.main                                   0x08005558   Section        0  main.o(i.main)
    i.mc_lock_pins                           0x08005854   Section        0  mc_tasks.o(i.mc_lock_pins)
    i.waitForPolarizationEnd                 0x080058e4   Section        0  pwm_common.o(i.waitForPolarizationEnd)
    .constdata                               0x08005924   Section       21  main.o(.constdata)
    CHANNEL_OFFSET_TAB                       0x08005924   Data           7  main.o(.constdata)
    OFFSET_TAB_CCMRx                         0x0800592b   Data           7  main.o(.constdata)
    SHIFT_TAB_OCxx                           0x08005932   Data           7  main.o(.constdata)
    .constdata                               0x0800593c   Section        2  mc_tasks.o(.constdata)
    .constdata                               0x0800593e   Section      512  mc_math.o(.constdata)
    .constdata                               0x08005b3e   Section        7  stm32f0xx_mc_it.o(.constdata)
    CHANNEL_OFFSET_TAB                       0x08005b3e   Data           7  stm32f0xx_mc_it.o(.constdata)
    .constdata                               0x08005b48   Section      124  mc_parameters.o(.constdata)
    .constdata                               0x08005bc4   Section        7  usart_aspep_driver.o(.constdata)
    CHANNEL_OFFSET_TAB                       0x08005bc4   Data           7  usart_aspep_driver.o(.constdata)
    .constdata                               0x08005bcb   Section       16  mc_configuration_registers.o(.constdata)
    .constdata                               0x08005bdb   Section       17  mc_configuration_registers.o(.constdata)
    .constdata                               0x08005bec   Section       24  mc_configuration_registers.o(.constdata)
    .constdata                               0x08005c04   Section       10  mc_configuration_registers.o(.constdata)
    .constdata                               0x08005c0e   Section       14  mc_configuration_registers.o(.constdata)
    .constdata                               0x08005c1c   Section       60  mc_configuration_registers.o(.constdata)
    .constdata                               0x08005c58   Section       12  mc_configuration_registers.o(.constdata)
    .constdata                               0x08005c64   Section      272  aspep.o(.constdata)
    .constdata                               0x08005d74   Section     5258  uc1705.o(.constdata)
    .constdata                               0x080071fe   Section     2050  circle_limitation.o(.constdata)
    .constdata                               0x08007a00   Section       21  r3_f0xx_pwm_curr_fdbk.o(.constdata)
    OFFSET_TAB_CCMRx                         0x08007a00   Data           7  r3_f0xx_pwm_curr_fdbk.o(.constdata)
    SHIFT_TAB_OCxx                           0x08007a07   Data           7  r3_f0xx_pwm_curr_fdbk.o(.constdata)
    CHANNEL_OFFSET_TAB                       0x08007a0e   Data           7  r3_f0xx_pwm_curr_fdbk.o(.constdata)
    .data                                    0x20000000   Section        4  motorcontrol.o(.data)
    .data                                    0x20000004   Section      276  mc_config.o(.data)
    .data                                    0x20000118   Section       44  mc_config.o(.data)
    .data                                    0x20000144   Section       44  mc_config.o(.data)
    .data                                    0x20000170   Section       44  mc_config.o(.data)
    .data                                    0x2000019c   Section       52  mc_config.o(.data)
    .data                                    0x200001d0   Section      120  mc_config.o(.data)
    .data                                    0x20000248   Section      208  mc_config.o(.data)
    .data                                    0x20000318   Section      120  mc_config.o(.data)
    .data                                    0x20000390   Section      296  mc_config.o(.data)
    .data                                    0x200004b8   Section       20  mc_config.o(.data)
    .data                                    0x200004cc   Section       40  mc_config.o(.data)
    .data                                    0x200004f4   Section       40  mc_config.o(.data)
    .data                                    0x2000051c   Section       88  mc_config.o(.data)
    .data                                    0x20000574   Section      180  mc_config.o(.data)
    .data                                    0x20000628   Section        4  mc_config.o(.data)
    .data                                    0x2000062c   Section        4  mc_config.o(.data)
    .data                                    0x20000630   Section        4  mc_config.o(.data)
    .data                                    0x20000634   Section        4  mc_config.o(.data)
    .data                                    0x20000638   Section        4  mc_config.o(.data)
    .data                                    0x2000063c   Section        6  mc_config.o(.data)
    .data                                    0x20000644   Section       20  mcp_config.o(.data)
    .data                                    0x20000658   Section       84  mcp_config.o(.data)
    .data                                    0x200006ac   Section       16  mcp_config.o(.data)
    .data                                    0x200006bc   Section        8  mcp_config.o(.data)
    .data                                    0x200006c4   Section       20  mc_tasks.o(.data)
    hMFTaskCounterM1                         0x200006c6   Data           2  mc_tasks.o(.data)
    hBootCapDelayCounterM1                   0x200006c8   Data           2  mc_tasks.o(.data)
    hStopPermanencyCounterM1                 0x200006ca   Data           2  mc_tasks.o(.data)
    .data                                    0x200006d8   Section        6  regular_conversion_manager.o(.data)
    .data                                    0x200006de   Section        1  stm32f0xx_mc_it.o(.data)
    SystickDividerCounter                    0x200006de   Data           1  stm32f0xx_mc_it.o(.data)
    .data                                    0x200006e0   Section       20  register_interface.o(.data)
    nullData16                               0x200006e0   Data           2  register_interface.o(.data)
    .data                                    0x200006f4   Section        4  mc_configuration_registers.o(.data)
    .data                                    0x200006f8   Section        4  mc_configuration_registers.o(.data)
    .data                                    0x200006fc   Section        4  mc_configuration_registers.o(.data)
    .data                                    0x20000700   Section        4  mc_configuration_registers.o(.data)
    .data                                    0x20000704   Section        1  stm32f0xx_it.o(.data)
    .data                                    0x20000708   Section       20  hmi_task.o(.data)
    .data                                    0x2000071c   Section       12  stm32f0xx_hal.o(.data)
    .data                                    0x20000728   Section        4  system_stm32f0xx.o(.data)
    .bss                                     0x2000072c   Section       20  mc_config.o(.bss)
    .bss                                     0x20000740   Section       28  mc_config.o(.bss)
    .bss                                     0x2000075c   Section      134  mcp_config.o(.bss)
    .bss                                     0x200007e2   Section      130  mcp_config.o(.bss)
    .bss                                     0x20000864   Section       38  mc_tasks.o(.bss)
    .bss                                     0x2000088c   Section       72  regular_conversion_manager.o(.bss)
    .bss                                     0x200008d4   Section     1024  uc1705.o(.bss)
    LCD_Gram                                 0x200008d4   Data        1024  uc1705.o(.bss)
    STACK                                    0x20000cd8   Section     1024  startup_stm32f072xb.o(STACK)

    Global Symbols

    Symbol Name                              Value     Ov Type        Size  Object(Section)

    BuildAttributes$$THM_ISAv3M$S$PE$A:L22$X:L11$S22$IEEE1$IW$USESV6$~STKCKD$USESV7$~SHL$OTIME$EBA8$MICROLIB$REQ8$PRES8$EABIv2 0x00000000   Number         0  anon$$obj.o ABSOLUTE
    __ARM_use_no_argv                        0x00000000   Number         0  main.o ABSOLUTE
    __arm_fini_                               - Undefined Weak Reference
    __cpp_initialize__aeabi_                  - Undefined Weak Reference
    __cxa_finalize                            - Undefined Weak Reference
    _clock_init                               - Undefined Weak Reference
    _microlib_exit                            - Undefined Weak Reference
    __Vectors_Size                           0x000000c0   Number         0  startup_stm32f072xb.o ABSOLUTE
    __Vectors                                0x08000000   Data           4  startup_stm32f072xb.o(RESET)
    __Vectors_End                            0x080000c0   Data           0  startup_stm32f072xb.o(RESET)
    __main                                   0x080000c1   Thumb Code     0  entry.o(.ARM.Collect$$$$00000000)
    _main_stk                                0x080000c1   Thumb Code     0  entry2.o(.ARM.Collect$$$$00000001)
    _main_scatterload                        0x080000c5   Thumb Code     0  entry5.o(.ARM.Collect$$$$00000004)
    __main_after_scatterload                 0x080000c9   Thumb Code     0  entry5.o(.ARM.Collect$$$$00000004)
    _main_clock                              0x080000c9   Thumb Code     0  entry7b.o(.ARM.Collect$$$$00000008)
    _main_cpp_init                           0x080000c9   Thumb Code     0  entry8b.o(.ARM.Collect$$$$0000000A)
    _main_init                               0x080000c9   Thumb Code     0  entry9a.o(.ARM.Collect$$$$0000000B)
    __rt_lib_shutdown_fini                   0x080000d1   Thumb Code     0  entry12b.o(.ARM.Collect$$$$0000000E)
    __rt_final_cpp                           0x080000d5   Thumb Code     0  entry10a.o(.ARM.Collect$$$$0000000F)
    __rt_final_exit                          0x080000d5   Thumb Code     0  entry11a.o(.ARM.Collect$$$$00000011)
    Reset_Handler                            0x080000d9   Thumb Code     8  startup_stm32f072xb.o(.text)
    NMI_Handler                              0x080000e1   Thumb Code     2  startup_stm32f072xb.o(.text)
    SVC_Handler                              0x080000e5   Thumb Code     2  startup_stm32f072xb.o(.text)
    PendSV_Handler                           0x080000e7   Thumb Code     2  startup_stm32f072xb.o(.text)
    ADC1_COMP_IRQHandler                     0x080000eb   Thumb Code     0  startup_stm32f072xb.o(.text)
    CEC_CAN_IRQHandler                       0x080000eb   Thumb Code     0  startup_stm32f072xb.o(.text)
    EXTI0_1_IRQHandler                       0x080000eb   Thumb Code     0  startup_stm32f072xb.o(.text)
    EXTI2_3_IRQHandler                       0x080000eb   Thumb Code     0  startup_stm32f072xb.o(.text)
    FLASH_IRQHandler                         0x080000eb   Thumb Code     0  startup_stm32f072xb.o(.text)
    I2C1_IRQHandler                          0x080000eb   Thumb Code     0  startup_stm32f072xb.o(.text)
    I2C2_IRQHandler                          0x080000eb   Thumb Code     0  startup_stm32f072xb.o(.text)
    PVD_VDDIO2_IRQHandler                    0x080000eb   Thumb Code     0  startup_stm32f072xb.o(.text)
    RCC_CRS_IRQHandler                       0x080000eb   Thumb Code     0  startup_stm32f072xb.o(.text)
    RTC_IRQHandler                           0x080000eb   Thumb Code     0  startup_stm32f072xb.o(.text)
    SPI1_IRQHandler                          0x080000eb   Thumb Code     0  startup_stm32f072xb.o(.text)
    SPI2_IRQHandler                          0x080000eb   Thumb Code     0  startup_stm32f072xb.o(.text)
    TIM14_IRQHandler                         0x080000eb   Thumb Code     0  startup_stm32f072xb.o(.text)
    TIM15_IRQHandler                         0x080000eb   Thumb Code     0  startup_stm32f072xb.o(.text)
    TIM16_IRQHandler                         0x080000eb   Thumb Code     0  startup_stm32f072xb.o(.text)
    TIM17_IRQHandler                         0x080000eb   Thumb Code     0  startup_stm32f072xb.o(.text)
    TIM1_CC_IRQHandler                       0x080000eb   Thumb Code     0  startup_stm32f072xb.o(.text)
    TIM2_IRQHandler                          0x080000eb   Thumb Code     0  startup_stm32f072xb.o(.text)
    TIM3_IRQHandler                          0x080000eb   Thumb Code     0  startup_stm32f072xb.o(.text)
    TIM6_DAC_IRQHandler                      0x080000eb   Thumb Code     0  startup_stm32f072xb.o(.text)
    TIM7_IRQHandler                          0x080000eb   Thumb Code     0  startup_stm32f072xb.o(.text)
    TSC_IRQHandler                           0x080000eb   Thumb Code     0  startup_stm32f072xb.o(.text)
    USART2_IRQHandler                        0x080000eb   Thumb Code     0  startup_stm32f072xb.o(.text)
    USART3_4_IRQHandler                      0x080000eb   Thumb Code     0  startup_stm32f072xb.o(.text)
    USB_IRQHandler                           0x080000eb   Thumb Code     0  startup_stm32f072xb.o(.text)
    WWDG_IRQHandler                          0x080000eb   Thumb Code     0  startup_stm32f072xb.o(.text)
    RUC_Init                                 0x080000f5   Thumb Code    72  revup_ctrl.o(.text)
    RUC_Clear                                0x0800013d   Thumb Code   130  revup_ctrl.o(.text)
    RUC_OTF_Exec                             0x080001bf   Thumb Code   476  revup_ctrl.o(.text)
    RUC_Exec                                 0x0800039b   Thumb Code   102  revup_ctrl.o(.text)
    RUC_GetPhaseFinalMecSpeed01Hz            0x08000401   Thumb Code    12  revup_ctrl.o(.text)
    RUC_IsAlignStageNow                      0x0800040d   Thumb Code    24  revup_ctrl.o(.text)
    RUC_Completed                            0x08000425   Thumb Code    14  revup_ctrl.o(.text)
    RUC_Stop                                 0x08000433   Thumb Code    28  revup_ctrl.o(.text)
    RUC_FirstAccelerationStageReached        0x0800044f   Thumb Code    18  revup_ctrl.o(.text)
    RUC_SetPhaseDurationms                   0x08000461   Thumb Code    10  revup_ctrl.o(.text)
    RUC_SetPhaseFinalMecSpeedUnit            0x0800046b   Thumb Code    10  revup_ctrl.o(.text)
    RUC_SetPhaseFinalTorque                  0x08000475   Thumb Code    10  revup_ctrl.o(.text)
    RUC_SetPhase                             0x0800047f   Thumb Code    26  revup_ctrl.o(.text)
    RUC_GetPhaseDurationms                   0x08000499   Thumb Code    10  revup_ctrl.o(.text)
    RUC_GetPhaseFinalMecSpeedUnit            0x080004a3   Thumb Code    12  revup_ctrl.o(.text)
    RUC_GetPhaseFinalTorque                  0x080004af   Thumb Code    12  revup_ctrl.o(.text)
    RUC_GetNumberOfPhases                    0x080004bb   Thumb Code     6  revup_ctrl.o(.text)
    RUC_GetPhase                             0x080004c1   Thumb Code    22  revup_ctrl.o(.text)
    RUC_Get_SCLowsideOTF_Status              0x080004d7   Thumb Code     6  revup_ctrl.o(.text)
    STO_PLL_Clear                            0x080004dd   Thumb Code   114  sto_pll_speed_pos_fdbk.o(.text)
    STO_PLL_Init                             0x0800054f   Thumb Code    92  sto_pll_speed_pos_fdbk.o(.text)
    STO_PLL_Return                           0x080005ab   Thumb Code     2  sto_pll_speed_pos_fdbk.o(.text)
    STO_PLL_CalcElAngle                      0x080005ad   Thumb Code   460  sto_pll_speed_pos_fdbk.o(.text)
    STO_PLL_CalcAvrgMecSpeedUnit             0x08000779   Thumb Code   348  sto_pll_speed_pos_fdbk.o(.text)
    STO_PLL_CalcAvrgElSpeedDpp               0x080008d5   Thumb Code    76  sto_pll_speed_pos_fdbk.o(.text)
    STO_PLL_IsObserverConverged              0x08000921   Thumb Code   158  sto_pll_speed_pos_fdbk.o(.text)
    STO_PLL_GetEstimatedBemf                 0x080009bf   Thumb Code    16  sto_pll_speed_pos_fdbk.o(.text)
    STO_PLL_GetEstimatedCurrent              0x080009cf   Thumb Code    24  sto_pll_speed_pos_fdbk.o(.text)
    STO_PLL_GetObserverGains                 0x080009e7   Thumb Code    10  sto_pll_speed_pos_fdbk.o(.text)
    STO_PLL_SetObserverGains                 0x080009f1   Thumb Code     6  sto_pll_speed_pos_fdbk.o(.text)
    STO_GetPLLGains                          0x080009f7   Thumb Code    26  sto_pll_speed_pos_fdbk.o(.text)
    STO_SetPLLGains                          0x08000a11   Thumb Code    22  sto_pll_speed_pos_fdbk.o(.text)
    STO_PLL_SetMecAngle                      0x08000a27   Thumb Code     2  sto_pll_speed_pos_fdbk.o(.text)
    STO_OTF_ResetPLL                         0x08000a29   Thumb Code    14  sto_pll_speed_pos_fdbk.o(.text)
    STO_ResetPLL                             0x08000a37   Thumb Code    12  sto_pll_speed_pos_fdbk.o(.text)
    STO_SetPLL                               0x08000a43   Thumb Code    30  sto_pll_speed_pos_fdbk.o(.text)
    STO_PLL_GetEstimatedBemfLevel            0x08000a61   Thumb Code     8  sto_pll_speed_pos_fdbk.o(.text)
    STO_PLL_GetObservedBemfLevel             0x08000a69   Thumb Code     6  sto_pll_speed_pos_fdbk.o(.text)
    STO_PLL_BemfConsistencyCheckSwitch       0x08000a6f   Thumb Code     8  sto_pll_speed_pos_fdbk.o(.text)
    STO_PLL_IsBemfConsistent                 0x08000a77   Thumb Code     6  sto_pll_speed_pos_fdbk.o(.text)
    STO_PLL_IsVarianceTight                  0x08000a7d   Thumb Code     8  sto_pll_speed_pos_fdbk.o(.text)
    STO_PLL_ForceConvergency1                0x08000a85   Thumb Code    12  sto_pll_speed_pos_fdbk.o(.text)
    STO_PLL_ForceConvergency2                0x08000a91   Thumb Code    12  sto_pll_speed_pos_fdbk.o(.text)
    STO_SetMinStartUpValidSpeedUnit          0x08000a9d   Thumb Code     8  sto_pll_speed_pos_fdbk.o(.text)
    STO_SetDirection                         0x08000aa5   Thumb Code     8  sto_pll_speed_pos_fdbk.o(.text)
    FD_Init                                  0x08000aad   Thumb Code    28  fast_div.o(.text)
    FD_FastDiv                               0x08000ac9   Thumb Code   290  fast_div.o(.text)
    __aeabi_uidiv                            0x08000beb   Thumb Code     0  uidiv.o(.text)
    __aeabi_uidivmod                         0x08000beb   Thumb Code    44  uidiv.o(.text)
    __aeabi_idiv                             0x08000c17   Thumb Code     0  idiv.o(.text)
    __aeabi_idivmod                          0x08000c17   Thumb Code    40  idiv.o(.text)
    __aeabi_memcpy                           0x08000c3f   Thumb Code    36  memcpya.o(.text)
    __aeabi_memcpy4                          0x08000c3f   Thumb Code     0  memcpya.o(.text)
    __aeabi_memcpy8                          0x08000c3f   Thumb Code     0  memcpya.o(.text)
    __scatterload                            0x08000c65   Thumb Code    28  init.o(.text)
    __scatterload_rt2                        0x08000c65   Thumb Code     0  init.o(.text)
    __decompress                             0x08000c89   Thumb Code     0  __dczerorl2.o(.text)
    __decompress1                            0x08000c89   Thumb Code    86  __dczerorl2.o(.text)
    ASPEP_CheckBeacon                        0x08000cdf   Thumb Code   108  aspep.o(i.ASPEP_CheckBeacon)
    ASPEP_HWDMAReset                         0x08000d4b   Thumb Code    24  aspep.o(i.ASPEP_HWDMAReset)
    ASPEP_HWDataReceivedIT                   0x08000d65   Thumb Code   132  aspep.o(i.ASPEP_HWDataReceivedIT)
    ASPEP_HWDataTransmittedIT                0x08000ded   Thumb Code    80  aspep.o(i.ASPEP_HWDataTransmittedIT)
    ASPEP_RXframeProcess                     0x08000e3d   Thumb Code   424  aspep.o(i.ASPEP_RXframeProcess)
    ASPEP_TXframeProcess                     0x08000fe5   Thumb Code   140  aspep.o(i.ASPEP_TXframeProcess)
    ASPEP_getBuffer                          0x08001079   Thumb Code    38  aspep.o(i.ASPEP_getBuffer)
    ASPEP_sendPacket                         0x0800109f   Thumb Code    78  aspep.o(i.ASPEP_sendPacket)
    ASPEP_start                              0x080010ed   Thumb Code    36  aspep.o(i.ASPEP_start)
    Circle_Limitation                        0x08001111   Thumb Code   100  circle_limitation.o(i.Circle_Limitation)
    DMA1_Channel1_IRQHandler                 0x08001179   Thumb Code    14  stm32f0xx_mc_it.o(i.DMA1_Channel1_IRQHandler)
    DMA1_Channel2_3_IRQHandler               0x0800118d   Thumb Code    28  stm32f0xx_mc_it.o(i.DMA1_Channel2_3_IRQHandler)
    DMA1_Channel4_5_6_7_IRQHandler           0x080011b1   Thumb Code    18  stm32f0xx_mc_it.o(i.DMA1_Channel4_5_6_7_IRQHandler)
    Delay_US                                 0x080011c9   Thumb Code    44  hmi_task.o(i.Delay_US)
    EXTI4_15_IRQHandler                      0x080011f9   Thumb Code   108  stm32f0xx_it.o(i.EXTI4_15_IRQHandler)
    F0XX_BRK_IRQHandler                      0x08001275   Thumb Code    46  r3_f0xx_pwm_curr_fdbk.o(i.F0XX_BRK_IRQHandler)
    FOC_CalcCurrRef                          0x080012a5   Thumb Code    34  mc_tasks.o(i.FOC_CalcCurrRef)
    FOC_Clear                                0x080012d1   Thumb Code    78  mc_tasks.o(i.FOC_Clear)
    FOC_InitAdditionalMethods                0x08001335   Thumb Code     2  mc_tasks.o(i.FOC_InitAdditionalMethods)
    HAL_Delay                                0x08001339   Thumb Code    32  stm32f0xx_hal.o(i.HAL_Delay)
    HAL_GetTick                              0x0800135d   Thumb Code     6  stm32f0xx_hal.o(i.HAL_GetTick)
    HAL_IncTick                              0x08001369   Thumb Code    12  stm32f0xx_hal.o(i.HAL_IncTick)
    HAL_Init                                 0x08001379   Thumb Code    26  stm32f0xx_hal.o(i.HAL_Init)
    HAL_InitTick                             0x08001399   Thumb Code    58  stm32f0xx_hal.o(i.HAL_InitTick)
    HAL_MspInit                              0x080013dd   Thumb Code    36  stm32f0xx_hal_msp.o(i.HAL_MspInit)
    HAL_NVIC_SetPriority                     0x08001405   Thumb Code    60  stm32f0xx_hal_cortex.o(i.HAL_NVIC_SetPriority)
    HAL_RCC_GetHCLKFreq                      0x08001449   Thumb Code     6  stm32f0xx_hal_rcc.o(i.HAL_RCC_GetHCLKFreq)
    HAL_SYSTICK_Callback                     0x08001455   Thumb Code     2  stm32f0xx_hal_cortex.o(i.HAL_SYSTICK_Callback)
    HAL_SYSTICK_Config                       0x08001459   Thumb Code    46  stm32f0xx_hal_cortex.o(i.HAL_SYSTICK_Config)
    HAL_SYSTICK_IRQHandler                   0x08001495   Thumb Code     8  stm32f0xx_hal_cortex.o(i.HAL_SYSTICK_IRQHandler)
    HMI_Init                                 0x0800149d   Thumb Code    26  hmi_task.o(i.HMI_Init)
    HMI_Main_page                            0x080014b9   Thumb Code   154  hmi_task.o(i.HMI_Main_page)
    HMI_NextState                            0x0800156d   Thumb Code    58  hmi_task.o(i.HMI_NextState)
    HMI_Scheduler                            0x080015a9   Thumb Code    24  hmi_task.o(i.HMI_Scheduler)
    HMI_Task                                 0x080015c5   Thumb Code   356  hmi_task.o(i.HMI_Task)
    HardFault_Handler                        0x0800175d   Thumb Code     6  stm32f0xx_mc_it.o(i.HardFault_Handler)
    LCD_DrawPoint                            0x08001765   Thumb Code    54  uc1705.o(i.LCD_DrawPoint)
    LCD_Init                                 0x080017a1   Thumb Code   206  uc1705.o(i.LCD_Init)
    LCD_RefreshData                          0x0800187d   Thumb Code   126  hmi_task.o(i.LCD_RefreshData)
    LCD_RefreshGram                          0x08001905   Thumb Code   108  uc1705.o(i.LCD_RefreshGram)
    LCD_ShowChar                             0x08001979   Thumb Code   200  uc1705.o(i.LCD_ShowChar)
    LCD_ShowLoad                             0x08001a4d   Thumb Code   166  uc1705.o(i.LCD_ShowLoad)
    LCD_ShowNum                              0x08001af3   Thumb Code   162  uc1705.o(i.LCD_ShowNum)
    LCD_ShowString                           0x08001b95   Thumb Code   136  uc1705.o(i.LCD_ShowString)
    LCD_Show_Logo                            0x08001c21   Thumb Code   156  uc1705.o(i.LCD_Show_Logo)
    LCD_W_CMD                                0x08001cc1   Thumb Code    60  uc1705.o(i.LCD_W_CMD)
    LL_ADC_Init                              0x08001d01   Thumb Code    54  stm32f0xx_ll_adc.o(i.LL_ADC_Init)
    LL_ADC_REG_Init                          0x08001d3d   Thumb Code    50  stm32f0xx_ll_adc.o(i.LL_ADC_REG_Init)
    LL_EXTI_Init                             0x08001d75   Thumb Code   178  stm32f0xx_ll_exti.o(i.LL_EXTI_Init)
    LL_GPIO_Init                             0x08001e2d   Thumb Code   180  stm32f0xx_ll_gpio.o(i.LL_GPIO_Init)
    LL_SetSystemCoreClock                    0x08001ee1   Thumb Code     6  stm32f0xx_ll_utils.o(i.LL_SetSystemCoreClock)
    LL_TIM_BDTR_Init                         0x08001eed   Thumb Code    74  stm32f0xx_ll_tim.o(i.LL_TIM_BDTR_Init)
    LL_TIM_Init                              0x08001f39   Thumb Code   124  stm32f0xx_ll_tim.o(i.LL_TIM_Init)
    LL_TIM_OC_Init                           0x08001fcd   Thumb Code   536  stm32f0xx_ll_tim.o(i.LL_TIM_OC_Init)
    MCI_Clear_Iqdref                         0x080021f5   Thumb Code    20  mc_interface.o(i.MCI_Clear_Iqdref)
    MCI_EncoderAlign                         0x08002209   Thumb Code    12  mc_interface.o(i.MCI_EncoderAlign)
    MCI_ExecBufferedCommands                 0x08002215   Thumb Code   122  mc_interface.o(i.MCI_ExecBufferedCommands)
    MCI_ExecSpeedRamp                        0x0800228f   Thumb Code    14  mc_interface.o(i.MCI_ExecSpeedRamp)
    MCI_ExecTorqueRamp                       0x0800229d   Thumb Code    18  mc_interface.o(i.MCI_ExecTorqueRamp)
    MCI_FaultAcknowledged                    0x080022af   Thumb Code    10  mc_interface.o(i.MCI_FaultAcknowledged)
    MCI_GetAvrgMecSpeedUnit                  0x080022b9   Thumb Code    14  mc_interface.o(i.MCI_GetAvrgMecSpeedUnit)
    MCI_GetControlMode                       0x080022c7   Thumb Code     4  mc_interface.o(i.MCI_GetControlMode)
    MCI_GetIab                               0x080022cb   Thumb Code    16  mc_interface.o(i.MCI_GetIab)
    MCI_GetIalphabeta                        0x080022db   Thumb Code    16  mc_interface.o(i.MCI_GetIalphabeta)
    MCI_GetImposedMotorDirection             0x080022eb   Thumb Code    52  mc_interface.o(i.MCI_GetImposedMotorDirection)
    MCI_GetIqd                               0x0800231f   Thumb Code    16  mc_interface.o(i.MCI_GetIqd)
    MCI_GetIqdref                            0x0800232f   Thumb Code    16  mc_interface.o(i.MCI_GetIqdref)
    MCI_GetLastRampFinalDuration             0x0800233f   Thumb Code     4  mc_interface.o(i.MCI_GetLastRampFinalDuration)
    MCI_GetLastRampFinalSpeed                0x08002343   Thumb Code     8  mc_interface.o(i.MCI_GetLastRampFinalSpeed)
    MCI_GetLastRampFinalTorque               0x0800234b   Thumb Code     8  mc_interface.o(i.MCI_GetLastRampFinalTorque)
    MCI_GetMecSpeedRefUnit                   0x08002353   Thumb Code    10  mc_interface.o(i.MCI_GetMecSpeedRefUnit)
    MCI_GetSTMState                          0x0800235d   Thumb Code    10  mc_interface.o(i.MCI_GetSTMState)
    MCI_GetTeref                             0x08002367   Thumb Code     8  mc_interface.o(i.MCI_GetTeref)
    MCI_GetValphabeta                        0x0800236f   Thumb Code    16  mc_interface.o(i.MCI_GetValphabeta)
    MCI_GetVqd                               0x0800237f   Thumb Code    16  mc_interface.o(i.MCI_GetVqd)
    MCI_Init                                 0x0800238f   Thumb Code    20  mc_interface.o(i.MCI_Init)
    MCI_SetCurrentReferences                 0x080023a3   Thumb Code    20  mc_interface.o(i.MCI_SetCurrentReferences)
    MCI_StartMotor                           0x080023b7   Thumb Code    22  mc_interface.o(i.MCI_StartMotor)
    MCI_StopMotor                            0x080023cd   Thumb Code    12  mc_interface.o(i.MCI_StopMotor)
    MCI_StopRamp                             0x080023d9   Thumb Code    10  mc_interface.o(i.MCI_StopRamp)
    MCM_Clarke                               0x080023e5   Thumb Code    62  mc_math.o(i.MCM_Clarke)
    MCM_Park                                 0x08002431   Thumb Code   112  mc_math.o(i.MCM_Park)
    MCM_Rev_Park                             0x080024b1   Thumb Code    48  mc_math.o(i.MCM_Rev_Park)
    MCM_Trig_Functions                       0x080024e1   Thumb Code   156  mc_math.o(i.MCM_Trig_Functions)
    MCP_ReceivedPacket                       0x08002581   Thumb Code   286  mcp.o(i.MCP_ReceivedPacket)
    MC_RunMotorControlTasks                  0x080026a9   Thumb Code    22  mc_tasks.o(i.MC_RunMotorControlTasks)
    MC_Scheduler                             0x080026c5   Thumb Code   104  mc_tasks.o(i.MC_Scheduler)
    MCboot                                   0x0800273d   Thumb Code   208  mc_tasks.o(i.MCboot)
    MPM_CalcElMotorPower                     0x08002869   Thumb Code    64  motor_power_measurement.o(i.MPM_CalcElMotorPower)
    MPM_Clear                                0x080028a9   Thumb Code    26  motor_power_measurement.o(i.MPM_Clear)
    MPM_GetAvrgElMotorPowerW                 0x080028c3   Thumb Code     8  motor_power_measurement.o(i.MPM_GetAvrgElMotorPowerW)
    MX_MotorControl_Init                     0x080028cd   Thumb Code    30  motorcontrol.o(i.MX_MotorControl_Init)
    NTC_CalcAvTemp                           0x08002b05   Thumb Code    60  ntc_temperature_sensor.o(i.NTC_CalcAvTemp)
    NTC_Clear                                0x08002b45   Thumb Code     6  ntc_temperature_sensor.o(i.NTC_Clear)
    NTC_GetAvTemp_C                          0x08002b4b   Thumb Code    38  ntc_temperature_sensor.o(i.NTC_GetAvTemp_C)
    NTC_Init                                 0x08002b71   Thumb Code    38  ntc_temperature_sensor.o(i.NTC_Init)
    NTC_SetFaultState                        0x08002b97   Thumb Code    26  ntc_temperature_sensor.o(i.NTC_SetFaultState)
    PID_GetKD                                0x08002bb1   Thumb Code     8  pid_regulator.o(i.PID_GetKD)
    PID_GetKDDivisorPOW2                     0x08002bb9   Thumb Code     8  pid_regulator.o(i.PID_GetKDDivisorPOW2)
    PID_GetKI                                0x08002bc1   Thumb Code     8  pid_regulator.o(i.PID_GetKI)
    PID_GetKIDivisor                         0x08002bc9   Thumb Code     4  pid_regulator.o(i.PID_GetKIDivisor)
    PID_GetKIDivisorPOW2                     0x08002bcd   Thumb Code     8  pid_regulator.o(i.PID_GetKIDivisorPOW2)
    PID_GetKP                                0x08002bd5   Thumb Code     8  pid_regulator.o(i.PID_GetKP)
    PID_GetKPDivisorPOW2                     0x08002bdd   Thumb Code     8  pid_regulator.o(i.PID_GetKPDivisorPOW2)
    PID_HandleInit                           0x08002be5   Thumb Code    20  pid_regulator.o(i.PID_HandleInit)
    PID_SetIntegralTerm                      0x08002bf9   Thumb Code     4  pid_regulator.o(i.PID_SetIntegralTerm)
    PID_SetKD                                0x08002bfd   Thumb Code     4  pid_regulator.o(i.PID_SetKD)
    PID_SetKDDivisorPOW2                     0x08002c01   Thumb Code    10  pid_regulator.o(i.PID_SetKDDivisorPOW2)
    PID_SetKI                                0x08002c0b   Thumb Code     4  pid_regulator.o(i.PID_SetKI)
    PID_SetKIDivisorPOW2                     0x08002c0f   Thumb Code    34  pid_regulator.o(i.PID_SetKIDivisorPOW2)
    PID_SetKP                                0x08002c31   Thumb Code     4  pid_regulator.o(i.PID_SetKP)
    PID_SetKPDivisorPOW2                     0x08002c35   Thumb Code    10  pid_regulator.o(i.PID_SetKPDivisorPOW2)
    PID_SetLowerIntegralTermLimit            0x08002c3f   Thumb Code     4  pid_regulator.o(i.PID_SetLowerIntegralTermLimit)
    PID_SetUpperIntegralTermLimit            0x08002c43   Thumb Code     4  pid_regulator.o(i.PID_SetUpperIntegralTermLimit)
    PI_Controller                            0x08002c49   Thumb Code   122  pid_regulator.o(i.PI_Controller)
    PQD_CalcElMotorPower                     0x08002ccd   Thumb Code   104  pqd_motor_power_measurement.o(i.PQD_CalcElMotorPower)
    PWMC_CheckOverCurrent                    0x08002d35   Thumb Code     4  pwm_curr_fdbk.o(i.PWMC_CheckOverCurrent)
    PWMC_CurrentReadingCalibr                0x08002d39   Thumb Code    68  pwm_curr_fdbk.o(i.PWMC_CurrentReadingCalibr)
    PWMC_GetPhaseCurrents                    0x08002d7d   Thumb Code     4  pwm_curr_fdbk.o(i.PWMC_GetPhaseCurrents)
    PWMC_SetPhaseVoltage                     0x08002d81   Thumb Code   420  pwm_curr_fdbk.o(i.PWMC_SetPhaseVoltage)
    PWMC_SwitchOffPWM                        0x08002f25   Thumb Code     4  pwm_curr_fdbk.o(i.PWMC_SwitchOffPWM)
    PWMC_SwitchOnPWM                         0x08002f29   Thumb Code     4  pwm_curr_fdbk.o(i.PWMC_SwitchOnPWM)
    PWMC_TurnOnLowSides                      0x08002f2d   Thumb Code     4  pwm_curr_fdbk.o(i.PWMC_TurnOnLowSides)
    R3_1_CurrentReadingCalibration           0x08002f31   Thumb Code   298  r3_f0xx_pwm_curr_fdbk.o(i.R3_1_CurrentReadingCalibration)
    R3_1_GetPhaseCurrents                    0x0800307d   Thumb Code   234  r3_f0xx_pwm_curr_fdbk.o(i.R3_1_GetPhaseCurrents)
    R3_1_HFCurrentsCalibrationAB             0x08003175   Thumb Code    74  r3_f0xx_pwm_curr_fdbk.o(i.R3_1_HFCurrentsCalibrationAB)
    R3_1_HFCurrentsCalibrationC              0x080031c5   Thumb Code    62  r3_f0xx_pwm_curr_fdbk.o(i.R3_1_HFCurrentsCalibrationC)
    R3_1_Init                                0x08003209   Thumb Code   240  r3_f0xx_pwm_curr_fdbk.o(i.R3_1_Init)
    R3_1_IsOverCurrentOccurred               0x08003325   Thumb Code    32  r3_f0xx_pwm_curr_fdbk.o(i.R3_1_IsOverCurrentOccurred)
    R3_1_SetADCSampPointCalibration          0x08003345   Thumb Code    32  r3_f0xx_pwm_curr_fdbk.o(i.R3_1_SetADCSampPointCalibration)
    R3_1_SetADCSampPointSectX                0x08003365   Thumb Code    92  r3_f0xx_pwm_curr_fdbk.o(i.R3_1_SetADCSampPointSectX)
    R3_1_SwitchOffPWM                        0x080033c1   Thumb Code   142  r3_f0xx_pwm_curr_fdbk.o(i.R3_1_SwitchOffPWM)
    R3_1_SwitchOnPWM                         0x08003465   Thumb Code   236  r3_f0xx_pwm_curr_fdbk.o(i.R3_1_SwitchOnPWM)
    R3_1_TIMx_UP_IRQHandler                  0x08003565   Thumb Code   124  r3_f0xx_pwm_curr_fdbk.o(i.R3_1_TIMx_UP_IRQHandler)
    R3_1_TurnOnLowSides                      0x080035ed   Thumb Code    74  r3_f0xx_pwm_curr_fdbk.o(i.R3_1_TurnOnLowSides)
    R3_1_WriteTIMRegisters                   0x0800363d   Thumb Code    52  r3_f0xx_pwm_curr_fdbk.o(i.R3_1_WriteTIMRegisters)
    RCM_ExecNextConv                         0x08003671   Thumb Code   122  regular_conversion_manager.o(i.RCM_ExecNextConv)
    RCM_ExecRegularConv                      0x080036fd   Thumb Code   282  regular_conversion_manager.o(i.RCM_ExecRegularConv)
    RCM_ExecUserConv                         0x0800382d   Thumb Code    62  regular_conversion_manager.o(i.RCM_ExecUserConv)
    RCM_ReadOngoingConv                      0x08003879   Thumb Code    66  regular_conversion_manager.o(i.RCM_ReadOngoingConv)
    RCM_RegisterRegConv                      0x080038c9   Thumb Code   128  regular_conversion_manager.o(i.RCM_RegisterRegConv)
    REMNG_Calc                               0x08003959   Thumb Code    42  ramp_ext_mngr.o(i.REMNG_Calc)
    REMNG_ExecRamp                           0x08003983   Thumb Code   142  ramp_ext_mngr.o(i.REMNG_ExecRamp)
    REMNG_Init                               0x08003a11   Thumb Code    24  ramp_ext_mngr.o(i.REMNG_Init)
    REMNG_RampCompleted                      0x08003a29   Thumb Code    14  ramp_ext_mngr.o(i.REMNG_RampCompleted)
    RI_GetRegCommandParser                   0x08004015   Thumb Code    82  register_interface.o(i.RI_GetRegCommandParser)
    RI_SetRegCommandParser                   0x08004069   Thumb Code  1468  register_interface.o(i.RI_SetRegCommandParser)
    RVBS_CalcAvVbus                          0x08004629   Thumb Code    94  r_divider_bus_voltage_sensor.o(i.RVBS_CalcAvVbus)
    RVBS_CheckFaultState                     0x0800468d   Thumb Code    26  r_divider_bus_voltage_sensor.o(i.RVBS_CheckFaultState)
    RVBS_Clear                               0x080046a7   Thumb Code    48  r_divider_bus_voltage_sensor.o(i.RVBS_Clear)
    RVBS_Init                                0x080046d7   Thumb Code    22  r_divider_bus_voltage_sensor.o(i.RVBS_Init)
    SPD_GetAvrgMecSpeedUnit                  0x080046ed   Thumb Code     8  speed_pos_fdbk.o(i.SPD_GetAvrgMecSpeedUnit)
    SPD_GetElAngle                           0x080046f5   Thumb Code     8  speed_pos_fdbk.o(i.SPD_GetElAngle)
    SPD_GetInstElSpeedDpp                    0x080046fd   Thumb Code     8  speed_pos_fdbk.o(i.SPD_GetInstElSpeedDpp)
    SPD_GetS16Speed                          0x08004705   Thumb Code    24  speed_pos_fdbk.o(i.SPD_GetS16Speed)
    SPD_IsMecSpeedReliable                   0x0800471d   Thumb Code    96  speed_pos_fdbk.o(i.SPD_IsMecSpeedReliable)
    STC_CalcTorqueReference                  0x0800477d   Thumb Code    90  speed_torq_ctrl.o(i.STC_CalcTorqueReference)
    STC_Clear                                0x080047d7   Thumb Code    20  speed_torq_ctrl.o(i.STC_Clear)
    STC_ExecRamp                             0x080047eb   Thumb Code   158  speed_torq_ctrl.o(i.STC_ExecRamp)
    STC_ForceSpeedReferenceToCurrentSpeed    0x08004889   Thumb Code    16  speed_torq_ctrl.o(i.STC_ForceSpeedReferenceToCurrentSpeed)
    STC_GetDefaultIqdref                     0x08004899   Thumb Code    14  speed_torq_ctrl.o(i.STC_GetDefaultIqdref)
    STC_GetMecSpeedRefUnit                   0x080048a7   Thumb Code    12  speed_torq_ctrl.o(i.STC_GetMecSpeedRefUnit)
    STC_GetMecSpeedRefUnitDefault            0x080048b3   Thumb Code     8  speed_torq_ctrl.o(i.STC_GetMecSpeedRefUnitDefault)
    STC_GetSpeedSensor                       0x080048bb   Thumb Code     4  speed_torq_ctrl.o(i.STC_GetSpeedSensor)
    STC_GetTorqueRef                         0x080048bf   Thumb Code    12  speed_torq_ctrl.o(i.STC_GetTorqueRef)
    STC_Init                                 0x080048cb   Thumb Code    32  speed_torq_ctrl.o(i.STC_Init)
    STC_SetControlMode                       0x080048eb   Thumb Code     8  speed_torq_ctrl.o(i.STC_SetControlMode)
    STC_SetSpeedSensor                       0x080048f3   Thumb Code     4  speed_torq_ctrl.o(i.STC_SetSpeedSensor)
    STC_StopRamp                             0x080048f7   Thumb Code     8  speed_torq_ctrl.o(i.STC_StopRamp)
    STM_FaultAcknowledged                    0x080048ff   Thumb Code    22  state_machine.o(i.STM_FaultAcknowledged)
    STM_FaultProcessing                      0x08004915   Thumb Code    50  state_machine.o(i.STM_FaultProcessing)
    STM_GetFaultState                        0x08004947   Thumb Code    10  state_machine.o(i.STM_GetFaultState)
    STM_GetState                             0x08004951   Thumb Code     4  state_machine.o(i.STM_GetState)
    STM_Init                                 0x08004955   Thumb Code    10  state_machine.o(i.STM_Init)
    STM_NextState                            0x0800495f   Thumb Code   272  state_machine.o(i.STM_NextState)
    SysTick_Handler                          0x08004a71   Thumb Code    34  stm32f0xx_mc_it.o(i.SysTick_Handler)
    SystemClock_Config                       0x08004a99   Thumb Code   198  main.o(i.SystemClock_Config)
    SystemInit                               0x08004b6d   Thumb Code     2  system_stm32f0xx.o(i.SystemInit)
    TIM1_BRK_UP_TRG_COM_IRQHandler           0x08004b71   Thumb Code    68  stm32f0xx_mc_it.o(i.TIM1_BRK_UP_TRG_COM_IRQHandler)
    TSK_ChargeBootCapDelayHasElapsedM1       0x08004bbd   Thumb Code    14  mc_tasks.o(i.TSK_ChargeBootCapDelayHasElapsedM1)
    TSK_HardwareFaultTask                    0x08004bd1   Thumb Code    22  mc_tasks.o(i.TSK_HardwareFaultTask)
    TSK_HighFrequencyTask                    0x08004bf1   Thumb Code   346  mc_tasks.o(i.TSK_HighFrequencyTask)
    TSK_MediumFrequencyTaskM1                0x08004d7d   Thumb Code   632  mc_tasks.o(i.TSK_MediumFrequencyTaskM1)
    TSK_SafetyTask                           0x08005025   Thumb Code    24  mc_tasks.o(i.TSK_SafetyTask)
    TSK_SafetyTask_PWMOFF                    0x08005041   Thumb Code   128  mc_tasks.o(i.TSK_SafetyTask_PWMOFF)
    TSK_SetChargeBootCapDelayM1              0x080050d9   Thumb Code     6  mc_tasks.o(i.TSK_SetChargeBootCapDelayM1)
    TSK_SetStopPermanencyTimeM1              0x080050e5   Thumb Code     6  mc_tasks.o(i.TSK_SetStopPermanencyTimeM1)
    TSK_StopPermanencyTimeHasElapsedM1       0x080050f1   Thumb Code    14  mc_tasks.o(i.TSK_StopPermanencyTimeHasElapsedM1)
    UASPEP_IDLE_ENABLE                       0x08005105   Thumb Code    16  usart_aspep_driver.o(i.UASPEP_IDLE_ENABLE)
    UASPEP_INIT                              0x08005115   Thumb Code   112  usart_aspep_driver.o(i.UASPEP_INIT)
    UASPEP_RECEIVE_BUFFER                    0x08005189   Thumb Code    80  usart_aspep_driver.o(i.UASPEP_RECEIVE_BUFFER)
    UASPEP_SEND_PACKET                       0x080051dd   Thumb Code    78  usart_aspep_driver.o(i.UASPEP_SEND_PACKET)
    USART1_IRQHandler                        0x08005231   Thumb Code   104  stm32f0xx_mc_it.o(i.USART1_IRQHandler)
    VBS_GetAvBusVoltage_V                    0x080052a9   Thumb Code    10  bus_voltage_sensor.o(i.VBS_GetAvBusVoltage_V)
    VBS_GetAvBusVoltage_d                    0x080052b3   Thumb Code     4  bus_voltage_sensor.o(i.VBS_GetAvBusVoltage_d)
    VSS_CalcAvrgMecSpeedUnit                 0x080052b7   Thumb Code   132  virtual_speed_sensor.o(i.VSS_CalcAvrgMecSpeedUnit)
    VSS_CalcElAngle                          0x0800533b   Thumb Code   180  virtual_speed_sensor.o(i.VSS_CalcElAngle)
    VSS_Clear                                0x080053ef   Thumb Code    70  virtual_speed_sensor.o(i.VSS_Clear)
    VSS_Init                                 0x08005435   Thumb Code    18  virtual_speed_sensor.o(i.VSS_Init)
    VSS_SetCopyObserver                      0x08005447   Thumb Code     8  virtual_speed_sensor.o(i.VSS_SetCopyObserver)
    VSS_SetMecAcceleration                   0x0800544f   Thumb Code   128  virtual_speed_sensor.o(i.VSS_SetMecAcceleration)
    VSS_SetMecAngle                          0x080054cf   Thumb Code    22  virtual_speed_sensor.o(i.VSS_SetMecAngle)
    VSS_SetStartTransition                   0x080054e5   Thumb Code    36  virtual_speed_sensor.o(i.VSS_SetStartTransition)
    VSS_TransitionEnded                      0x08005509   Thumb Code     6  virtual_speed_sensor.o(i.VSS_TransitionEnded)
    __scatterload_copy                       0x0800550f   Thumb Code    14  handlers.o(i.__scatterload_copy)
    __scatterload_null                       0x0800551d   Thumb Code     2  handlers.o(i.__scatterload_null)
    __scatterload_zeroinit                   0x0800551f   Thumb Code    14  handlers.o(i.__scatterload_zeroinit)
    getScalingFactor                         0x0800552d   Thumb Code    42  ramp_ext_mngr.o(i.getScalingFactor)
    main                                     0x08005559   Thumb Code   712  main.o(i.main)
    mc_lock_pins                             0x08005855   Thumb Code   126  mc_tasks.o(i.mc_lock_pins)
    waitForPolarizationEnd                   0x080058e5   Thumb Code    64  pwm_common.o(i.waitForPolarizationEnd)
    hSin_Cos_Table                           0x0800593e   Data         512  mc_math.o(.constdata)
    R3_1_Params                              0x08005b48   Data         124  mc_parameters.o(.constdata)
    CTL_BOARD                                0x08005bcb   Data          16  mc_configuration_registers.o(.constdata)
    M1_PWR_BOARD                             0x08005bdb   Data          17  mc_configuration_registers.o(.constdata)
    FIRMWARE_NAME                            0x08005bec   Data          24  mc_configuration_registers.o(.constdata)
    globalConfig_reg                         0x08005c04   Data          10  mc_configuration_registers.o(.constdata)
    M1_ApplicationConfig_reg                 0x08005c0e   Data          14  mc_configuration_registers.o(.constdata)
    M1_MotorConfig_reg                       0x08005c1c   Data          60  mc_configuration_registers.o(.constdata)
    M1_FOCConfig_reg                         0x08005c58   Data          12  mc_configuration_registers.o(.constdata)
    CRC4_Lookup4                             0x08005c64   Data          16  aspep.o(.constdata)
    CRC4_Lookup8                             0x08005c74   Data         256  aspep.o(.constdata)
    asc2_0608                                0x08005d74   Data         570  uc1705.o(.constdata)
    asc2_0612                                0x08005fae   Data        1140  uc1705.o(.constdata)
    asc2_1224                                0x08006422   Data        3420  uc1705.o(.constdata)
    bmp                                      0x0800717e   Data         128  uc1705.o(.constdata)
    SqrtTable                                0x080071fe   Data        2050  circle_limitation.o(.constdata)
    Region$$Table$$Base                      0x08007a18   Number         0  anon$$obj.o(Region$$Table)
    Region$$Table$$Limit                     0x08007a38   Number         0  anon$$obj.o(Region$$Table)
    pMCI                                     0x20000000   Data           4  motorcontrol.o(.data)
    PQD_MotorPowMeasM1                       0x20000004   Data         276  mc_config.o(.data)
    PIDSpeedHandle_M1                        0x20000118   Data          44  mc_config.o(.data)
    PIDIqHandle_M1                           0x20000144   Data          44  mc_config.o(.data)
    PIDIdHandle_M1                           0x20000170   Data          44  mc_config.o(.data)
    SpeednTorqCtrlM1                         0x2000019c   Data          52  mc_config.o(.data)
    RevUpControlM1                           0x200001d0   Data         120  mc_config.o(.data)
    PWM_Handle_M1                            0x20000248   Data         208  mc_config.o(.data)
    VirtualSpeedSensorM1                     0x20000318   Data         120  mc_config.o(.data)
    STO_PLL_M1                               0x20000390   Data         296  mc_config.o(.data)
    STO_M1                                   0x200004b8   Data          20  mc_config.o(.data)
    TempSensor_M1                            0x200004cc   Data          40  mc_config.o(.data)
    BusVoltageSensor_M1                      0x200004f4   Data          40  mc_config.o(.data)
    RampExtMngrHFParamsM1                    0x2000051c   Data          88  mc_config.o(.data)
    CircleLimitationM1                       0x20000574   Data         180  mc_config.o(.data)
    pSTC                                     0x20000628   Data           4  mc_config.o(.data)
    pPIDIq                                   0x2000062c   Data           4  mc_config.o(.data)
    pPIDId                                   0x20000630   Data           4  mc_config.o(.data)
    pTemperatureSensor                       0x20000634   Data           4  mc_config.o(.data)
    pMPM                                     0x20000638   Data           4  mc_config.o(.data)
    STM                                      0x2000063c   Data           6  mc_config.o(.data)
    UASPEP_A                                 0x20000644   Data          20  mcp_config.o(.data)
    aspepOverUartA                           0x20000658   Data          84  mcp_config.o(.data)
    MCP_Over_UartA                           0x200006ac   Data          16  mcp_config.o(.data)
    MCP_UserCallBack                         0x200006bc   Data           8  mcp_config.o(.data)
    bMCBootCompleted                         0x200006c4   Data           1  mc_tasks.o(.data)
    pwmcHandle                               0x200006cc   Data           4  mc_tasks.o(.data)
    pCLM                                     0x200006d0   Data           4  mc_tasks.o(.data)
    pREMNG                                   0x200006d4   Data           4  mc_tasks.o(.data)
    RCM_currentHandle                        0x200006d8   Data           1  regular_conversion_manager.o(.data)
    RCM_UserConvHandle                       0x200006d9   Data           1  regular_conversion_manager.o(.data)
    RCM_UserConvState                        0x200006da   Data           1  regular_conversion_manager.o(.data)
    RCM_UserConvValue                        0x200006dc   Data           2  regular_conversion_manager.o(.data)
    BusVoltageSensor                         0x200006e4   Data           4  register_interface.o(.data)
    RevUpControl                             0x200006e8   Data           4  register_interface.o(.data)
    stoPLLSensor                             0x200006ec   Data           4  register_interface.o(.data)
    pPIDSpeed                                0x200006f0   Data           4  register_interface.o(.data)
    PWR_BOARD_NAME                           0x200006f4   Data           4  mc_configuration_registers.o(.data)
    FOCConfig_reg                            0x200006f8   Data           4  mc_configuration_registers.o(.data)
    MotorConfig_reg                          0x200006fc   Data           4  mc_configuration_registers.o(.data)
    ApplicationConfig_reg                    0x20000700   Data           4  mc_configuration_registers.o(.data)
    enc_value                                0x20000704   Data           1  stm32f0xx_it.o(.data)
    spindle_load                             0x20000708   Data           1  hmi_task.o(.data)
    hmi_handle                               0x20000709   Data           1  hmi_task.o(.data)
    hmi_task_cnt                             0x2000070a   Data           2  hmi_task.o(.data)
    spindle_spped                            0x2000070c   Data           2  hmi_task.o(.data)
    uMCI                                     0x20000710   Data           4  hmi_task.o(.data)
    hmi_data                                 0x20000714   Data           8  hmi_task.o(.data)
    uwTickFreq                               0x2000071c   Data           1  stm32f0xx_hal.o(.data)
    uwTickPrio                               0x20000720   Data           4  stm32f0xx_hal.o(.data)
    uwTick                                   0x20000724   Data           4  stm32f0xx_hal.o(.data)
    SystemCoreClock                          0x20000728   Data           4  system_stm32f0xx.o(.data)
    RealBusVoltageSensorFilterBufferM1       0x2000072c   Data          20  mc_config.o(.bss)
    Mci                                      0x20000740   Data          28  mc_config.o(.bss)
    MCPSyncTxBuff                            0x2000075c   Data         134  mcp_config.o(.bss)
    MCPSyncRXBuff                            0x200007e2   Data         130  mcp_config.o(.bss)
    FOCVars                                  0x20000864   Data          38  mc_tasks.o(.bss)
    RCM_handle_array                         0x2000088c   Data          16  regular_conversion_manager.o(.bss)
    RCM_CB_array                             0x2000089c   Data          32  regular_conversion_manager.o(.bss)
    RCM_NoInj_array                          0x200008bc   Data          24  regular_conversion_manager.o(.bss)
    __initial_sp                             0x200010d8   Data           0  startup_stm32f072xb.o(STACK)



==============================================================================

Memory Map of the image

  Image Entry point : 0x080000c1

  Load Region LR_IROM1 (Base: 0x08000000, Size: 0x00008164, Max: 0x00020000, ABSOLUTE, COMPRESSED[0x00007bf4])

    Execution Region ER_IROM1 (Exec base: 0x08000000, Load base: 0x08000000, Size: 0x00007a38, Max: 0x00020000, ABSOLUTE)

    Exec Addr    Load Addr    Size         Type   Attr      Idx    E Section Name        Object

    0x08000000   0x08000000   0x000000c0   Data   RO            3    RESET               startup_stm32f072xb.o
    0x080000c0   0x080000c0   0x00000000   Code   RO         4872  * .ARM.Collect$$$$00000000  mc_p.l(entry.o)
    0x080000c0   0x080000c0   0x00000004   Code   RO         4887    .ARM.Collect$$$$00000001  mc_p.l(entry2.o)
    0x080000c4   0x080000c4   0x00000004   Code   RO         4890    .ARM.Collect$$$$00000004  mc_p.l(entry5.o)
    0x080000c8   0x080000c8   0x00000000   Code   RO         4892    .ARM.Collect$$$$00000008  mc_p.l(entry7b.o)
    0x080000c8   0x080000c8   0x00000000   Code   RO         4894    .ARM.Collect$$$$0000000A  mc_p.l(entry8b.o)
    0x080000c8   0x080000c8   0x00000008   Code   RO         4895    .ARM.Collect$$$$0000000B  mc_p.l(entry9a.o)
    0x080000d0   0x080000d0   0x00000004   Code   RO         4902    .ARM.Collect$$$$0000000E  mc_p.l(entry12b.o)
    0x080000d4   0x080000d4   0x00000000   Code   RO         4897    .ARM.Collect$$$$0000000F  mc_p.l(entry10a.o)
    0x080000d4   0x080000d4   0x00000000   Code   RO         4899    .ARM.Collect$$$$00000011  mc_p.l(entry11a.o)
    0x080000d4   0x080000d4   0x00000004   Code   RO         4888    .ARM.Collect$$$$00002712  mc_p.l(entry2.o)
    0x080000d8   0x080000d8   0x0000001c   Code   RO            4    .text               startup_stm32f072xb.o
    0x080000f4   0x080000f4   0x000003e8   Code   RO         4856    .text               libmc-keil_M0.lib(revup_ctrl.o)
    0x080004dc   0x080004dc   0x000005d0   Code   RO         4862    .text               libmc-keil_M0.lib(sto_pll_speed_pos_fdbk.o)
    0x08000aac   0x08000aac   0x0000013e   Code   RO         4868    .text               libmc-keil_M0.lib(fast_div.o)
    0x08000bea   0x08000bea   0x0000002c   Code   RO         4875    .text               mc_p.l(uidiv.o)
    0x08000c16   0x08000c16   0x00000028   Code   RO         4877    .text               mc_p.l(idiv.o)
    0x08000c3e   0x08000c3e   0x00000024   Code   RO         4883    .text               mc_p.l(memcpya.o)
    0x08000c62   0x08000c62   0x00000002   PAD
    0x08000c64   0x08000c64   0x00000024   Code   RO         4905    .text               mc_p.l(init.o)
    0x08000c88   0x08000c88   0x00000056   Code   RO         4915    .text               mc_p.l(__dczerorl2.o)
    0x08000cde   0x08000cde   0x0000006c   Code   RO         1554    i.ASPEP_CheckBeacon  aspep.o
    0x08000d4a   0x08000d4a   0x00000018   Code   RO         1557    i.ASPEP_HWDMAReset  aspep.o
    0x08000d62   0x08000d62   0x00000002   PAD
    0x08000d64   0x08000d64   0x00000088   Code   RO         1558    i.ASPEP_HWDataReceivedIT  aspep.o
    0x08000dec   0x08000dec   0x00000050   Code   RO         1559    i.ASPEP_HWDataTransmittedIT  aspep.o
    0x08000e3c   0x08000e3c   0x000001a8   Code   RO         1560    i.ASPEP_RXframeProcess  aspep.o
    0x08000fe4   0x08000fe4   0x00000094   Code   RO         1561    i.ASPEP_TXframeProcess  aspep.o
    0x08001078   0x08001078   0x00000026   Code   RO         1562    i.ASPEP_getBuffer   aspep.o
    0x0800109e   0x0800109e   0x0000004e   Code   RO         1565    i.ASPEP_sendPacket  aspep.o
    0x080010ec   0x080010ec   0x00000024   Code   RO         1567    i.ASPEP_start       aspep.o
    0x08001110   0x08001110   0x00000068   Code   RO         3844    i.Circle_Limitation  circle_limitation.o
    0x08001178   0x08001178   0x00000014   Code   RO         1320    i.DMA1_Channel1_IRQHandler  stm32f0xx_mc_it.o
    0x0800118c   0x0800118c   0x00000024   Code   RO         1321    i.DMA1_Channel2_3_IRQHandler  stm32f0xx_mc_it.o
    0x080011b0   0x080011b0   0x00000018   Code   RO         1322    i.DMA1_Channel4_5_6_7_IRQHandler  stm32f0xx_mc_it.o
    0x080011c8   0x080011c8   0x00000030   Code   RO         1702    i.Delay_US          hmi_task.o
    0x080011f8   0x080011f8   0x0000007c   Code   RO         1651    i.EXTI4_15_IRQHandler  stm32f0xx_it.o
    0x08001274   0x08001274   0x0000002e   Code   RO         4700    i.F0XX_BRK_IRQHandler  r3_f0xx_pwm_curr_fdbk.o
    0x080012a2   0x080012a2   0x00000002   PAD
    0x080012a4   0x080012a4   0x0000002c   Code   RO          614    i.FOC_CalcCurrRef   mc_tasks.o
    0x080012d0   0x080012d0   0x00000064   Code   RO          615    i.FOC_Clear         mc_tasks.o
    0x08001334   0x08001334   0x00000002   Code   RO          616    i.FOC_InitAdditionalMethods  mc_tasks.o
    0x08001336   0x08001336   0x00000002   PAD
    0x08001338   0x08001338   0x00000024   Code   RO         2375    i.HAL_Delay         stm32f0xx_hal.o
    0x0800135c   0x0800135c   0x0000000c   Code   RO         2379    i.HAL_GetTick       stm32f0xx_hal.o
    0x08001368   0x08001368   0x00000010   Code   RO         2385    i.HAL_IncTick       stm32f0xx_hal.o
    0x08001378   0x08001378   0x00000020   Code   RO         2386    i.HAL_Init          stm32f0xx_hal.o
    0x08001398   0x08001398   0x00000044   Code   RO         2387    i.HAL_InitTick      stm32f0xx_hal.o
    0x080013dc   0x080013dc   0x00000028   Code   RO         1681    i.HAL_MspInit       stm32f0xx_hal_msp.o
    0x08001404   0x08001404   0x00000044   Code   RO         3150    i.HAL_NVIC_SetPriority  stm32f0xx_hal_cortex.o
    0x08001448   0x08001448   0x0000000c   Code   RO         2197    i.HAL_RCC_GetHCLKFreq  stm32f0xx_hal_rcc.o
    0x08001454   0x08001454   0x00000002   Code   RO         3153    i.HAL_SYSTICK_Callback  stm32f0xx_hal_cortex.o
    0x08001456   0x08001456   0x00000002   PAD
    0x08001458   0x08001458   0x0000003c   Code   RO         3154    i.HAL_SYSTICK_Config  stm32f0xx_hal_cortex.o
    0x08001494   0x08001494   0x00000008   Code   RO         3155    i.HAL_SYSTICK_IRQHandler  stm32f0xx_hal_cortex.o
    0x0800149c   0x0800149c   0x0000001a   Code   RO         1705    i.HMI_Init          hmi_task.o
    0x080014b6   0x080014b6   0x00000002   PAD
    0x080014b8   0x080014b8   0x000000b4   Code   RO         1706    i.HMI_Main_page     hmi_task.o
    0x0800156c   0x0800156c   0x0000003a   Code   RO         1707    i.HMI_NextState     hmi_task.o
    0x080015a6   0x080015a6   0x00000002   PAD
    0x080015a8   0x080015a8   0x0000001c   Code   RO         1708    i.HMI_Scheduler     hmi_task.o
    0x080015c4   0x080015c4   0x00000198   Code   RO         1709    i.HMI_Task          hmi_task.o
    0x0800175c   0x0800175c   0x00000006   Code   RO         1323    i.HardFault_Handler  stm32f0xx_mc_it.o
    0x08001762   0x08001762   0x00000002   PAD
    0x08001764   0x08001764   0x0000003c   Code   RO         1784    i.LCD_DrawPoint     uc1705.o
    0x080017a0   0x080017a0   0x000000dc   Code   RO         1785    i.LCD_Init          uc1705.o
    0x0800187c   0x0800187c   0x00000088   Code   RO         1710    i.LCD_RefreshData   hmi_task.o
    0x08001904   0x08001904   0x00000074   Code   RO         1786    i.LCD_RefreshGram   uc1705.o
    0x08001978   0x08001978   0x000000d4   Code   RO         1787    i.LCD_ShowChar      uc1705.o
    0x08001a4c   0x08001a4c   0x000000a6   Code   RO         1788    i.LCD_ShowLoad      uc1705.o
    0x08001af2   0x08001af2   0x000000a2   Code   RO         1789    i.LCD_ShowNum       uc1705.o
    0x08001b94   0x08001b94   0x0000008c   Code   RO         1791    i.LCD_ShowString    uc1705.o
    0x08001c20   0x08001c20   0x000000a0   Code   RO         1792    i.LCD_Show_Logo     uc1705.o
    0x08001cc0   0x08001cc0   0x00000040   Code   RO         1793    i.LCD_W_CMD         uc1705.o
    0x08001d00   0x08001d00   0x0000003c   Code   RO         1921    i.LL_ADC_Init       stm32f0xx_ll_adc.o
    0x08001d3c   0x08001d3c   0x00000038   Code   RO         1922    i.LL_ADC_REG_Init   stm32f0xx_ll_adc.o
    0x08001d74   0x08001d74   0x000000b8   Code   RO         2157    i.LL_EXTI_Init      stm32f0xx_ll_exti.o
    0x08001e2c   0x08001e2c   0x000000b4   Code   RO         1882    i.LL_GPIO_Init      stm32f0xx_ll_gpio.o
    0x08001ee0   0x08001ee0   0x0000000c   Code   RO         2092    i.LL_SetSystemCoreClock  stm32f0xx_ll_utils.o
    0x08001eec   0x08001eec   0x0000004a   Code   RO         3627    i.LL_TIM_BDTR_Init  stm32f0xx_ll_tim.o
    0x08001f36   0x08001f36   0x00000002   PAD
    0x08001f38   0x08001f38   0x00000094   Code   RO         3636    i.LL_TIM_Init       stm32f0xx_ll_tim.o
    0x08001fcc   0x08001fcc   0x00000228   Code   RO         3637    i.LL_TIM_OC_Init    stm32f0xx_ll_tim.o
    0x080021f4   0x080021f4   0x00000014   Code   RO         1090    i.MCI_Clear_Iqdref  mc_interface.o
    0x08002208   0x08002208   0x0000000c   Code   RO         1091    i.MCI_EncoderAlign  mc_interface.o
    0x08002214   0x08002214   0x0000007a   Code   RO         1092    i.MCI_ExecBufferedCommands  mc_interface.o
    0x0800228e   0x0800228e   0x0000000e   Code   RO         1093    i.MCI_ExecSpeedRamp  mc_interface.o
    0x0800229c   0x0800229c   0x00000012   Code   RO         1094    i.MCI_ExecTorqueRamp  mc_interface.o
    0x080022ae   0x080022ae   0x0000000a   Code   RO         1095    i.MCI_FaultAcknowledged  mc_interface.o
    0x080022b8   0x080022b8   0x0000000e   Code   RO         1096    i.MCI_GetAvrgMecSpeedUnit  mc_interface.o
    0x080022c6   0x080022c6   0x00000004   Code   RO         1097    i.MCI_GetControlMode  mc_interface.o
    0x080022ca   0x080022ca   0x00000010   Code   RO         1100    i.MCI_GetIab        mc_interface.o
    0x080022da   0x080022da   0x00000010   Code   RO         1101    i.MCI_GetIalphabeta  mc_interface.o
    0x080022ea   0x080022ea   0x00000034   Code   RO         1102    i.MCI_GetImposedMotorDirection  mc_interface.o
    0x0800231e   0x0800231e   0x00000010   Code   RO         1103    i.MCI_GetIqd        mc_interface.o
    0x0800232e   0x0800232e   0x00000010   Code   RO         1105    i.MCI_GetIqdref     mc_interface.o
    0x0800233e   0x0800233e   0x00000004   Code   RO         1106    i.MCI_GetLastRampFinalDuration  mc_interface.o
    0x08002342   0x08002342   0x00000008   Code   RO         1107    i.MCI_GetLastRampFinalSpeed  mc_interface.o
    0x0800234a   0x0800234a   0x00000008   Code   RO         1108    i.MCI_GetLastRampFinalTorque  mc_interface.o
    0x08002352   0x08002352   0x0000000a   Code   RO         1109    i.MCI_GetMecSpeedRefUnit  mc_interface.o
    0x0800235c   0x0800235c   0x0000000a   Code   RO         1113    i.MCI_GetSTMState   mc_interface.o
    0x08002366   0x08002366   0x00000008   Code   RO         1115    i.MCI_GetTeref      mc_interface.o
    0x0800236e   0x0800236e   0x00000010   Code   RO         1116    i.MCI_GetValphabeta  mc_interface.o
    0x0800237e   0x0800237e   0x00000010   Code   RO         1117    i.MCI_GetVqd        mc_interface.o
    0x0800238e   0x0800238e   0x00000014   Code   RO         1118    i.MCI_Init          mc_interface.o
    0x080023a2   0x080023a2   0x00000014   Code   RO         1121    i.MCI_SetCurrentReferences  mc_interface.o
    0x080023b6   0x080023b6   0x00000016   Code   RO         1122    i.MCI_StartMotor    mc_interface.o
    0x080023cc   0x080023cc   0x0000000c   Code   RO         1123    i.MCI_StopMotor     mc_interface.o
    0x080023d8   0x080023d8   0x0000000a   Code   RO         1124    i.MCI_StopRamp      mc_interface.o
    0x080023e2   0x080023e2   0x00000002   PAD
    0x080023e4   0x080023e4   0x0000004c   Code   RO         1031    i.MCM_Clarke        mc_math.o
    0x08002430   0x08002430   0x00000080   Code   RO         1032    i.MCM_Park          mc_math.o
    0x080024b0   0x080024b0   0x00000030   Code   RO         1033    i.MCM_Rev_Park      mc_math.o
    0x080024e0   0x080024e0   0x000000a0   Code   RO         1035    i.MCM_Trig_Functions  mc_math.o
    0x08002580   0x08002580   0x00000128   Code   RO         4830    i.MCP_ReceivedPacket  mcp.o
    0x080026a8   0x080026a8   0x0000001c   Code   RO          618    i.MC_RunMotorControlTasks  mc_tasks.o
    0x080026c4   0x080026c4   0x00000078   Code   RO          619    i.MC_Scheduler      mc_tasks.o
    0x0800273c   0x0800273c   0x0000012c   Code   RO          620    i.MCboot            mc_tasks.o
    0x08002868   0x08002868   0x00000040   Code   RO         3893    i.MPM_CalcElMotorPower  motor_power_measurement.o
    0x080028a8   0x080028a8   0x0000001a   Code   RO         3894    i.MPM_Clear         motor_power_measurement.o
    0x080028c2   0x080028c2   0x00000008   Code   RO         3895    i.MPM_GetAvrgElMotorPowerW  motor_power_measurement.o
    0x080028ca   0x080028ca   0x00000002   PAD
    0x080028cc   0x080028cc   0x00000024   Code   RO          285    i.MX_MotorControl_Init  motorcontrol.o
    0x080028f0   0x080028f0   0x00000214   Code   RO           13    i.MX_TIM1_Init      main.o
    0x08002b04   0x08002b04   0x00000040   Code   RO         3931    i.NTC_CalcAvTemp    ntc_temperature_sensor.o
    0x08002b44   0x08002b44   0x00000006   Code   RO         3933    i.NTC_Clear         ntc_temperature_sensor.o
    0x08002b4a   0x08002b4a   0x00000026   Code   RO         3934    i.NTC_GetAvTemp_C   ntc_temperature_sensor.o
    0x08002b70   0x08002b70   0x00000026   Code   RO         3936    i.NTC_Init          ntc_temperature_sensor.o
    0x08002b96   0x08002b96   0x0000001a   Code   RO         3937    i.NTC_SetFaultState  ntc_temperature_sensor.o
    0x08002bb0   0x08002bb0   0x00000008   Code   RO         4037    i.PID_GetKD         pid_regulator.o
    0x08002bb8   0x08002bb8   0x00000008   Code   RO         4039    i.PID_GetKDDivisorPOW2  pid_regulator.o
    0x08002bc0   0x08002bc0   0x00000008   Code   RO         4040    i.PID_GetKI         pid_regulator.o
    0x08002bc8   0x08002bc8   0x00000004   Code   RO         4041    i.PID_GetKIDivisor  pid_regulator.o
    0x08002bcc   0x08002bcc   0x00000008   Code   RO         4042    i.PID_GetKIDivisorPOW2  pid_regulator.o
    0x08002bd4   0x08002bd4   0x00000008   Code   RO         4043    i.PID_GetKP         pid_regulator.o
    0x08002bdc   0x08002bdc   0x00000008   Code   RO         4045    i.PID_GetKPDivisorPOW2  pid_regulator.o
    0x08002be4   0x08002be4   0x00000014   Code   RO         4046    i.PID_HandleInit    pid_regulator.o
    0x08002bf8   0x08002bf8   0x00000004   Code   RO         4047    i.PID_SetIntegralTerm  pid_regulator.o
    0x08002bfc   0x08002bfc   0x00000004   Code   RO         4048    i.PID_SetKD         pid_regulator.o
    0x08002c00   0x08002c00   0x0000000a   Code   RO         4049    i.PID_SetKDDivisorPOW2  pid_regulator.o
    0x08002c0a   0x08002c0a   0x00000004   Code   RO         4050    i.PID_SetKI         pid_regulator.o
    0x08002c0e   0x08002c0e   0x00000022   Code   RO         4051    i.PID_SetKIDivisorPOW2  pid_regulator.o
    0x08002c30   0x08002c30   0x00000004   Code   RO         4052    i.PID_SetKP         pid_regulator.o
    0x08002c34   0x08002c34   0x0000000a   Code   RO         4053    i.PID_SetKPDivisorPOW2  pid_regulator.o
    0x08002c3e   0x08002c3e   0x00000004   Code   RO         4054    i.PID_SetLowerIntegralTermLimit  pid_regulator.o
    0x08002c42   0x08002c42   0x00000004   Code   RO         4057    i.PID_SetUpperIntegralTermLimit  pid_regulator.o
    0x08002c46   0x08002c46   0x00000002   PAD
    0x08002c48   0x08002c48   0x00000084   Code   RO         4059    i.PI_Controller     pid_regulator.o
    0x08002ccc   0x08002ccc   0x00000068   Code   RO         4204    i.PQD_CalcElMotorPower  pqd_motor_power_measurement.o
    0x08002d34   0x08002d34   0x00000004   Code   RO          751    i.PWMC_CheckOverCurrent  pwm_curr_fdbk.o
    0x08002d38   0x08002d38   0x00000044   Code   RO          753    i.PWMC_CurrentReadingCalibr  pwm_curr_fdbk.o
    0x08002d7c   0x08002d7c   0x00000004   Code   RO          757    i.PWMC_GetPhaseCurrents  pwm_curr_fdbk.o
    0x08002d80   0x08002d80   0x000001a4   Code   RO          776    i.PWMC_SetPhaseVoltage  pwm_curr_fdbk.o
    0x08002f24   0x08002f24   0x00000004   Code   RO          777    i.PWMC_SwitchOffPWM  pwm_curr_fdbk.o
    0x08002f28   0x08002f28   0x00000004   Code   RO          778    i.PWMC_SwitchOnPWM  pwm_curr_fdbk.o
    0x08002f2c   0x08002f2c   0x00000004   Code   RO          779    i.PWMC_TurnOnLowSides  pwm_curr_fdbk.o
    0x08002f30   0x08002f30   0x0000014c   Code   RO         4701    i.R3_1_CurrentReadingCalibration  r3_f0xx_pwm_curr_fdbk.o
    0x0800307c   0x0800307c   0x000000f8   Code   RO         4702    i.R3_1_GetPhaseCurrents  r3_f0xx_pwm_curr_fdbk.o
    0x08003174   0x08003174   0x00000050   Code   RO         4704    i.R3_1_HFCurrentsCalibrationAB  r3_f0xx_pwm_curr_fdbk.o
    0x080031c4   0x080031c4   0x00000044   Code   RO         4705    i.R3_1_HFCurrentsCalibrationC  r3_f0xx_pwm_curr_fdbk.o
    0x08003208   0x08003208   0x0000011c   Code   RO         4706    i.R3_1_Init         r3_f0xx_pwm_curr_fdbk.o
    0x08003324   0x08003324   0x00000020   Code   RO         4707    i.R3_1_IsOverCurrentOccurred  r3_f0xx_pwm_curr_fdbk.o
    0x08003344   0x08003344   0x00000020   Code   RO         4708    i.R3_1_SetADCSampPointCalibration  r3_f0xx_pwm_curr_fdbk.o
    0x08003364   0x08003364   0x0000005c   Code   RO         4709    i.R3_1_SetADCSampPointSectX  r3_f0xx_pwm_curr_fdbk.o
    0x080033c0   0x080033c0   0x000000a4   Code   RO         4711    i.R3_1_SwitchOffPWM  r3_f0xx_pwm_curr_fdbk.o
    0x08003464   0x08003464   0x00000100   Code   RO         4712    i.R3_1_SwitchOnPWM  r3_f0xx_pwm_curr_fdbk.o
    0x08003564   0x08003564   0x00000088   Code   RO         4713    i.R3_1_TIMx_UP_IRQHandler  r3_f0xx_pwm_curr_fdbk.o
    0x080035ec   0x080035ec   0x00000050   Code   RO         4714    i.R3_1_TurnOnLowSides  r3_f0xx_pwm_curr_fdbk.o
    0x0800363c   0x0800363c   0x00000034   Code   RO         4715    i.R3_1_WriteTIMRegisters  r3_f0xx_pwm_curr_fdbk.o
    0x08003670   0x08003670   0x0000008c   Code   RO          950    i.RCM_ExecNextConv  regular_conversion_manager.o
    0x080036fc   0x080036fc   0x00000130   Code   RO          951    i.RCM_ExecRegularConv  regular_conversion_manager.o
    0x0800382c   0x0800382c   0x0000004c   Code   RO          952    i.RCM_ExecUserConv  regular_conversion_manager.o
    0x08003878   0x08003878   0x00000050   Code   RO          956    i.RCM_ReadOngoingConv  regular_conversion_manager.o
    0x080038c8   0x080038c8   0x00000090   Code   RO          957    i.RCM_RegisterRegConv  regular_conversion_manager.o
    0x08003958   0x08003958   0x0000002a   Code   RO         4300    i.REMNG_Calc        ramp_ext_mngr.o
    0x08003982   0x08003982   0x0000008e   Code   RO         4301    i.REMNG_ExecRamp    ramp_ext_mngr.o
    0x08003a10   0x08003a10   0x00000018   Code   RO         4303    i.REMNG_Init        ramp_ext_mngr.o
    0x08003a28   0x08003a28   0x0000000e   Code   RO         4304    i.REMNG_RampCompleted  ramp_ext_mngr.o
    0x08003a36   0x08003a36   0x00000002   PAD
    0x08003a38   0x08003a38   0x000005dc   Code   RO         1408    i.RI_GetReg         register_interface.o
    0x08004014   0x08004014   0x00000052   Code   RO         1409    i.RI_GetRegCommandParser  register_interface.o
    0x08004066   0x08004066   0x00000002   PAD
    0x08004068   0x08004068   0x000005c0   Code   RO         1410    i.RI_SetRegCommandParser  register_interface.o
    0x08004628   0x08004628   0x00000064   Code   RO         4256    i.RVBS_CalcAvVbus   r_divider_bus_voltage_sensor.o
    0x0800468c   0x0800468c   0x0000001a   Code   RO         4258    i.RVBS_CheckFaultState  r_divider_bus_voltage_sensor.o
    0x080046a6   0x080046a6   0x00000030   Code   RO         4259    i.RVBS_Clear        r_divider_bus_voltage_sensor.o
    0x080046d6   0x080046d6   0x00000016   Code   RO         4260    i.RVBS_Init         r_divider_bus_voltage_sensor.o
    0x080046ec   0x080046ec   0x00000008   Code   RO         4357    i.SPD_GetAvrgMecSpeedUnit  speed_pos_fdbk.o
    0x080046f4   0x080046f4   0x00000008   Code   RO         4358    i.SPD_GetElAngle    speed_pos_fdbk.o
    0x080046fc   0x080046fc   0x00000008   Code   RO         4361    i.SPD_GetInstElSpeedDpp  speed_pos_fdbk.o
    0x08004704   0x08004704   0x00000018   Code   RO         4363    i.SPD_GetS16Speed   speed_pos_fdbk.o
    0x0800471c   0x0800471c   0x00000060   Code   RO         4364    i.SPD_IsMecSpeedReliable  speed_pos_fdbk.o
    0x0800477c   0x0800477c   0x0000005a   Code   RO         4430    i.STC_CalcTorqueReference  speed_torq_ctrl.o
    0x080047d6   0x080047d6   0x00000014   Code   RO         4431    i.STC_Clear         speed_torq_ctrl.o
    0x080047ea   0x080047ea   0x0000009e   Code   RO         4432    i.STC_ExecRamp      speed_torq_ctrl.o
    0x08004888   0x08004888   0x00000010   Code   RO         4433    i.STC_ForceSpeedReferenceToCurrentSpeed  speed_torq_ctrl.o
    0x08004898   0x08004898   0x0000000e   Code   RO         4435    i.STC_GetDefaultIqdref  speed_torq_ctrl.o
    0x080048a6   0x080048a6   0x0000000c   Code   RO         4437    i.STC_GetMecSpeedRefUnit  speed_torq_ctrl.o
    0x080048b2   0x080048b2   0x00000008   Code   RO         4438    i.STC_GetMecSpeedRefUnitDefault  speed_torq_ctrl.o
    0x080048ba   0x080048ba   0x00000004   Code   RO         4440    i.STC_GetSpeedSensor  speed_torq_ctrl.o
    0x080048be   0x080048be   0x0000000c   Code   RO         4441    i.STC_GetTorqueRef  speed_torq_ctrl.o
    0x080048ca   0x080048ca   0x00000020   Code   RO         4442    i.STC_Init          speed_torq_ctrl.o
    0x080048ea   0x080048ea   0x00000008   Code   RO         4444    i.STC_SetControlMode  speed_torq_ctrl.o
    0x080048f2   0x080048f2   0x00000004   Code   RO         4446    i.STC_SetSpeedSensor  speed_torq_ctrl.o
    0x080048f6   0x080048f6   0x00000008   Code   RO         4447    i.STC_StopRamp      speed_torq_ctrl.o
    0x080048fe   0x080048fe   0x00000016   Code   RO         4558    i.STM_FaultAcknowledged  state_machine.o
    0x08004914   0x08004914   0x00000032   Code   RO         4559    i.STM_FaultProcessing  state_machine.o
    0x08004946   0x08004946   0x0000000a   Code   RO         4560    i.STM_GetFaultState  state_machine.o
    0x08004950   0x08004950   0x00000004   Code   RO         4561    i.STM_GetState      state_machine.o
    0x08004954   0x08004954   0x0000000a   Code   RO         4562    i.STM_Init          state_machine.o
    0x0800495e   0x0800495e   0x00000110   Code   RO         4563    i.STM_NextState     state_machine.o
    0x08004a6e   0x08004a6e   0x00000002   PAD
    0x08004a70   0x08004a70   0x00000028   Code   RO         1324    i.SysTick_Handler   stm32f0xx_mc_it.o
    0x08004a98   0x08004a98   0x000000d4   Code   RO           14    i.SystemClock_Config  main.o
    0x08004b6c   0x08004b6c   0x00000002   Code   RO         3773    i.SystemInit        system_stm32f0xx.o
    0x08004b6e   0x08004b6e   0x00000002   PAD
    0x08004b70   0x08004b70   0x0000004c   Code   RO         1325    i.TIM1_BRK_UP_TRG_COM_IRQHandler  stm32f0xx_mc_it.o
    0x08004bbc   0x08004bbc   0x00000014   Code   RO          621    i.TSK_ChargeBootCapDelayHasElapsedM1  mc_tasks.o
    0x08004bd0   0x08004bd0   0x00000020   Code   RO          622    i.TSK_HardwareFaultTask  mc_tasks.o
    0x08004bf0   0x08004bf0   0x0000018c   Code   RO          623    i.TSK_HighFrequencyTask  mc_tasks.o
    0x08004d7c   0x08004d7c   0x000002a8   Code   RO          624    i.TSK_MediumFrequencyTaskM1  mc_tasks.o
    0x08005024   0x08005024   0x0000001c   Code   RO          625    i.TSK_SafetyTask    mc_tasks.o
    0x08005040   0x08005040   0x00000098   Code   RO          626    i.TSK_SafetyTask_PWMOFF  mc_tasks.o
    0x080050d8   0x080050d8   0x0000000c   Code   RO          627    i.TSK_SetChargeBootCapDelayM1  mc_tasks.o
    0x080050e4   0x080050e4   0x0000000c   Code   RO          628    i.TSK_SetStopPermanencyTimeM1  mc_tasks.o
    0x080050f0   0x080050f0   0x00000014   Code   RO          629    i.TSK_StopPermanencyTimeHasElapsedM1  mc_tasks.o
    0x08005104   0x08005104   0x00000010   Code   RO         1468    i.UASPEP_IDLE_ENABLE  usart_aspep_driver.o
    0x08005114   0x08005114   0x00000074   Code   RO         1469    i.UASPEP_INIT       usart_aspep_driver.o
    0x08005188   0x08005188   0x00000054   Code   RO         1470    i.UASPEP_RECEIVE_BUFFER  usart_aspep_driver.o
    0x080051dc   0x080051dc   0x00000054   Code   RO         1471    i.UASPEP_SEND_PACKET  usart_aspep_driver.o
    0x08005230   0x08005230   0x00000078   Code   RO         1326    i.USART1_IRQHandler  stm32f0xx_mc_it.o
    0x080052a8   0x080052a8   0x0000000a   Code   RO         3807    i.VBS_GetAvBusVoltage_V  bus_voltage_sensor.o
    0x080052b2   0x080052b2   0x00000004   Code   RO         3808    i.VBS_GetAvBusVoltage_d  bus_voltage_sensor.o
    0x080052b6   0x080052b6   0x00000084   Code   RO         4608    i.VSS_CalcAvrgMecSpeedUnit  virtual_speed_sensor.o
    0x0800533a   0x0800533a   0x000000b4   Code   RO         4609    i.VSS_CalcElAngle   virtual_speed_sensor.o
    0x080053ee   0x080053ee   0x00000046   Code   RO         4610    i.VSS_Clear         virtual_speed_sensor.o
    0x08005434   0x08005434   0x00000012   Code   RO         4612    i.VSS_Init          virtual_speed_sensor.o
    0x08005446   0x08005446   0x00000008   Code   RO         4615    i.VSS_SetCopyObserver  virtual_speed_sensor.o
    0x0800544e   0x0800544e   0x00000080   Code   RO         4617    i.VSS_SetMecAcceleration  virtual_speed_sensor.o
    0x080054ce   0x080054ce   0x00000016   Code   RO         4618    i.VSS_SetMecAngle   virtual_speed_sensor.o
    0x080054e4   0x080054e4   0x00000024   Code   RO         4619    i.VSS_SetStartTransition  virtual_speed_sensor.o
    0x08005508   0x08005508   0x00000006   Code   RO         4620    i.VSS_TransitionEnded  virtual_speed_sensor.o
    0x0800550e   0x0800550e   0x0000000e   Code   RO         4909    i.__scatterload_copy  mc_p.l(handlers.o)
    0x0800551c   0x0800551c   0x00000002   Code   RO         4910    i.__scatterload_null  mc_p.l(handlers.o)
    0x0800551e   0x0800551e   0x0000000e   Code   RO         4911    i.__scatterload_zeroinit  mc_p.l(handlers.o)
    0x0800552c   0x0800552c   0x0000002a   Code   RO         4306    i.getScalingFactor  ramp_ext_mngr.o
    0x08005556   0x08005556   0x00000002   PAD
    0x08005558   0x08005558   0x000002fc   Code   RO           15    i.main              main.o
    0x08005854   0x08005854   0x00000090   Code   RO          630    i.mc_lock_pins      mc_tasks.o
    0x080058e4   0x080058e4   0x00000040   Code   RO         4225    i.waitForPolarizationEnd  pwm_common.o
    0x08005924   0x08005924   0x00000015   Data   RO           16    .constdata          main.o
    0x08005939   0x08005939   0x00000003   PAD
    0x0800593c   0x0800593c   0x00000002   Data   RO          632    .constdata          mc_tasks.o
    0x0800593e   0x0800593e   0x00000200   Data   RO         1037    .constdata          mc_math.o
    0x08005b3e   0x08005b3e   0x00000007   Data   RO         1327    .constdata          stm32f0xx_mc_it.o
    0x08005b45   0x08005b45   0x00000003   PAD
    0x08005b48   0x08005b48   0x0000007c   Data   RO         1388    .constdata          mc_parameters.o
    0x08005bc4   0x08005bc4   0x00000007   Data   RO         1472    .constdata          usart_aspep_driver.o
    0x08005bcb   0x08005bcb   0x00000010   Data   RO         1523    .constdata          mc_configuration_registers.o
    0x08005bdb   0x08005bdb   0x00000011   Data   RO         1524    .constdata          mc_configuration_registers.o
    0x08005bec   0x08005bec   0x00000018   Data   RO         1525    .constdata          mc_configuration_registers.o
    0x08005c04   0x08005c04   0x0000000a   Data   RO         1526    .constdata          mc_configuration_registers.o
    0x08005c0e   0x08005c0e   0x0000000e   Data   RO         1527    .constdata          mc_configuration_registers.o
    0x08005c1c   0x08005c1c   0x0000003c   Data   RO         1528    .constdata          mc_configuration_registers.o
    0x08005c58   0x08005c58   0x0000000c   Data   RO         1529    .constdata          mc_configuration_registers.o
    0x08005c64   0x08005c64   0x00000110   Data   RO         1568    .constdata          aspep.o
    0x08005d74   0x08005d74   0x0000148a   Data   RO         1797    .constdata          uc1705.o
    0x080071fe   0x080071fe   0x00000802   Data   RO         3845    .constdata          circle_limitation.o
    0x08007a00   0x08007a00   0x00000015   Data   RO         4716    .constdata          r3_f0xx_pwm_curr_fdbk.o
    0x08007a15   0x08007a15   0x00000003   PAD
    0x08007a18   0x08007a18   0x00000020   Data   RO         4907    Region$$Table       anon$$obj.o


    Execution Region RW_IRAM1 (Exec base: 0x20000000, Load base: 0x08007a38, Size: 0x000010d8, Max: 0x00004000, ABSOLUTE, COMPRESSED[0x000001bc])

    Exec Addr    Load Addr    Size         Type   Attr      Idx    E Section Name        Object

    0x20000000   COMPRESSED   0x00000004   Data   RW          286    .data               motorcontrol.o
    0x20000004   COMPRESSED   0x00000114   Data   RW          532    .data               mc_config.o
    0x20000118   COMPRESSED   0x0000002c   Data   RW          533    .data               mc_config.o
    0x20000144   COMPRESSED   0x0000002c   Data   RW          534    .data               mc_config.o
    0x20000170   COMPRESSED   0x0000002c   Data   RW          535    .data               mc_config.o
    0x2000019c   COMPRESSED   0x00000034   Data   RW          536    .data               mc_config.o
    0x200001d0   COMPRESSED   0x00000078   Data   RW          537    .data               mc_config.o
    0x20000248   COMPRESSED   0x000000d0   Data   RW          538    .data               mc_config.o
    0x20000318   COMPRESSED   0x00000078   Data   RW          539    .data               mc_config.o
    0x20000390   COMPRESSED   0x00000128   Data   RW          540    .data               mc_config.o
    0x200004b8   COMPRESSED   0x00000014   Data   RW          542    .data               mc_config.o
    0x200004cc   COMPRESSED   0x00000028   Data   RW          543    .data               mc_config.o
    0x200004f4   COMPRESSED   0x00000028   Data   RW          544    .data               mc_config.o
    0x2000051c   COMPRESSED   0x00000058   Data   RW          545    .data               mc_config.o
    0x20000574   COMPRESSED   0x000000b4   Data   RW          546    .data               mc_config.o
    0x20000628   COMPRESSED   0x00000004   Data   RW          547    .data               mc_config.o
    0x2000062c   COMPRESSED   0x00000004   Data   RW          548    .data               mc_config.o
    0x20000630   COMPRESSED   0x00000004   Data   RW          549    .data               mc_config.o
    0x20000634   COMPRESSED   0x00000004   Data   RW          550    .data               mc_config.o
    0x20000638   COMPRESSED   0x00000004   Data   RW          551    .data               mc_config.o
    0x2000063c   COMPRESSED   0x00000006   Data   RW          552    .data               mc_config.o
    0x20000642   COMPRESSED   0x00000002   PAD
    0x20000644   COMPRESSED   0x00000014   Data   RW          579    .data               mcp_config.o
    0x20000658   COMPRESSED   0x00000054   Data   RW          580    .data               mcp_config.o
    0x200006ac   COMPRESSED   0x00000010   Data   RW          581    .data               mcp_config.o
    0x200006bc   COMPRESSED   0x00000008   Data   RW          582    .data               mcp_config.o
    0x200006c4   COMPRESSED   0x00000014   Data   RW          633    .data               mc_tasks.o
    0x200006d8   COMPRESSED   0x00000006   Data   RW          961    .data               regular_conversion_manager.o
    0x200006de   COMPRESSED   0x00000001   Data   RW         1328    .data               stm32f0xx_mc_it.o
    0x200006df   COMPRESSED   0x00000001   PAD
    0x200006e0   COMPRESSED   0x00000014   Data   RW         1411    .data               register_interface.o
    0x200006f4   COMPRESSED   0x00000004   Data   RW         1530    .data               mc_configuration_registers.o
    0x200006f8   COMPRESSED   0x00000004   Data   RW         1531    .data               mc_configuration_registers.o
    0x200006fc   COMPRESSED   0x00000004   Data   RW         1532    .data               mc_configuration_registers.o
    0x20000700   COMPRESSED   0x00000004   Data   RW         1533    .data               mc_configuration_registers.o
    0x20000704   COMPRESSED   0x00000001   Data   RW         1652    .data               stm32f0xx_it.o
    0x20000705   COMPRESSED   0x00000003   PAD
    0x20000708   COMPRESSED   0x00000014   Data   RW         1711    .data               hmi_task.o
    0x2000071c   COMPRESSED   0x0000000c   Data   RW         2393    .data               stm32f0xx_hal.o
    0x20000728   COMPRESSED   0x00000004   Data   RW         3776    .data               system_stm32f0xx.o
    0x2000072c        -       0x00000014   Zero   RW          530    .bss                mc_config.o
    0x20000740        -       0x0000001c   Zero   RW          531    .bss                mc_config.o
    0x2000075c        -       0x00000086   Zero   RW          577    .bss                mcp_config.o
    0x200007e2        -       0x00000082   Zero   RW          578    .bss                mcp_config.o
    0x20000864        -       0x00000026   Zero   RW          631    .bss                mc_tasks.o
    0x2000088a   COMPRESSED   0x00000002   PAD
    0x2000088c        -       0x00000048   Zero   RW          960    .bss                regular_conversion_manager.o
    0x200008d4        -       0x00000400   Zero   RW         1796    .bss                uc1705.o
    0x20000cd4   COMPRESSED   0x00000004   PAD
    0x20000cd8        -       0x00000400   Zero   RW            1    STACK               startup_stm32f072xb.o


==============================================================================

Image component sizes


      Code (inc. data)   RO Data    RW Data    ZI Data      Debug   Object Name

      1072         12        272          0          0       8858   aspep.o
        14          0          0          0          0       1660   bus_voltage_sensor.o
       104          4       2050          0          0       1932   circle_limitation.o
       884         96          0         20          0       5929   hmi_task.o
      1508         90         21          0          0     565789   main.o
         0          0          0       1598         48       1891   mc_config.o
         0          0        153         16          0       3621   mc_configuration_registers.o
       494          0          0          0          0      14331   mc_interface.o
       412         34        512          0          0       6109   mc_math.o
         0          0        124          0          0        246   mc_parameters.o
      2090        342          2         20         38      17187   mc_tasks.o
       296         18          0          0          0       1701   mcp.o
         0          0          0        128        264       5774   mcp_config.o
        98          0          0          0          0       2490   motor_power_measurement.o
        36          6          0          4          0       1070   motorcontrol.o
       172          4          0          0          0       3762   ntc_temperature_sensor.o
       282         10          0          0          0      11796   pid_regulator.o
       104          0          0          0          0       1219   pqd_motor_power_measurement.o
        64          0          0          0          0       1369   pwm_common.o
       508          0          0          0          0       5202   pwm_curr_fdbk.o
      1902        170         21          0          0      98679   r3_f0xx_pwm_curr_fdbk.o
       196          6          0          0          0       3498   r_divider_bus_voltage_sensor.o
       264          0          0          0          0       4400   ramp_ext_mngr.o
      3054        224          0         20          0      10873   register_interface.o
       744         84          0          6         72      28549   regular_conversion_manager.o
       144          0          0          0          0       3934   speed_pos_fdbk.o
       386          0          0          0          0       9193   speed_torq_ctrl.o
        28          8        192          0       1024        644   startup_stm32f072xb.o
       368         22          0          0          0       4768   state_machine.o
       164         30          0         12          0       8633   stm32f0xx_hal.o
       138         22          0          0          0      10500   stm32f0xx_hal_cortex.o
        40          4          0          0          0        846   stm32f0xx_hal_msp.o
        12          6          0          0          0       1278   stm32f0xx_hal_rcc.o
       124         16          0          1          0       3810   stm32f0xx_it.o
       116         12          0          0          0      26828   stm32f0xx_ll_adc.o
       184          6          0          0          0       5323   stm32f0xx_ll_exti.o
       180          0          0          0          0       6811   stm32f0xx_ll_gpio.o
       774         40          0          0          0      33142   stm32f0xx_ll_tim.o
        12          6          0          0          0       4847   stm32f0xx_ll_utils.o
       322         50          7          1          0      33844   stm32f0xx_mc_it.o
         2          0          0          4          0       1139   system_stm32f0xx.o
      1300         52       5258          0       1024      14721   uc1705.o
       300         14          7          0          0      33022   usart_aspep_driver.o
       600          0          0          0          0       7272   virtual_speed_sensor.o

    ----------------------------------------------------------------------
     19524       1388       8660       1836       2476    1018490   Object Totals
         0          0         32          0          0          0   (incl. Generated)
        32          0          9          6          6          0   (incl. Padding)

    ----------------------------------------------------------------------

      Code (inc. data)   RO Data    RW Data    ZI Data      Debug   Library Member Name

       318          0          0          0          0        112   fast_div.o
      1000          0          0          0          0        520   revup_ctrl.o
      1488          8          0          0          0        636   sto_pll_speed_pos_fdbk.o
        86          0          0          0          0          0   __dczerorl2.o
         0          0          0          0          0          0   entry.o
         0          0          0          0          0          0   entry10a.o
         0          0          0          0          0          0   entry11a.o
         4          0          0          0          0          0   entry12b.o
         8          4          0          0          0          0   entry2.o
         4          0          0          0          0          0   entry5.o
         0          0          0          0          0          0   entry7b.o
         0          0          0          0          0          0   entry8b.o
         8          4          0          0          0          0   entry9a.o
        30          0          0          0          0          0   handlers.o
        40          0          0          0          0         72   idiv.o
        36          8          0          0          0         68   init.o
        36          0          0          0          0         60   memcpya.o
        44          0          0          0          0         72   uidiv.o

    ----------------------------------------------------------------------
      3104         24          0          0          0       1540   Library Totals
         2          0          0          0          0          0   (incl. Padding)

    ----------------------------------------------------------------------

      Code (inc. data)   RO Data    RW Data    ZI Data      Debug   Library Name

      2806          8          0          0          0       1268   libmc-keil_M0.lib
       296         16          0          0          0        272   mc_p.l

    ----------------------------------------------------------------------
      3104         24          0          0          0       1540   Library Totals

    ----------------------------------------------------------------------

==============================================================================


      Code (inc. data)   RO Data    RW Data    ZI Data      Debug   

     22628       1412       8660       1836       2476    1010926   Grand Totals
     22628       1412       8660        444       2476    1010926   ELF Image Totals (compressed)
     22628       1412       8660        444          0          0   ROM Totals

==============================================================================

    Total RO  Size (Code + RO Data)                31288 (  30.55kB)
    Total RW  Size (RW Data + ZI Data)              4312 (   4.21kB)
    Total ROM Size (Code + RO Data + RW Data)      31732 (  30.99kB)

==============================================================================

